Component: ARM Compiler 5.06 update 7 (build 960) Tool: armlink [4d3601]

==============================================================================

Section Cross References

    system_stm32f10x.o(i.SetSysClock) refers to system_stm32f10x.o(i.SetSysClockTo72) for SetSysClockTo72
    system_stm32f10x.o(i.SystemCoreClockUpdate) refers to system_stm32f10x.o(.data) for SystemCoreClock
    system_stm32f10x.o(i.SystemInit) refers to system_stm32f10x.o(i.SetSysClock) for SetSysClock
    startup_stm32f10x_hd.o(RESET) refers to startup_stm32f10x_hd.o(STACK) for __initial_sp
    startup_stm32f10x_hd.o(RESET) refers to startup_stm32f10x_hd.o(.text) for Reset_Handler
    startup_stm32f10x_hd.o(RESET) refers to stm32f10x_it.o(i.NMI_Handler) for NMI_Handler
    startup_stm32f10x_hd.o(RESET) refers to context_rvds.o(.text) for HardFault_Handler
    startup_stm32f10x_hd.o(RESET) refers to stm32f10x_it.o(i.MemManage_Handler) for MemManage_Handler
    startup_stm32f10x_hd.o(RESET) refers to stm32f10x_it.o(i.BusFault_Handler) for BusFault_Handler
    startup_stm32f10x_hd.o(RESET) refers to stm32f10x_it.o(i.UsageFault_Handler) for UsageFault_Handler
    startup_stm32f10x_hd.o(RESET) refers to stm32f10x_it.o(i.SVC_Handler) for SVC_Handler
    startup_stm32f10x_hd.o(RESET) refers to stm32f10x_it.o(i.DebugMon_Handler) for DebugMon_Handler
    startup_stm32f10x_hd.o(RESET) refers to board.o(i.SysTick_Handler) for SysTick_Handler
    startup_stm32f10x_hd.o(RESET) refers to ov7725_entrance.o(i.EXTI9_5_IRQHandler) for EXTI9_5_IRQHandler
    startup_stm32f10x_hd.o(RESET) refers to esp8266.o(i.USART3_IRQHandler) for USART3_IRQHandler
    startup_stm32f10x_hd.o(RESET) refers to ov7725_exit.o(i.EXTI15_10_IRQHandler) for EXTI15_10_IRQHandler
    startup_stm32f10x_hd.o(.text) refers to system_stm32f10x.o(i.SystemInit) for SystemInit
    startup_stm32f10x_hd.o(.text) refers to entry.o(.ARM.Collect$$$$00000000) for __main
    stm32f10x_adc.o(i.ADC_DeInit) refers to stm32f10x_rcc.o(i.RCC_APB2PeriphResetCmd) for RCC_APB2PeriphResetCmd
    stm32f10x_bkp.o(i.BKP_DeInit) refers to stm32f10x_rcc.o(i.RCC_BackupResetCmd) for RCC_BackupResetCmd
    stm32f10x_can.o(i.CAN_DeInit) refers to stm32f10x_rcc.o(i.RCC_APB1PeriphResetCmd) for RCC_APB1PeriphResetCmd
    stm32f10x_can.o(i.CAN_GetITStatus) refers to stm32f10x_can.o(i.CheckITStatus) for CheckITStatus
    stm32f10x_cec.o(i.CEC_DeInit) refers to stm32f10x_rcc.o(i.RCC_APB1PeriphResetCmd) for RCC_APB1PeriphResetCmd
    stm32f10x_dac.o(i.DAC_DeInit) refers to stm32f10x_rcc.o(i.RCC_APB1PeriphResetCmd) for RCC_APB1PeriphResetCmd
    stm32f10x_flash.o(i.FLASH_EnableWriteProtection) refers to stm32f10x_flash.o(i.FLASH_WaitForLastOperation) for FLASH_WaitForLastOperation
    stm32f10x_flash.o(i.FLASH_EraseAllBank1Pages) refers to stm32f10x_flash.o(i.FLASH_WaitForLastBank1Operation) for FLASH_WaitForLastBank1Operation
    stm32f10x_flash.o(i.FLASH_EraseAllPages) refers to stm32f10x_flash.o(i.FLASH_WaitForLastOperation) for FLASH_WaitForLastOperation
    stm32f10x_flash.o(i.FLASH_EraseOptionBytes) refers to stm32f10x_flash.o(i.FLASH_GetReadOutProtectionStatus) for FLASH_GetReadOutProtectionStatus
    stm32f10x_flash.o(i.FLASH_EraseOptionBytes) refers to stm32f10x_flash.o(i.FLASH_WaitForLastOperation) for FLASH_WaitForLastOperation
    stm32f10x_flash.o(i.FLASH_ErasePage) refers to stm32f10x_flash.o(i.FLASH_WaitForLastOperation) for FLASH_WaitForLastOperation
    stm32f10x_flash.o(i.FLASH_ProgramHalfWord) refers to stm32f10x_flash.o(i.FLASH_WaitForLastOperation) for FLASH_WaitForLastOperation
    stm32f10x_flash.o(i.FLASH_ProgramOptionByteData) refers to stm32f10x_flash.o(i.FLASH_WaitForLastOperation) for FLASH_WaitForLastOperation
    stm32f10x_flash.o(i.FLASH_ProgramWord) refers to stm32f10x_flash.o(i.FLASH_WaitForLastOperation) for FLASH_WaitForLastOperation
    stm32f10x_flash.o(i.FLASH_ReadOutProtection) refers to stm32f10x_flash.o(i.FLASH_WaitForLastOperation) for FLASH_WaitForLastOperation
    stm32f10x_flash.o(i.FLASH_UserOptionByteConfig) refers to stm32f10x_flash.o(i.FLASH_WaitForLastOperation) for FLASH_WaitForLastOperation
    stm32f10x_flash.o(i.FLASH_WaitForLastBank1Operation) refers to stm32f10x_flash.o(i.FLASH_GetBank1Status) for FLASH_GetBank1Status
    stm32f10x_flash.o(i.FLASH_WaitForLastOperation) refers to stm32f10x_flash.o(i.FLASH_GetBank1Status) for FLASH_GetBank1Status
    stm32f10x_gpio.o(i.GPIO_AFIODeInit) refers to stm32f10x_rcc.o(i.RCC_APB2PeriphResetCmd) for RCC_APB2PeriphResetCmd
    stm32f10x_gpio.o(i.GPIO_DeInit) refers to stm32f10x_rcc.o(i.RCC_APB2PeriphResetCmd) for RCC_APB2PeriphResetCmd
    stm32f10x_i2c.o(i.I2C_DeInit) refers to stm32f10x_rcc.o(i.RCC_APB1PeriphResetCmd) for RCC_APB1PeriphResetCmd
    stm32f10x_i2c.o(i.I2C_Init) refers to stm32f10x_rcc.o(i.RCC_GetClocksFreq) for RCC_GetClocksFreq
    stm32f10x_pwr.o(i.PWR_DeInit) refers to stm32f10x_rcc.o(i.RCC_APB1PeriphResetCmd) for RCC_APB1PeriphResetCmd
[...]
    USB_HP_CAN1_TX_IRQHandler                0x08000163   Thumb Code     0  startup_stm32f10x_hd.o(.text)
    USB_LP_CAN1_RX0_IRQHandler               0x08000163   Thumb Code     0  startup_stm32f10x_hd.o(.text)
    WWDG_IRQHandler                          0x08000163   Thumb Code     0  startup_stm32f10x_hd.o(.text)
    rt_hw_interrupt_disable                  0x0800016d   Thumb Code     8  context_rvds.o(.text)
    rt_hw_interrupt_enable                   0x08000175   Thumb Code     6  context_rvds.o(.text)
    rt_hw_context_switch                     0x0800017b   Thumb Code    32  context_rvds.o(.text)
    rt_hw_context_switch_interrupt           0x0800017b   Thumb Code     0  context_rvds.o(.text)
    PendSV_Handler                           0x0800019b   Thumb Code    60  context_rvds.o(.text)
    rt_hw_context_switch_to                  0x080001d7   Thumb Code    58  context_rvds.o(.text)
    rt_hw_interrupt_thread_switch            0x08000211   Thumb Code     2  context_rvds.o(.text)
    HardFault_Handler                        0x08000213   Thumb Code    52  context_rvds.o(.text)
    __aeabi_memcpy                           0x08000261   Thumb Code    36  memcpya.o(.text)
    __aeabi_memcpy4                          0x08000261   Thumb Code     0  memcpya.o(.text)
    __aeabi_memcpy8                          0x08000261   Thumb Code     0  memcpya.o(.text)
    __aeabi_memset                           0x08000285   Thumb Code    14  memseta.o(.text)
    __aeabi_memset4                          0x08000285   Thumb Code     0  memseta.o(.text)
    __aeabi_memset8                          0x08000285   Thumb Code     0  memseta.o(.text)
    __aeabi_memclr                           0x08000293   Thumb Code     4  memseta.o(.text)
    __aeabi_memclr4                          0x08000293   Thumb Code     0  memseta.o(.text)
    __aeabi_memclr8                          0x08000293   Thumb Code     0  memseta.o(.text)
    _memset$wrapper                          0x08000297   Thumb Code    18  memseta.o(.text)
    strcat                                   0x080002a9   Thumb Code    24  strcat.o(.text)
    strstr                                   0x080002c1   Thumb Code    36  strstr.o(.text)
    strncpy                                  0x080002e5   Thumb Code    24  strncpy.o(.text)
    strlen                                   0x080002fd   Thumb Code    14  strlen.o(.text)
    strcmp                                   0x0800030b   Thumb Code    28  strcmp.o(.text)
    strcpy                                   0x08000327   Thumb Code    18  strcpy.o(.text)
    strncmp                                  0x08000339   Thumb Code    30  strncmp.o(.text)
    __aeabi_dadd                             0x08000357   Thumb Code   322  dadd.o(.text)
    __aeabi_dsub                             0x08000499   Thumb Code     6  dadd.o(.text)
    __aeabi_drsub                            0x0800049f   Thumb Code     6  dadd.o(.text)
    __aeabi_dmul                             0x080004a5   Thumb Code   228  dmul.o(.text)
    __aeabi_ui2d                             0x08000589   Thumb Code    26  dfltui.o(.text)
    __aeabi_d2uiz                            0x080005a3   Thumb Code    50  dfixui.o(.text)
    __aeabi_uidiv                            0x080005d5   Thumb Code     0  uidiv.o(.text)
    __aeabi_uidivmod                         0x080005d5   Thumb Code    44  uidiv.o(.text)
    __aeabi_llsl                             0x08000601   Thumb Code    30  llshl.o(.text)
    _ll_shift_l                              0x08000601   Thumb Code     0  llshl.o(.text)
    __aeabi_llsr                             0x0800061f   Thumb Code    32  llushr.o(.text)
    _ll_ushift_r                             0x0800061f   Thumb Code     0  llushr.o(.text)
    __aeabi_lasr                             0x0800063f   Thumb Code    36  llsshr.o(.text)
    _ll_sshift_r                             0x0800063f   Thumb Code     0  llsshr.o(.text)
    __I$use$fp                               0x08000663   Thumb Code     0  iusefp.o(.text)
    _double_round                            0x08000663   Thumb Code    30  depilogue.o(.text)
    _double_epilogue                         0x08000681   Thumb Code   156  depilogue.o(.text)
    __scatterload                            0x0800071d   Thumb Code    28  init.o(.text)
    __scatterload_rt2                        0x0800071d   Thumb Code     0  init.o(.text)
    __decompress                             0x08000741   Thumb Code     0  __dczerorl2.o(.text)
    __decompress1                            0x08000741   Thumb Code    86  __dczerorl2.o(.text)
    main                                     0x08000797   Thumb Code    10  components.o(i.$Sub$$main)
    Area_bin                                 0x080007a1   Thumb Code   550  license_plate_recognition.o(i.Area_bin)
    Areap_LP                                 0x080009ed   Thumb Code   930  license_plate_recognition.o(i.Areap_LP)
    BusFault_Handler                         0x08000db1   Thumb Code     4  stm32f10x_it.o(i.BusFault_Handler)
    ButtonInit                               0x08000e1d   Thumb Code    16  parking_detection_processing.o(i.ButtonInit)
    ButtonProj                               0x08000e2d   Thumb Code    46  parking_detection_processing.o(i.ButtonProj)
    Camera_settings                          0x08000fa9   Thumb Code   116  system.o(i.Camera_settings)
    Character_matching                       0x0800101d   Thumb Code   372  license_plate_recognition.o(i.Character_matching)
    Character_segmentation                   0x0800119d   Thumb Code  1006  license_plate_recognition.o(i.Character_segmentation)
    CpuInit                                  0x08001599   Thumb Code    12  system.o(i.CpuInit)
    DebugMon_Handler                         0x080015a5   Thumb Code     2  stm32f10x_it.o(i.DebugMon_Handler)
    DrawCircular_SymmetryPoint               0x080015a7   Thumb Code   132  lcd_basic_application.o(i.DrawCircular_SymmetryPoint)
    DrawFont16                               0x0800162d   Thumb Code   244  lcd_basic_application.o(i.DrawFont16)
    DrawFont24                               0x08001729   Thumb Code   260  lcd_basic_application.o(i.DrawFont24)
    DrawFont32                               0x08001835   Thumb Code   244  lcd_basic_application.o(i.DrawFont32)
    DrawHollowCircular                       0x08001931   Thumb Code    78  lcd_basic_application.o(i.DrawHollowCircular)
    DrawHollowRectangle                      0x0800197f   Thumb Code    74  lcd_basic_application.o(i.DrawHollowRectangle)
    DrawLine                                 0x080019c9   Thumb Code   244  lcd_basic_application.o(i.DrawLine)
    DrawPoint                                0x08001abd   Thumb Code    22  lcd_basic_application.o(i.DrawPoint)
    DrawSolidCircular                        0x08001ad9   Thumb Code    90  lcd_basic_application.o(i.DrawSolidCircular)
    DrawSolidRectangle                       0x08001b35   Thumb Code   104  lcd_basic_application.o(i.DrawSolidRectangle)
    ESP8266_AT_Test                          0x08001ba5   Thumb Code    58  esp8266.o(i.ESP8266_AT_Test)
    ESP8266_Cmd                              0x08001bed   Thumb Code   474  esp8266.o(i.ESP8266_Cmd)
    ESP8266_Enable_MultipleId                0x08001de9   Thumb Code    42  esp8266.o(i.ESP8266_Enable_MultipleId)
    ESP8266_Init                             0x08001e6d   Thumb Code    32  esp8266.o(i.ESP8266_Init)
    ESP8266_JoinAP                           0x08001e91   Thumb Code    38  esp8266.o(i.ESP8266_JoinAP)
    ESP8266_Link_Server                      0x08001ed1   Thumb Code   110  esp8266.o(i.ESP8266_Link_Server)
    ESP8266_Net_Mode_Choose                  0x08001f91   Thumb Code    68  esp8266.o(i.ESP8266_Net_Mode_Choose)
    ESP8266_Rst                              0x08002009   Thumb Code    32  esp8266.o(i.ESP8266_Rst)
    ESP8266_UnvarnishSend                    0x080020f1   Thumb Code    38  esp8266.o(i.ESP8266_UnvarnishSend)
    EXTI15_10_IRQHandler                     0x0800213d   Thumb Code    88  ov7725_exit.o(i.EXTI15_10_IRQHandler)
    EXTI9_5_IRQHandler                       0x080021a5   Thumb Code    92  ov7725_entrance.o(i.EXTI9_5_IRQHandler)
    EXTI_ClearITPendingBit                   0x08002211   Thumb Code     6  stm32f10x_exti.o(i.EXTI_ClearITPendingBit)
    EXTI_GenerateSWInterrupt                 0x0800221d   Thumb Code    12  stm32f10x_exti.o(i.EXTI_GenerateSWInterrupt)
    EXTI_GetITStatus                         0x0800222d   Thumb Code    34  stm32f10x_exti.o(i.EXTI_GetITStatus)
    EXTI_Init                                0x08002255   Thumb Code   142  stm32f10x_exti.o(i.EXTI_Init)
    Entrance_LP_communication                0x080022e9   Thumb Code   102  license_plate_recognition.o(i.Entrance_LP_communication)
    Exit_LP_communication                    0x080023c1   Thumb Code   256  license_plate_recognition.o(i.Exit_LP_communication)
    FSMC_NORSRAMCmd                          0x08002501   Thumb Code    46  stm32f10x_fsmc.o(i.FSMC_NORSRAMCmd)
    FSMC_NORSRAMInit                         0x08002535   Thumb Code   230  stm32f10x_fsmc.o(i.FSMC_NORSRAMInit)
    GENERAL_TIM_Init                         0x08002649   Thumb Code    12  pwm.o(i.GENERAL_TIM_Init)
    GPIO_EXTILineConfig                      0x080026d9   Thumb Code    60  stm32f10x_gpio.o(i.GPIO_EXTILineConfig)
    GPIO_Init                                0x08002719   Thumb Code   278  stm32f10x_gpio.o(i.GPIO_Init)
    GPIO_ReadInputDataBit                    0x0800282f   Thumb Code    18  stm32f10x_gpio.o(i.GPIO_ReadInputDataBit)
    GPIO_ResetBits                           0x08002841   Thumb Code     4  stm32f10x_gpio.o(i.GPIO_ResetBits)
    GPIO_SetBits                             0x08002845   Thumb Code     4  stm32f10x_gpio.o(i.GPIO_SetBits)
    IWDG_Config                              0x08002849   Thumb Code    36  iwdg.o(i.IWDG_Config)
    IWDG_Enable                              0x0800286d   Thumb Code    10  stm32f10x_iwdg.o(i.IWDG_Enable)
    IWDG_Feed                                0x0800287d   Thumb Code     8  iwdg.o(i.IWDG_Feed)
    IWDG_ReloadCounter                       0x08002885   Thumb Code    10  stm32f10x_iwdg.o(i.IWDG_ReloadCounter)
    IWDG_SetPrescaler                        0x08002895   Thumb Code     6  stm32f10x_iwdg.o(i.IWDG_SetPrescaler)
    IWDG_SetReload                           0x080028a1   Thumb Code     6  stm32f10x_iwdg.o(i.IWDG_SetReload)
    IWDG_WriteAccessCmd                      0x080028ad   Thumb Code     6  stm32f10x_iwdg.o(i.IWDG_WriteAccessCmd)
    Infrared_Init                            0x080028e5   Thumb Code    56  infrared_barrier.o(i.Infrared_Init)
    Interface_init                           0x08002931   Thumb Code   280  lcd_interface_design.o(i.Interface_init)
    LCD_Clear                                0x08002b71   Thumb Code    66  lcd.o(i.LCD_Clear)
    LCD_GPIOInit                             0x08002bbd   Thumb Code   274  lcd.o(i.LCD_GPIOInit)
    LCD_Init                                 0x08002ce5   Thumb Code   474  lcd.o(i.LCD_Init)
    LCD_RESET                                0x08002ec9   Thumb Code    28  lcd.o(i.LCD_RESET)
    LCD_SetCursor                            0x08002ee9   Thumb Code    24  lcd.o(i.LCD_SetCursor)
    LCD_SetParam                             0x08002f01   Thumb Code    42  lcd.o(i.LCD_SetParam)
    LCD_SetWindows                           0x08002f31   Thumb Code    76  lcd.o(i.LCD_SetWindows)
    LCD_WR_DATA                              0x08002f81   Thumb Code     6  lcd.o(i.LCD_WR_DATA)
    LCD_WR_REG                               0x08002f8d   Thumb Code     6  lcd.o(i.LCD_WR_REG)
    LCD_WriteRAM_Prepare                     0x08002f99   Thumb Code    12  lcd.o(i.LCD_WriteRAM_Prepare)
    LCD_WriteReg                             0x08002fa9   Thumb Code    10  lcd.o(i.LCD_WriteReg)
    LP_display                               0x08002fb9   Thumb Code   130  lcd_interface_design.o(i.LP_display)
    MemManage_Handler                        0x0800304d   Thumb Code     4  stm32f10x_it.o(i.MemManage_Handler)
    NMI_Handler                              0x08003051   Thumb Code     2  stm32f10x_it.o(i.NMI_Handler)
    NVIC_Init                                0x08003055   Thumb Code   100  misc.o(i.NVIC_Init)
    NVIC_PriorityGroupConfig                 0x080030c5   Thumb Code    10  misc.o(i.NVIC_PriorityGroupConfig)
    Number_recognition_LP                    0x080030d9   Thumb Code   240  license_plate_recognition.o(i.Number_recognition_LP)
    OV7725_SCCB_GPIO_Config                  0x080032bd   Thumb Code    66  ov7725sccb_entrance.o(i.OV7725_SCCB_GPIO_Config)
    OV7725_SCCB_ReadByte                     0x0800333d   Thumb Code   122  ov7725sccb_entrance.o(i.OV7725_SCCB_ReadByte)
    OV7725_SCCB_WriteByte                    0x08003551   Thumb Code    64  ov7725sccb_entrance.o(i.OV7725_SCCB_WriteByte)
    OV7725_entr_Brightness                   0x08003621   Thumb Code   100  ov7725_entrance.o(i.OV7725_entr_Brightness)
    OV7725_entr_Color_Saturation             0x08003685   Thumb Code    40  ov7725_entrance.o(i.OV7725_entr_Color_Saturation)
    OV7725_entr_Contrast                     0x080036ad   Thumb Code    34  ov7725_entrance.o(i.OV7725_entr_Contrast)
    OV7725_entr_GPIO_Config                  0x080036cf   Thumb Code    16  ov7725_entrance.o(i.OV7725_entr_GPIO_Config)
    OV7725_entr_Init                         0x080036e1   Thumb Code    96  ov7725_entrance.o(i.OV7725_entr_Init)
    OV7725_entr_Light_Mode                   0x08003749   Thumb Code   278  ov7725_entrance.o(i.OV7725_entr_Light_Mode)
    OV7725_entr_Special_Effect               0x0800385f   Thumb Code   192  ov7725_entrance.o(i.OV7725_entr_Special_Effect)
    OV7725_entr_Window_Set                   0x0800391f   Thumb Code   232  ov7725_entrance.o(i.OV7725_entr_Window_Set)
    OV7725_exit_Brightness                   0x08003a07   Thumb Code   100  ov7725_exit.o(i.OV7725_exit_Brightness)
    OV7725_exit_Color_Saturation             0x08003a6b   Thumb Code    40  ov7725_exit.o(i.OV7725_exit_Color_Saturation)
    OV7725_exit_Contrast                     0x08003a93   Thumb Code    34  ov7725_exit.o(i.OV7725_exit_Contrast)
    OV7725_exit_GPIO_Config                  0x08003b4d   Thumb Code    16  ov7725_exit.o(i.OV7725_exit_GPIO_Config)
    OV7725_exit_Init                         0x08003b5d   Thumb Code    96  ov7725_exit.o(i.OV7725_exit_Init)
    OV7725_exit_Light_Mode                   0x08003bc5   Thumb Code   278  ov7725_exit.o(i.OV7725_exit_Light_Mode)
    OV7725_exit_SCCB_GPIO_Config             0x08003d15   Thumb Code    66  ov7725sccb_exit.o(i.OV7725_exit_SCCB_GPIO_Config)
    OV7725_exit_SCCB_ReadByte                0x08003d95   Thumb Code   122  ov7725sccb_exit.o(i.OV7725_exit_SCCB_ReadByte)
    OV7725_exit_SCCB_WriteByte               0x08003fa9   Thumb Code    64  ov7725sccb_exit.o(i.OV7725_exit_SCCB_WriteByte)
    OV7725_exit_Special_Effect               0x08003ff9   Thumb Code   192  ov7725_exit.o(i.OV7725_exit_Special_Effect)
    OV7725_exit_Window_Set                   0x0800413d   Thumb Code   232  ov7725_exit.o(i.OV7725_exit_Window_Set)
    Parking_information                      0x0800426d   Thumb Code   664  lcd_interface_design.o(i.Parking_information)
    Parking_management                       0x08004529   Thumb Code   852  parking_detection_processing.o(i.Parking_management)
    Parking_recommendation                   0x080048c1   Thumb Code   202  parking_detection_processing.o(i.Parking_recommendation)
    RCC_AHBPeriphClockCmd                    0x080049ad   Thumb Code    26  stm32f10x_rcc.o(i.RCC_AHBPeriphClockCmd)
    RCC_APB1PeriphClockCmd                   0x080049cd   Thumb Code    26  stm32f10x_rcc.o(i.RCC_APB1PeriphClockCmd)
    RCC_APB2PeriphClockCmd                   0x080049ed   Thumb Code    26  stm32f10x_rcc.o(i.RCC_APB2PeriphClockCmd)
    RCC_GetClocksFreq                        0x08004a0d   Thumb Code   192  stm32f10x_rcc.o(i.RCC_GetClocksFreq)
    SVC_Handler                              0x08004ae1   Thumb Code     2  stm32f10x_it.o(i.SVC_Handler)
    Scaling_Normalization                    0x08004ae5   Thumb Code   220  license_plate_recognition.o(i.Scaling_Normalization)
    ShowCP                                   0x08004cb5   Thumb Code   360  lcd_basic_application.o(i.ShowCP)
    ShowChar                                 0x08004e2d   Thumb Code   458  lcd_basic_application.o(i.ShowChar)
    ShowString                               0x0800500d   Thumb Code    92  lcd_basic_application.o(i.ShowString)
    ShowYW24                                 0x0800506d   Thumb Code   206  lcd_basic_application.o(i.ShowYW24)
    Show_Str                                 0x08005149   Thumb Code   270  lcd_basic_application.o(i.Show_Str)
    Smoke_Init                               0x08005261   Thumb Code    32  smoke_sensor.o(i.Smoke_Init)
    SysInit                                  0x08005285   Thumb Code    46  system.o(i.SysInit)
    SysTickInit                              0x080052b5   Thumb Code    84  systick.o(i.SysTickInit)
    SysTick_Handler                          0x08005315   Thumb Code    16  board.o(i.SysTick_Handler)
    SystemInit                               0x08005325   Thumb Code    78  system_stm32f10x.o(i.SystemInit)
    TIM_Cmd                                  0x08005385   Thumb Code    24  stm32f10x_tim.o(i.TIM_Cmd)
    TIM_OC3Init                              0x0800539d   Thumb Code   150  stm32f10x_tim.o(i.TIM_OC3Init)
    TIM_OC3PreloadConfig                     0x0800543d   Thumb Code    18  stm32f10x_tim.o(i.TIM_OC3PreloadConfig)
    TIM_OC4Init                              0x08005451   Thumb Code   114  stm32f10x_tim.o(i.TIM_OC4Init)
    TIM_OC4PreloadConfig                     0x080054cd   Thumb Code    26  stm32f10x_tim.o(i.TIM_OC4PreloadConfig)
    TIM_SetCompare3                          0x080054e7   Thumb Code     4  stm32f10x_tim.o(i.TIM_SetCompare3)
    TIM_SetCompare4                          0x080054eb   Thumb Code     6  stm32f10x_tim.o(i.TIM_SetCompare4)
    TIM_TimeBaseInit                         0x080054f1   Thumb Code   122  stm32f10x_tim.o(i.TIM_TimeBaseInit)
    TaskInit                                 0x08005595   Thumb Code   204  task.o(i.TaskInit)
    USART3_IRQHandler                        0x080056ed   Thumb Code   114  esp8266.o(i.USART3_IRQHandler)
    USART_ClearFlag                          0x08005769   Thumb Code    18  stm32f10x_usart.o(i.USART_ClearFlag)
    USART_Cmd                                0x0800577b   Thumb Code    24  stm32f10x_usart.o(i.USART_Cmd)
    USART_GetFlagStatus                      0x08005793   Thumb Code    26  stm32f10x_usart.o(i.USART_GetFlagStatus)
    USART_GetITStatus                        0x080057ad   Thumb Code    84  stm32f10x_usart.o(i.USART_GetITStatus)
    USART_ITConfig                           0x08005801   Thumb Code    74  stm32f10x_usart.o(i.USART_ITConfig)
    USART_Init                               0x0800584d   Thumb Code   210  stm32f10x_usart.o(i.USART_Init)
    USART_ReceiveData                        0x08005925   Thumb Code    10  stm32f10x_usart.o(i.USART_ReceiveData)
    USART_SendData                           0x0800592f   Thumb Code     8  stm32f10x_usart.o(i.USART_SendData)
    USART_printf                             0x08005937   Thumb Code   262  usart.o(i.USART_printf)
    UsageFault_Handler                       0x08005aa5   Thumb Code     4  stm32f10x_it.o(i.UsageFault_Handler)
    UsartInit                                0x08005aa9   Thumb Code   132  usart.o(i.UsartInit)
    __0sprintf$3                             0x08005d49   Thumb Code    34  printf3.o(i.__0sprintf$3)
    __1sprintf$3                             0x08005d49   Thumb Code     0  printf3.o(i.__0sprintf$3)
    __2sprintf                               0x08005d49   Thumb Code     0  printf3.o(i.__0sprintf$3)
    __rt_ffs                                 0x08005d71   Thumb Code    70  kservice.o(i.__rt_ffs)
    __scatterload_copy                       0x08005dbd   Thumb Code    14  handlers.o(i.__scatterload_copy)
    __scatterload_null                       0x08005dcb   Thumb Code     2  handlers.o(i.__scatterload_null)
    __scatterload_zeroinit                   0x08005dcd   Thumb Code    14  handlers.o(i.__scatterload_zeroinit)
    alert                                    0x08006115   Thumb Code   296  lcd_interface_design.o(i.alert)
    button_process_init                      0x0800634d   Thumb Code    58  parking_detection_processing.o(i.button_process_init)
    button_thread_entry                      0x080063b9   Thumb Code   290  parking_detection_processing.o(i.button_thread_entry)
    cmd_free                                 0x08006569   Thumb Code    14  msh.o(i.cmd_free)
    cmd_ps                                   0x08006577   Thumb Code    14  msh.o(i.cmd_ps)
    finsh_get_prompt                         0x080066ed   Thumb Code    84  shell.o(i.finsh_get_prompt)
    finsh_set_prompt_mode                    0x08006769   Thumb Code    22  shell.o(i.finsh_set_prompt_mode)
    finsh_system_function_init               0x08006785   Thumb Code    10  shell.o(i.finsh_system_function_init)
    finsh_system_init                        0x08006799   Thumb Code    98  shell.o(i.finsh_system_init)
    finsh_thread_entry                       0x08006835   Thumb Code   936  shell.o(i.finsh_thread_entry)
    hello                                    0x08006c7d   Thumb Code    12  cmd.o(i.hello)
    list                                     0x08006d01   Thumb Code    52  cmd.o(i.list)
    list_event                               0x08006d59   Thumb Code   204  cmd.o(i.list_event)
    list_mailbox                             0x08006f51   Thumb Code   224  cmd.o(i.list_mailbox)
    list_mem                                 0x080070ad   Thumb Code    34  mem.o(i.list_mem)
    list_msgqueue                            0x08007125   Thumb Code   216  cmd.o(i.list_msgqueue)
    list_sem                                 0x08007269   Thumb Code   216  cmd.o(i.list_sem)
    list_thread                              0x080073a1   Thumb Code   294  cmd.o(i.list_thread)
    list_timer                               0x08007585   Thumb Code   190  cmd.o(i.list_timer)
    $Super$$main                             0x080076e5   Thumb Code    16  main.o(i.main)
    main_thread_entry                        0x080076f5   Thumb Code    14  components.o(i.main_thread_entry)
    msh_auto_complete                        0x080077ed   Thumb Code   138  msh.o(i.msh_auto_complete)
    msh_exec                                 0x0800788d   Thumb Code    82  msh.o(i.msh_exec)
    msh_help                                 0x08007955   Thumb Code    64  msh.o(i.msh_help)
    msh_is_used                              0x080079c9   Thumb Code     4  msh.o(i.msh_is_used)
    rt_application_init                      0x08007ce9   Thumb Code    32  components.o(i.rt_application_init)
    rt_calloc                                0x08007d15   Thumb Code    34  mem.o(i.rt_calloc)
    rt_components_board_init                 0x08007d39   Thumb Code    20  components.o(i.rt_components_board_init)
    rt_components_init                       0x08007d55   Thumb Code    20  components.o(i.rt_components_init)
    rt_enter_critical                        0x08007d71   Thumb Code    28  scheduler.o(i.rt_enter_critical)
    rt_event_create                          0x08007d91   Thumb Code    38  ipc.o(i.rt_event_create)
    rt_event_recv                            0x08007db7   Thumb Code   218  ipc.o(i.rt_event_recv)
    rt_event_send                            0x08007e91   Thumb Code   180  ipc.o(i.rt_event_send)
    rt_exit_critical                         0x08007f45   Thumb Code    60  scheduler.o(i.rt_exit_critical)
    rt_free                                  0x08007f89   Thumb Code   128  mem.o(i.rt_free)
    rt_heap_begin_get                        0x08008069   Thumb Code     4  board.o(i.rt_heap_begin_get)
    rt_heap_end_get                          0x08008071   Thumb Code     4  board.o(i.rt_heap_end_get)
    rt_hw_board_init                         0x08008079   Thumb Code    30  board.o(i.rt_hw_board_init)
    rt_hw_console_getchar                    0x08008099   Thumb Code    62  usart.o(i.rt_hw_console_getchar)
    rt_hw_console_output                     0x080080dd   Thumb Code    74  usart.o(i.rt_hw_console_output)
    rt_hw_hard_fault_exception               0x0800812d   Thumb Code   198  cpuport.o(i.rt_hw_hard_fault_exception)
    rt_hw_stack_init                         0x08008335   Thumb Code    70  cpuport.o(i.rt_hw_stack_init)
    rt_interrupt_enter                       0x08008381   Thumb Code    26  irq.o(i.rt_interrupt_enter)
    rt_interrupt_leave                       0x080083a1   Thumb Code    26  irq.o(i.rt_interrupt_leave)
    rt_kprintf                               0x08008485   Thumb Code    44  kservice.o(i.rt_kprintf)
    rt_malloc                                0x08008569   Thumb Code   336  mem.o(i.rt_malloc)
    rt_memcpy                                0x080086d5   Thumb Code   124  kservice.o(i.rt_memcpy)
    rt_memmove                               0x08008751   Thumb Code    66  kservice.o(i.rt_memmove)
    rt_memset                                0x08008793   Thumb Code    72  kservice.o(i.rt_memset)
    rt_mq_create                             0x080087db   Thumb Code   128  ipc.o(i.rt_mq_create)
    rt_mq_delete                             0x0800885b   Thumb Code    28  ipc.o(i.rt_mq_delete)
    rt_mq_recv                               0x08008877   Thumb Code   252  ipc.o(i.rt_mq_recv)
    rt_mq_send                               0x08008973   Thumb Code   140  ipc.o(i.rt_mq_send)
    rt_mq_urgent                             0x080089ff   Thumb Code   132  ipc.o(i.rt_mq_urgent)
    rt_object_allocate                       0x08008a83   Thumb Code    84  object.o(i.rt_object_allocate)
    rt_object_delete                         0x08008ad7   Thumb Code    36  object.o(i.rt_object_delete)
    rt_object_detach                         0x08008afb   Thumb Code    30  object.o(i.rt_object_detach)
    rt_object_get_information                0x08008b19   Thumb Code    36  object.o(i.rt_object_get_information)
    rt_object_init                           0x08008b41   Thumb Code    86  object.o(i.rt_object_init)
    rt_object_is_systemobject                0x08008b97   Thumb Code    18  object.o(i.rt_object_is_systemobject)
    rt_schedule                              0x08008ba9   Thumb Code   106  scheduler.o(i.rt_schedule)
    rt_schedule_insert_thread                0x08008c2d   Thumb Code    72  scheduler.o(i.rt_schedule_insert_thread)
    rt_schedule_remove_thread                0x08008c7d   Thumb Code    76  scheduler.o(i.rt_schedule_remove_thread)
    rt_sem_create                            0x08008cd1   Thumb Code    42  ipc.o(i.rt_sem_create)
    rt_sem_init                              0x08008cfb   Thumb Code    38  ipc.o(i.rt_sem_init)
    rt_sem_release                           0x08008d21   Thumb Code    58  ipc.o(i.rt_sem_release)
    rt_sem_take                              0x08008d5b   Thumb Code   116  ipc.o(i.rt_sem_take)
    rt_show_version                          0x08008dd1   Thumb Code    38  kservice.o(i.rt_show_version)
    rt_strlen                                0x08008e81   Thumb Code    18  kservice.o(i.rt_strlen)
    rt_strncpy                               0x08008e93   Thumb Code    52  kservice.o(i.rt_strncpy)
    rt_system_heap_init                      0x08008ec9   Thumb Code   160  mem.o(i.rt_system_heap_init)
    rt_system_scheduler_init                 0x08008fc1   Thumb Code    52  scheduler.o(i.rt_system_scheduler_init)
    rt_system_scheduler_start                0x0800900d   Thumb Code    36  scheduler.o(i.rt_system_scheduler_start)
    rt_system_timer_init                     0x0800903d   Thumb Code    24  timer.o(i.rt_system_timer_init)
    rt_system_timer_thread_init              0x08009059   Thumb Code     2  timer.o(i.rt_system_timer_thread_init)
    rt_thread_create                         0x0800905b   Thumb Code    80  thread.o(i.rt_thread_create)
    rt_thread_exit                           0x080090ad   Thumb Code    78  thread.o(i.rt_thread_exit)
    rt_thread_idle_excute                    0x0800912d   Thumb Code   138  idle.o(i.rt_thread_idle_excute)
    rt_thread_idle_init                      0x080091bd   Thumb Code    38  idle.o(i.rt_thread_idle_init)
    rt_thread_init                           0x080091f9   Thumb Code    52  thread.o(i.rt_thread_init)
    rt_thread_mdelay                         0x0800922d   Thumb Code    20  thread.o(i.rt_thread_mdelay)
    rt_thread_resume                         0x08009241   Thumb Code    60  thread.o(i.rt_thread_resume)
    rt_thread_self                           0x0800927d   Thumb Code     6  thread.o(i.rt_thread_self)
    rt_thread_sleep                          0x08009289   Thumb Code    62  thread.o(i.rt_thread_sleep)
    rt_thread_startup                        0x080092cd   Thumb Code    44  thread.o(i.rt_thread_startup)
    rt_thread_suspend                        0x080092f9   Thumb Code    68  thread.o(i.rt_thread_suspend)
    rt_thread_timeout                        0x0800933d   Thumb Code    32  thread.o(i.rt_thread_timeout)
    rt_thread_yield                          0x0800935d   Thumb Code    92  thread.o(i.rt_thread_yield)
    rt_tick_from_millisecond                 0x080093c1   Thumb Code    56  clock.o(i.rt_tick_from_millisecond)
    rt_tick_get                              0x080093f9   Thumb Code     6  clock.o(i.rt_tick_get)
    rt_tick_increase                         0x08009405   Thumb Code    42  clock.o(i.rt_tick_increase)
    rt_timer_check                           0x08009435   Thumb Code   118  timer.o(i.rt_timer_check)
    rt_timer_control                         0x080094b1   Thumb Code    56  timer.o(i.rt_timer_control)
    rt_timer_create                          0x080094e9   Thumb Code    54  timer.o(i.rt_timer_create)
    rt_timer_detach                          0x0800951f   Thumb Code    32  timer.o(i.rt_timer_detach)
    rt_timer_init                            0x0800953f   Thumb Code    46  timer.o(i.rt_timer_init)
    rt_timer_start                           0x0800956d   Thumb Code   238  timer.o(i.rt_timer_start)
    rt_timer_stop                            0x08009665   Thumb Code    48  timer.o(i.rt_timer_stop)
    rt_vsnprintf                             0x08009695   Thumb Code   808  kservice.o(i.rt_vsnprintf)
    rtthread_startup                         0x080099d5   Thumb Code    42  components.o(i.rtthread_startup)
    version                                  0x08009b99   Thumb Code    10  cmd.o(i.version)
    __lowest_bit_bitmap                      0x08009ba2   Data         256  kservice.o(.constdata)
    __fsym_list_mem_name                     0x08009cc4   Data           9  mem.o(.constdata)
    __fsym_hello_name                        0x08009ccd   Data           6  cmd.o(.constdata)
    __fsym_version_name                      0x08009cd3   Data           8  cmd.o(.constdata)
    __fsym___cmd_version_name                0x08009cdb   Data          14  cmd.o(.constdata)
    __fsym_list_thread_name                  0x08009ce9   Data          12  cmd.o(.constdata)
    __fsym___cmd_list_thread_name            0x08009cf5   Data          18  cmd.o(.constdata)
    __fsym_list_sem_name                     0x08009d07   Data           9  cmd.o(.constdata)
    __fsym___cmd_list_sem_name               0x08009d10   Data          15  cmd.o(.constdata)
    __fsym_list_event_name                   0x08009d1f   Data          11  cmd.o(.constdata)
    __fsym___cmd_list_event_name             0x08009d2a   Data          17  cmd.o(.constdata)
    __fsym_list_mailbox_name                 0x08009d3b   Data          13  cmd.o(.constdata)
    __fsym___cmd_list_mailbox_name           0x08009d48   Data          19  cmd.o(.constdata)
    __fsym_list_msgqueue_name                0x08009d5b   Data          14  cmd.o(.constdata)
    __fsym___cmd_list_msgqueue_name          0x08009d69   Data          20  cmd.o(.constdata)
    __fsym_list_timer_name                   0x08009d7d   Data          11  cmd.o(.constdata)
    __fsym___cmd_list_timer_name             0x08009d88   Data          17  cmd.o(.constdata)
    __fsym_list_name                         0x08009d99   Data           5  cmd.o(.constdata)
    __fsym___cmd_help_name                   0x08009d9e   Data          11  msh.o(.constdata)
    __fsym___cmd_ps_name                     0x08009da9   Data           9  msh.o(.constdata)
    __fsym___cmd_free_name                   0x08009db2   Data          11  msh.o(.constdata)
    number24                                 0x08009dbd   Data         672  lcd_basic_application.o(.constdata)
    asc2_1608                                0x0800a05d   Data        1520  lcd_basic_application.o(.constdata)
    tfont16                                  0x0800a64d   Data         340  lcd_basic_application.o(.constdata)
    tfont24                                  0x0800a7a1   Data        2146  lcd_basic_application.o(.constdata)
    tfont32                                  0x0800b003   Data        1040  lcd_basic_application.o(.constdata)
    YW                                       0x0800b413   Data         600  lcd_basic_application.o(.constdata)
    ZF                                       0x0800b66b   Data         450  license_plate_recognition.o(.constdata)
    ZM                                       0x0800b82d   Data        3150  license_plate_recognition.o(.constdata)
    CPZM                                     0x0800c47b   Data          21  license_plate_recognition.o(.constdata)
    CPHZ                                     0x0800c490   Data           9  license_plate_recognition.o(.constdata)
    __rt_init_rti_start                      0x0800c520   Data           4  components.o(.rti_fn.0)
    __rt_init_rti_board_start                0x0800c524   Data           4  components.o(.rti_fn.0.end)
    __rt_init_rti_board_end                  0x0800c528   Data           4  components.o(.rti_fn.1.end)
    __rt_init_LCD_Init                       0x0800c52c   Data           4  lcd.o(.rti_fn.6)
    __rt_init_finsh_system_init              0x0800c530   Data           4  shell.o(.rti_fn.6)
    __rt_init_button_process_init            0x0800c534   Data           4  parking_detection_processing.o(.rti_fn.6)
    __rt_init_rti_end                        0x0800c538   Data           4  components.o(.rti_fn.6.end)
    FSymTab$$Base                            0x0800c53c   Number         0  mem.o(FSymTab)
    __fsym_list_mem                          0x0800c53c   Data           8  mem.o(FSymTab)
    __fsym_hello                             0x0800c544   Data           8  cmd.o(FSymTab)
    __fsym_version                           0x0800c54c   Data           8  cmd.o(FSymTab)
    __fsym___cmd_version                     0x0800c554   Data           8  cmd.o(FSymTab)
    __fsym_list_thread                       0x0800c55c   Data           8  cmd.o(FSymTab)
    __fsym___cmd_list_thread                 0x0800c564   Data           8  cmd.o(FSymTab)
    __fsym_list_sem                          0x0800c56c   Data           8  cmd.o(FSymTab)
    __fsym___cmd_list_sem                    0x0800c574   Data           8  cmd.o(FSymTab)
    __fsym_list_event                        0x0800c57c   Data           8  cmd.o(FSymTab)
    __fsym___cmd_list_event                  0x0800c584   Data           8  cmd.o(FSymTab)
    __fsym_list_mailbox                      0x0800c58c   Data           8  cmd.o(FSymTab)
    __fsym___cmd_list_mailbox                0x0800c594   Data           8  cmd.o(FSymTab)
    __fsym_list_msgqueue                     0x0800c59c   Data           8  cmd.o(FSymTab)
    __fsym___cmd_list_msgqueue               0x0800c5a4   Data           8  cmd.o(FSymTab)
    __fsym_list_timer                        0x0800c5ac   Data           8  cmd.o(FSymTab)
    __fsym___cmd_list_timer                  0x0800c5b4   Data           8  cmd.o(FSymTab)
    __fsym_list                              0x0800c5bc   Data           8  cmd.o(FSymTab)
    __fsym___cmd_help                        0x0800c5c4   Data           8  msh.o(FSymTab)
    __fsym___cmd_ps                          0x0800c5cc   Data           8  msh.o(FSymTab)
    __fsym___cmd_free                        0x0800c5d4   Data           8  msh.o(FSymTab)
    FSymTab$$Limit                           0x0800c5dc   Number         0  msh.o(FSymTab)
    Region$$Table$$Base                      0x0800c5dc   Number         0  anon$$obj.o(Region$$Table)
    Region$$Table$$Limit                     0x0800c5fc   Number         0  anon$$obj.o(Region$$Table)
    SystemCoreClock                          0x20000000   Data           4  system_stm32f10x.o(.data)
    AHBPrescTable                            0x20000004   Data          16  system_stm32f10x.o(.data)
    POINT_COLOR                              0x2000002a   Data           2  lcd.o(.data)
    BACK_COLOR                               0x2000002c   Data           2  lcd.o(.data)
    DeviceCode                               0x2000002e   Data           2  lcd.o(.data)
    OV7725_Sensor_Config                     0x20000030   Data         154  ov7725_entrance.o(.data)
    OV7725_REG_NUM                           0x200000ca   Data           1  ov7725_entrance.o(.data)
    OV7725_entr_vsync                        0x200000cb   Data           1  ov7725_entrance.o(.data)
    OV7725_exit_Sensor_Config                0x200000cc   Data         154  ov7725_exit.o(.data)
    OV7725_exit_REG_NUM                      0x20000166   Data           1  ov7725_exit.o(.data)
    OV7725_exit_vsync                        0x20000167   Data           1  ov7725_exit.o(.data)
    rt_interrupt_nest                        0x2000016c   Data           1  irq.o(.data)
    rt_current_thread                        0x200001ec   Data           4  scheduler.o(.data)
    rt_current_priority                      0x200001f0   Data           1  scheduler.o(.data)
    rt_thread_ready_priority_group           0x200001f4   Data           4  scheduler.o(.data)
    rt_thread_defunct                        0x200001f8   Data           8  scheduler.o(.data)
    rt_interrupt_from_thread                 0x2000020c   Data           4  cpuport.o(.data)
    rt_interrupt_to_thread                   0x20000210   Data           4  cpuport.o(.data)
    rt_thread_switch_interrupt_flag          0x20000214   Data           4  cpuport.o(.data)
    _syscall_table_begin                     0x2000021c   Data           4  shell.o(.data)
    _syscall_table_end                       0x20000220   Data           4  shell.o(.data)
    _sysvar_table_begin                      0x20000224   Data           4  shell.o(.data)
    _sysvar_table_end                        0x20000228   Data           4  shell.o(.data)
    shell                                    0x2000022c   Data           4  shell.o(.data)
    number_LP                                0x2000023c   Data           7  license_plate_recognition.o(.data)
    Update_P                                 0x2000024a   Data           1  parking_detection_processing.o(.data)
    sign_ps                                  0x2000024b   Data           1  parking_detection_processing.o(.data)
    Detained_vehicle                         0x2000025c   Data           2  task.o(.data)
    TaskThread                               0x20000268   Data         144  task.o(.data)
    g_Var                                    0x200002f8   Data           1  main.o(.data)
    message_mq                               0x200002fc   Data           4  main.o(.data)
    exit_recv_sem                            0x20000300   Data           4  main.o(.data)
    entr_recv_sem                            0x20000304   Data           4  main.o(.data)
    Inspection_event                         0x20000308   Data           4  main.o(.data)
    In_ProcessSoftTimer                      0x2000030c   Data           4  main.o(.data)
    strEsp8266_Fram_Record                   0x20000310   Data        1026  esp8266.o(.bss)
    lcddev                                   0x20000712   Data          14  lcd.o(.bss)
    rt_thread_priority_table                 0x20000968   Data          64  scheduler.o(.bss)
    __initial_sp                             0x2000c9c8   Data           0  startup_stm32f10x_hd.o(STACK)



==============================================================================

Memory Map of the image

  Image Entry point : 0x08000131

  Load Region LR_IROM1 (Base: 0x08000000, Size: 0x0000c90c, Max: 0x00080000, ABSOLUTE, COMPRESSED[0x0000c744])

    Execution Region ER_IROM1 (Exec base: 0x08000000, Load base: 0x08000000, Size: 0x0000c5fc, Max: 0x00080000, ABSOLUTE)

    Exec Addr    Load Addr    Size         Type   Attr      Idx    E Section Name        Object

    0x08000000   0x08000000   0x00000130   Data   RO          132    RESET               startup_stm32f10x_hd.o
    0x08000130   0x08000130   0x00000000   Code   RO         5819  * .ARM.Collect$$$$00000000  mc_w.l(entry.o)
    0x08000130   0x08000130   0x00000004   Code   RO         6111    .ARM.Collect$$$$00000001  mc_w.l(entry2.o)
    0x08000134   0x08000134   0x00000004   Code   RO         6114    .ARM.Collect$$$$00000004  mc_w.l(entry5.o)
    0x08000138   0x08000138   0x00000000   Code   RO         6116    .ARM.Collect$$$$00000008  mc_w.l(entry7b.o)
    0x08000138   0x08000138   0x00000000   Code   RO         6118    .ARM.Collect$$$$0000000A  mc_w.l(entry8b.o)
    0x08000138   0x08000138   0x00000008   Code   RO         6119    .ARM.Collect$$$$0000000B  mc_w.l(entry9a.o)
    0x08000140   0x08000140   0x00000004   Code   RO         6126    .ARM.Collect$$$$0000000E  mc_w.l(entry12b.o)
    0x08000144   0x08000144   0x00000000   Code   RO         6121    .ARM.Collect$$$$0000000F  mc_w.l(entry10a.o)
    0x08000144   0x08000144   0x00000000   Code   RO         6123    .ARM.Collect$$$$00000011  mc_w.l(entry11a.o)
    0x08000144   0x08000144   0x00000004   Code   RO         6112    .ARM.Collect$$$$00002712  mc_w.l(entry2.o)
    0x08000148   0x08000148   0x00000024   Code   RO          133    .text               startup_stm32f10x_hd.o
    0x0800016c   0x0800016c   0x000000f4   Code   RO         5126    .text               context_rvds.o
    0x08000260   0x08000260   0x00000024   Code   RO         5822    .text               mc_w.l(memcpya.o)
    0x08000284   0x08000284   0x00000024   Code   RO         5824    .text               mc_w.l(memseta.o)
    0x080002a8   0x080002a8   0x00000018   Code   RO         5826    .text               mc_w.l(strcat.o)
    0x080002c0   0x080002c0   0x00000024   Code   RO         5828    .text               mc_w.l(strstr.o)
    0x080002e4   0x080002e4   0x00000018   Code   RO         5830    .text               mc_w.l(strncpy.o)
    0x080002fc   0x080002fc   0x0000000e   Code   RO         5832    .text               mc_w.l(strlen.o)
    0x0800030a   0x0800030a   0x0000001c   Code   RO         5834    .text               mc_w.l(strcmp.o)
    0x08000326   0x08000326   0x00000012   Code   RO         5836    .text               mc_w.l(strcpy.o)
    0x08000338   0x08000338   0x0000001e   Code   RO         5838    .text               mc_w.l(strncmp.o)
    0x08000356   0x08000356   0x0000014e   Code   RO         6103    .text               mf_w.l(dadd.o)
    0x080004a4   0x080004a4   0x000000e4   Code   RO         6105    .text               mf_w.l(dmul.o)
    0x08000588   0x08000588   0x0000001a   Code   RO         6107    .text               mf_w.l(dfltui.o)
    0x080005a2   0x080005a2   0x00000032   Code   RO         6109    .text               mf_w.l(dfixui.o)
    0x080005d4   0x080005d4   0x0000002c   Code   RO         6128    .text               mc_w.l(uidiv.o)
    0x08000600   0x08000600   0x0000001e   Code   RO         6132    .text               mc_w.l(llshl.o)
    0x0800061e   0x0800061e   0x00000020   Code   RO         6134    .text               mc_w.l(llushr.o)
    0x0800063e   0x0800063e   0x00000024   Code   RO         6136    .text               mc_w.l(llsshr.o)
    0x08000662   0x08000662   0x00000000   Code   RO         6138    .text               mc_w.l(iusefp.o)
    0x08000662   0x08000662   0x000000ba   Code   RO         6139    .text               mf_w.l(depilogue.o)
    0x0800071c   0x0800071c   0x00000024   Code   RO         6147    .text               mc_w.l(init.o)
    0x08000740   0x08000740   0x00000056   Code   RO         6157    .text               mc_w.l(__dczerorl2.o)
    0x08000796   0x08000796   0x0000000a   Code   RO         4047    i.$Sub$$main        components.o
    0x080007a0   0x080007a0   0x0000024c   Code   RO         5522    i.Area_bin          license_plate_recognition.o
    0x080009ec   0x080009ec   0x000003c4   Code   RO         5523    i.Areap_LP          license_plate_recognition.o
    0x08000db0   0x08000db0   0x00000004   Code   RO          137    i.BusFault_Handler  stm32f10x_it.o
    0x08000db4   0x08000db4   0x00000068   Code   RO         5585    i.ButtonDetect      parking_detection_processing.o
    0x08000e1c   0x08000e1c   0x00000010   Code   RO         5586    i.ButtonInit        parking_detection_processing.o
    0x08000e2c   0x08000e2c   0x0000004c   Code   RO         5587    i.ButtonProj        parking_detection_processing.o
    0x08000e78   0x08000e78   0x00000130   Code   RO         5588    i.ButtonVarInit     parking_detection_processing.o
    0x08000fa8   0x08000fa8   0x00000074   Code   RO         5795    i.Camera_settings   system.o
    0x0800101c   0x0800101c   0x00000180   Code   RO         5524    i.Character_matching  license_plate_recognition.o
    0x0800119c   0x0800119c   0x000003fc   Code   RO         5525    i.Character_segmentation  license_plate_recognition.o
    0x08001598   0x08001598   0x0000000c   Code   RO         5796    i.CpuInit           system.o
    0x080015a4   0x080015a4   0x00000002   Code   RO          138    i.DebugMon_Handler  stm32f10x_it.o
    0x080015a6   0x080015a6   0x00000084   Code   RO         5389    i.DrawCircular_SymmetryPoint  lcd_basic_application.o
    0x0800162a   0x0800162a   0x00000002   PAD
    0x0800162c   0x0800162c   0x000000fc   Code   RO         5390    i.DrawFont16        lcd_basic_application.o
    0x08001728   0x08001728   0x0000010c   Code   RO         5391    i.DrawFont24        lcd_basic_application.o
    0x08001834   0x08001834   0x000000fc   Code   RO         5392    i.DrawFont32        lcd_basic_application.o
    0x08001930   0x08001930   0x0000004e   Code   RO         5393    i.DrawHollowCircular  lcd_basic_application.o
    0x0800197e   0x0800197e   0x0000004a   Code   RO         5394    i.DrawHollowRectangle  lcd_basic_application.o
    0x080019c8   0x080019c8   0x000000f4   Code   RO         5395    i.DrawLine          lcd_basic_application.o
    0x08001abc   0x08001abc   0x0000001c   Code   RO         5396    i.DrawPoint         lcd_basic_application.o
    0x08001ad8   0x08001ad8   0x0000005a   Code   RO         5397    i.DrawSolidCircular  lcd_basic_application.o
    0x08001b32   0x08001b32   0x00000002   PAD
    0x08001b34   0x08001b34   0x00000070   Code   RO         5398    i.DrawSolidRectangle  lcd_basic_application.o
    0x08001ba4   0x08001ba4   0x00000048   Code   RO         3461    i.ESP8266_AT_Test   esp8266.o
    0x08001bec   0x08001bec   0x000001fc   Code   RO         3463    i.ESP8266_Cmd       esp8266.o
    0x08001de8   0x08001de8   0x00000040   Code   RO         3464    i.ESP8266_Enable_MultipleId  esp8266.o
    0x08001e28   0x08001e28   0x00000044   Code   RO         3466    i.ESP8266_GPIO_Config  esp8266.o
    0x08001e6c   0x08001e6c   0x00000024   Code   RO         3469    i.ESP8266_Init      esp8266.o
    0x08001e90   0x08001e90   0x00000040   Code   RO         3471    i.ESP8266_JoinAP    esp8266.o
    0x08001ed0   0x08001ed0   0x000000c0   Code   RO         3472    i.ESP8266_Link_Server  esp8266.o
    0x08001f90   0x08001f90   0x00000078   Code   RO         3473    i.ESP8266_Net_Mode_Choose  esp8266.o
    0x08002008   0x08002008   0x00000024   Code   RO         3475    i.ESP8266_Rst       esp8266.o
    0x0800202c   0x0800202c   0x0000009c   Code   RO         3478    i.ESP8266_USART_Config  esp8266.o
    0x080020c8   0x080020c8   0x00000028   Code   RO         3479    i.ESP8266_USART_NVIC_Configuration  esp8266.o
    0x080020f0   0x080020f0   0x0000004c   Code   RO         3480    i.ESP8266_UnvarnishSend  esp8266.o
    0x0800213c   0x0800213c   0x00000068   Code   RO         3762    i.EXTI15_10_IRQHandler  ov7725_exit.o
    0x080021a4   0x080021a4   0x0000006c   Code   RO         3689    i.EXTI9_5_IRQHandler  ov7725_entrance.o
    0x08002210   0x08002210   0x0000000c   Code   RO          984    i.EXTI_ClearITPendingBit  stm32f10x_exti.o
    0x0800221c   0x0800221c   0x00000010   Code   RO          986    i.EXTI_GenerateSWInterrupt  stm32f10x_exti.o
    0x0800222c   0x0800222c   0x00000028   Code   RO          988    i.EXTI_GetITStatus  stm32f10x_exti.o
    0x08002254   0x08002254   0x00000094   Code   RO          989    i.EXTI_Init         stm32f10x_exti.o
    0x080022e8   0x080022e8   0x00000090   Code   RO         5526    i.Entrance_LP_communication  license_plate_recognition.o
    0x08002378   0x08002378   0x00000048   Code   RO         5693    i.Event_thread_entry  task.o
    0x080023c0   0x080023c0   0x00000140   Code   RO         5527    i.Exit_LP_communication  license_plate_recognition.o
    0x08002500   0x08002500   0x00000034   Code   RO         1222    i.FSMC_NORSRAMCmd   stm32f10x_fsmc.o
    0x08002534   0x08002534   0x000000e6   Code   RO         1224    i.FSMC_NORSRAMInit  stm32f10x_fsmc.o
    0x0800261a   0x0800261a   0x00000002   PAD
    0x0800261c   0x0800261c   0x0000002c   Code   RO         3357    i.GENERAL_TIM_GPIO_Config  pwm.o
    0x08002648   0x08002648   0x0000000c   Code   RO         3358    i.GENERAL_TIM_Init  pwm.o
    0x08002654   0x08002654   0x00000084   Code   RO         3359    i.GENERAL_TIM_Mode_Config  pwm.o
    0x080026d8   0x080026d8   0x00000040   Code   RO         1334    i.GPIO_EXTILineConfig  stm32f10x_gpio.o
    0x08002718   0x08002718   0x00000116   Code   RO         1337    i.GPIO_Init         stm32f10x_gpio.o
    0x0800282e   0x0800282e   0x00000012   Code   RO         1341    i.GPIO_ReadInputDataBit  stm32f10x_gpio.o
    0x08002840   0x08002840   0x00000004   Code   RO         1344    i.GPIO_ResetBits    stm32f10x_gpio.o
    0x08002844   0x08002844   0x00000004   Code   RO         1345    i.GPIO_SetBits      stm32f10x_gpio.o
    0x08002848   0x08002848   0x00000024   Code   RO         3153    i.IWDG_Config       iwdg.o
    0x0800286c   0x0800286c   0x00000010   Code   RO         1649    i.IWDG_Enable       stm32f10x_iwdg.o
    0x0800287c   0x0800287c   0x00000008   Code   RO         3154    i.IWDG_Feed         iwdg.o
    0x08002884   0x08002884   0x00000010   Code   RO         1651    i.IWDG_ReloadCounter  stm32f10x_iwdg.o
    0x08002894   0x08002894   0x0000000c   Code   RO         1652    i.IWDG_SetPrescaler  stm32f10x_iwdg.o
    0x080028a0   0x080028a0   0x0000000c   Code   RO         1653    i.IWDG_SetReload    stm32f10x_iwdg.o
    0x080028ac   0x080028ac   0x0000000c   Code   RO         1654    i.IWDG_WriteAccessCmd  stm32f10x_iwdg.o
    0x080028b8   0x080028b8   0x00000020   Code   RO         5694    i.IWDG_thread_entry  task.o
    0x080028d8   0x080028d8   0x0000000a   Code   RO         5589    i.In_ProcessSoftTimer_callback  parking_detection_processing.o
    0x080028e2   0x080028e2   0x00000002   PAD
    0x080028e4   0x080028e4   0x00000040   Code   RO         3597    i.Infrared_Init     infrared_barrier.o
    0x08002924   0x08002924   0x0000000a   Code   RO         5695    i.Inspection_ProcessSoftTimer_callback  task.o
    0x0800292e   0x0800292e   0x00000002   PAD
    0x08002930   0x08002930   0x00000180   Code   RO         5492    i.Interface_init    lcd_interface_design.o
    0x08002ab0   0x08002ab0   0x0000001c   Code   RO         5590    i.IsKey1Down        parking_detection_processing.o
    0x08002acc   0x08002acc   0x0000001c   Code   RO         5591    i.IsKey2Down        parking_detection_processing.o
    0x08002ae8   0x08002ae8   0x0000001c   Code   RO         5592    i.IsKey3Down        parking_detection_processing.o
    0x08002b04   0x08002b04   0x0000001c   Code   RO         5593    i.IsKey4Down        parking_detection_processing.o
    0x08002b20   0x08002b20   0x0000001c   Code   RO         5594    i.IsKey5Down        parking_detection_processing.o
    0x08002b3c   0x08002b3c   0x0000001c   Code   RO         5595    i.IsKey6Down        parking_detection_processing.o
    0x08002b58   0x08002b58   0x00000018   Code   RO         5596    i.IsKey7Down        parking_detection_processing.o
    0x08002b70   0x08002b70   0x0000004c   Code   RO         3609    i.LCD_Clear         lcd.o
    0x08002bbc   0x08002bbc   0x00000128   Code   RO         3610    i.LCD_GPIOInit      lcd.o
    0x08002ce4   0x08002ce4   0x000001e4   Code   RO         3611    i.LCD_Init          lcd.o
    0x08002ec8   0x08002ec8   0x00000020   Code   RO         3612    i.LCD_RESET         lcd.o
    0x08002ee8   0x08002ee8   0x00000018   Code   RO         3613    i.LCD_SetCursor     lcd.o
    0x08002f00   0x08002f00   0x00000030   Code   RO         3614    i.LCD_SetParam      lcd.o
    0x08002f30   0x08002f30   0x00000050   Code   RO         3615    i.LCD_SetWindows    lcd.o
    0x08002f80   0x08002f80   0x0000000c   Code   RO         3616    i.LCD_WR_DATA       lcd.o
    0x08002f8c   0x08002f8c   0x0000000c   Code   RO         3617    i.LCD_WR_REG        lcd.o
    0x08002f98   0x08002f98   0x00000010   Code   RO         3618    i.LCD_WriteRAM_Prepare  lcd.o
    0x08002fa8   0x08002fa8   0x00000010   Code   RO         3619    i.LCD_WriteReg      lcd.o
    0x08002fb8   0x08002fb8   0x00000094   Code   RO         5493    i.LP_display        lcd_interface_design.o
    0x0800304c   0x0800304c   0x00000004   Code   RO          139    i.MemManage_Handler  stm32f10x_it.o
    0x08003050   0x08003050   0x00000002   Code   RO          140    i.NMI_Handler       stm32f10x_it.o
    0x08003052   0x08003052   0x00000002   PAD
    0x08003054   0x08003054   0x00000070   Code   RO          186    i.NVIC_Init         misc.o
    0x080030c4   0x080030c4   0x00000014   Code   RO          187    i.NVIC_PriorityGroupConfig  misc.o
    0x080030d8   0x080030d8   0x00000110   Code   RO         5528    i.Number_recognition_LP  license_plate_recognition.o
    0x080031e8   0x080031e8   0x0000009c   Code   RO         3690    i.OV7725_FIFO_GPIO_Config  ov7725_entrance.o
    0x08003284   0x08003284   0x00000038   Code   RO         3841    i.OV7725_SCCB_Ack   ov7725sccb_entrance.o
    0x080032bc   0x080032bc   0x00000048   Code   RO         3842    i.OV7725_SCCB_GPIO_Config  ov7725sccb_entrance.o
    0x08003304   0x08003304   0x00000038   Code   RO         3843    i.OV7725_SCCB_NoAck  ov7725sccb_entrance.o
    0x0800333c   0x0800333c   0x0000007a   Code   RO         3844    i.OV7725_SCCB_ReadByte  ov7725sccb_entrance.o
    0x080033b6   0x080033b6   0x00000002   PAD
    0x080033b8   0x080033b8   0x00000054   Code   RO         3845    i.OV7725_SCCB_ReceiveByte  ov7725sccb_entrance.o
    0x0800340c   0x0800340c   0x00000058   Code   RO         3846    i.OV7725_SCCB_SendByte  ov7725sccb_entrance.o
    0x08003464   0x08003464   0x00000068   Code   RO         3847    i.OV7725_SCCB_Start  ov7725sccb_entrance.o
    0x080034cc   0x080034cc   0x00000038   Code   RO         3848    i.OV7725_SCCB_Stop  ov7725sccb_entrance.o
    0x08003504   0x08003504   0x0000004c   Code   RO         3849    i.OV7725_SCCB_WaitAck  ov7725sccb_entrance.o
    0x08003550   0x08003550   0x00000040   Code   RO         3850    i.OV7725_SCCB_WriteByte  ov7725sccb_entrance.o
    0x08003590   0x08003590   0x00000010   Code   RO         3851    i.OV7725_SCCB_delay  ov7725sccb_entrance.o
    0x080035a0   0x080035a0   0x00000080   Code   RO         3691    i.OV7725_VSYNC_GPIO_Config  ov7725_entrance.o
    0x08003620   0x08003620   0x00000064   Code   RO         3692    i.OV7725_entr_Brightness  ov7725_entrance.o
    0x08003684   0x08003684   0x00000028   Code   RO         3693    i.OV7725_entr_Color_Saturation  ov7725_entrance.o
    0x080036ac   0x080036ac   0x00000022   Code   RO         3694    i.OV7725_entr_Contrast  ov7725_entrance.o
    0x080036ce   0x080036ce   0x00000010   Code   RO         3695    i.OV7725_entr_GPIO_Config  ov7725_entrance.o
    0x080036de   0x080036de   0x00000002   PAD
    0x080036e0   0x080036e0   0x00000068   Code   RO         3696    i.OV7725_entr_Init  ov7725_entrance.o
    0x08003748   0x08003748   0x00000116   Code   RO         3697    i.OV7725_entr_Light_Mode  ov7725_entrance.o
    0x0800385e   0x0800385e   0x000000c0   Code   RO         3698    i.OV7725_entr_Special_Effect  ov7725_entrance.o
    0x0800391e   0x0800391e   0x000000e8   Code   RO         3699    i.OV7725_entr_Window_Set  ov7725_entrance.o
    0x08003a06   0x08003a06   0x00000064   Code   RO         3763    i.OV7725_exit_Brightness  ov7725_exit.o
    0x08003a6a   0x08003a6a   0x00000028   Code   RO         3764    i.OV7725_exit_Color_Saturation  ov7725_exit.o
    0x08003a92   0x08003a92   0x00000022   Code   RO         3765    i.OV7725_exit_Contrast  ov7725_exit.o
    0x08003ab4   0x08003ab4   0x00000098   Code   RO         3766    i.OV7725_exit_FIFO_GPIO_Config  ov7725_exit.o
    0x08003b4c   0x08003b4c   0x00000010   Code   RO         3767    i.OV7725_exit_GPIO_Config  ov7725_exit.o
    0x08003b5c   0x08003b5c   0x00000068   Code   RO         3768    i.OV7725_exit_Init  ov7725_exit.o
    0x08003bc4   0x08003bc4   0x00000116   Code   RO         3769    i.OV7725_exit_Light_Mode  ov7725_exit.o
    0x08003cda   0x08003cda   0x00000002   PAD
    0x08003cdc   0x08003cdc   0x00000038   Code   RO         3905    i.OV7725_exit_SCCB_Ack  ov7725sccb_exit.o
    0x08003d14   0x08003d14   0x00000048   Code   RO         3906    i.OV7725_exit_SCCB_GPIO_Config  ov7725sccb_exit.o
    0x08003d5c   0x08003d5c   0x00000038   Code   RO         3907    i.OV7725_exit_SCCB_NoAck  ov7725sccb_exit.o
    0x08003d94   0x08003d94   0x0000007a   Code   RO         3908    i.OV7725_exit_SCCB_ReadByte  ov7725sccb_exit.o
    0x08003e0e   0x08003e0e   0x00000002   PAD
    0x08003e10   0x08003e10   0x00000054   Code   RO         3909    i.OV7725_exit_SCCB_ReceiveByte  ov7725sccb_exit.o
    0x08003e64   0x08003e64   0x00000058   Code   RO         3910    i.OV7725_exit_SCCB_SendByte  ov7725sccb_exit.o
    0x08003ebc   0x08003ebc   0x00000068   Code   RO         3911    i.OV7725_exit_SCCB_Start  ov7725sccb_exit.o
    0x08003f24   0x08003f24   0x00000038   Code   RO         3912    i.OV7725_exit_SCCB_Stop  ov7725sccb_exit.o
    0x08003f5c   0x08003f5c   0x0000004c   Code   RO         3913    i.OV7725_exit_SCCB_WaitAck  ov7725sccb_exit.o
    0x08003fa8   0x08003fa8   0x00000040   Code   RO         3914    i.OV7725_exit_SCCB_WriteByte  ov7725sccb_exit.o
    0x08003fe8   0x08003fe8   0x00000010   Code   RO         3915    i.OV7725_exit_SCCB_delay  ov7725sccb_exit.o
    0x08003ff8   0x08003ff8   0x000000c0   Code   RO         3770    i.OV7725_exit_Special_Effect  ov7725_exit.o
    0x080040b8   0x080040b8   0x00000084   Code   RO         3771    i.OV7725_exit_VSYNC_GPIO_Config  ov7725_exit.o
    0x0800413c   0x0800413c   0x000000e8   Code   RO         3772    i.OV7725_exit_Window_Set  ov7725_exit.o
    0x08004224   0x08004224   0x00000046   Code   RO         5597    i.ParkingDetect     parking_detection_processing.o
    0x0800426a   0x0800426a   0x00000002   PAD
    0x0800426c   0x0800426c   0x000002bc   Code   RO         5494    i.Parking_information  lcd_interface_design.o
    0x08004528   0x08004528   0x00000398   Code   RO         5598    i.Parking_management  parking_detection_processing.o
    0x080048c0   0x080048c0   0x000000ec   Code   RO         5599    i.Parking_recommendation  parking_detection_processing.o
    0x080049ac   0x080049ac   0x00000020   Code   RO         1752    i.RCC_AHBPeriphClockCmd  stm32f10x_rcc.o
    0x080049cc   0x080049cc   0x00000020   Code   RO         1753    i.RCC_APB1PeriphClockCmd  stm32f10x_rcc.o
    0x080049ec   0x080049ec   0x00000020   Code   RO         1755    i.RCC_APB2PeriphClockCmd  stm32f10x_rcc.o
    0x08004a0c   0x08004a0c   0x000000d4   Code   RO         1763    i.RCC_GetClocksFreq  stm32f10x_rcc.o
    0x08004ae0   0x08004ae0   0x00000002   Code   RO          141    i.SVC_Handler       stm32f10x_it.o
    0x08004ae2   0x08004ae2   0x00000002   PAD
    0x08004ae4   0x08004ae4   0x000000e8   Code   RO         5529    i.Scaling_Normalization  license_plate_recognition.o
    0x08004bcc   0x08004bcc   0x00000008   Code   RO           17    i.SetSysClock       system_stm32f10x.o
    0x08004bd4   0x08004bd4   0x000000e0   Code   RO           18    i.SetSysClockTo72   system_stm32f10x.o
    0x08004cb4   0x08004cb4   0x00000178   Code   RO         5399    i.ShowCP            lcd_basic_application.o
    0x08004e2c   0x08004e2c   0x000001e0   Code   RO         5400    i.ShowChar          lcd_basic_application.o
    0x0800500c   0x0800500c   0x00000060   Code   RO         5401    i.ShowString        lcd_basic_application.o
    0x0800506c   0x0800506c   0x000000dc   Code   RO         5402    i.ShowYW24          lcd_basic_application.o
    0x08005148   0x08005148   0x00000118   Code   RO         5403    i.Show_Str          lcd_basic_application.o
    0x08005260   0x08005260   0x00000024   Code   RO         3972    i.Smoke_Init        smoke_sensor.o
    0x08005284   0x08005284   0x0000002e   Code   RO         5797    i.SysInit           system.o
    0x080052b2   0x080052b2   0x00000002   PAD
    0x080052b4   0x080052b4   0x00000060   Code   RO         3379    i.SysTickInit       systick.o
    0x08005314   0x08005314   0x00000010   Code   RO         5763    i.SysTick_Handler   board.o
    0x08005324   0x08005324   0x00000060   Code   RO           20    i.SystemInit        system_stm32f10x.o
    0x08005384   0x08005384   0x00000018   Code   RO         2387    i.TIM_Cmd           stm32f10x_tim.o
    0x0800539c   0x0800539c   0x000000a0   Code   RO         2426    i.TIM_OC3Init       stm32f10x_tim.o
    0x0800543c   0x0800543c   0x00000012   Code   RO         2429    i.TIM_OC3PreloadConfig  stm32f10x_tim.o
    0x0800544e   0x0800544e   0x00000002   PAD
    0x08005450   0x08005450   0x0000007c   Code   RO         2431    i.TIM_OC4Init       stm32f10x_tim.o
    0x080054cc   0x080054cc   0x0000001a   Code   RO         2433    i.TIM_OC4PreloadConfig  stm32f10x_tim.o
    0x080054e6   0x080054e6   0x00000004   Code   RO         2450    i.TIM_SetCompare3   stm32f10x_tim.o
    0x080054ea   0x080054ea   0x00000006   Code   RO         2451    i.TIM_SetCompare4   stm32f10x_tim.o
    0x080054f0   0x080054f0   0x000000a4   Code   RO         2458    i.TIM_TimeBaseInit  stm32f10x_tim.o
    0x08005594   0x08005594   0x00000158   Code   RO         5696    i.TaskInit          task.o
    0x080056ec   0x080056ec   0x0000007c   Code   RO         3481    i.USART3_IRQHandler  esp8266.o
    0x08005768   0x08005768   0x00000012   Code   RO         2919    i.USART_ClearFlag   stm32f10x_usart.o
    0x0800577a   0x0800577a   0x00000018   Code   RO         2923    i.USART_Cmd         stm32f10x_usart.o
    0x08005792   0x08005792   0x0000001a   Code   RO         2926    i.USART_GetFlagStatus  stm32f10x_usart.o
    0x080057ac   0x080057ac   0x00000054   Code   RO         2927    i.USART_GetITStatus  stm32f10x_usart.o
    0x08005800   0x08005800   0x0000004a   Code   RO         2929    i.USART_ITConfig    stm32f10x_usart.o
    0x0800584a   0x0800584a   0x00000002   PAD
    0x0800584c   0x0800584c   0x000000d8   Code   RO         2930    i.USART_Init        stm32f10x_usart.o
    0x08005924   0x08005924   0x0000000a   Code   RO         2937    i.USART_ReceiveData  stm32f10x_usart.o
    0x0800592e   0x0800592e   0x00000008   Code   RO         2940    i.USART_SendData    stm32f10x_usart.o
    0x08005936   0x08005936   0x00000106   Code   RO         3401    i.USART_printf      usart.o
    0x08005a3c   0x08005a3c   0x00000068   Code   RO         5600    i.UrgentDetect      parking_detection_processing.o
    0x08005aa4   0x08005aa4   0x00000004   Code   RO          142    i.UsageFault_Handler  stm32f10x_it.o
    0x08005aa8   0x08005aa8   0x0000008c   Code   RO         3402    i.UsartInit         usart.o
    0x08005b34   0x08005b34   0x0000014c   Code   RO         5697    i.Vehicle_count     task.o
    0x08005c80   0x08005c80   0x000000c8   Code   RO         5698    i.WIFI_thread_entry  task.o
    0x08005d48   0x08005d48   0x00000028   Code   RO         5933    i.__0sprintf$3      mc_w.l(printf3.o)
    0x08005d70   0x08005d70   0x0000004c   Code   RO         4436    i.__rt_ffs          kservice.o
    0x08005dbc   0x08005dbc   0x0000000e   Code   RO         6151    i.__scatterload_copy  mc_w.l(handlers.o)
    0x08005dca   0x08005dca   0x00000002   Code   RO         6152    i.__scatterload_null  mc_w.l(handlers.o)
    0x08005dcc   0x08005dcc   0x0000000e   Code   RO         6153    i.__scatterload_zeroinit  mc_w.l(handlers.o)
    0x08005dda   0x08005dda   0x00000002   PAD
    0x08005ddc   0x08005ddc   0x00000014   Code   RO         4127    i._has_defunct_thread  idle.o
    0x08005df0   0x08005df0   0x0000006a   Code   RO         5228    i._msh_exec_cmd     msh.o
    0x08005e5a   0x08005e5a   0x00000002   PAD
    0x08005e5c   0x08005e5c   0x000001b8   Code   RO         5938    i._printf_core      mc_w.l(printf3.o)
    0x08006014   0x08006014   0x00000084   Code   RO         4839    i._rt_thread_init   thread.o
    0x08006098   0x08006098   0x00000042   Code   RO         4960    i._rt_timer_init    timer.o
    0x080060da   0x080060da   0x0000002e   Code   RO         4961    i._rt_timer_remove  timer.o
    0x08006108   0x08006108   0x0000000a   Code   RO         5940    i._sputc            mc_w.l(printf3.o)
    0x08006112   0x08006112   0x00000002   PAD
    0x08006114   0x08006114   0x0000013c   Code   RO         5495    i.alert             lcd_interface_design.o
    0x08006250   0x08006250   0x000000fc   Code   RO         5067    i.bus_fault_track   cpuport.o
    0x0800634c   0x0800634c   0x0000006c   Code   RO         5601    i.button_process_init  parking_detection_processing.o
    0x080063b8   0x080063b8   0x000001b0   Code   RO         5602    i.button_thread_entry  parking_detection_processing.o
    0x08006568   0x08006568   0x0000000e   Code   RO         5229    i.cmd_free          msh.o
    0x08006576   0x08006576   0x0000000e   Code   RO         5230    i.cmd_ps            msh.o
    0x08006584   0x08006584   0x000000dc   Code   RO         5699    i.entr_thread_entry  task.o
    0x08006660   0x08006660   0x0000008c   Code   RO         5700    i.exit_thread_entry  task.o
    0x080066ec   0x080066ec   0x00000074   Code   RO         5301    i.finsh_get_prompt  shell.o
    0x08006760   0x08006760   0x00000008   Code   RO         5303    i.finsh_getchar     shell.o
    0x08006768   0x08006768   0x0000001c   Code   RO         5306    i.finsh_set_prompt_mode  shell.o
    0x08006784   0x08006784   0x00000014   Code   RO         5307    i.finsh_system_function_init  shell.o
    0x08006798   0x08006798   0x0000009c   Code   RO         5308    i.finsh_system_init  shell.o
    0x08006834   0x08006834   0x000003c8   Code   RO         5310    i.finsh_thread_entry  shell.o
    0x08006bfc   0x08006bfc   0x00000080   Code   RO         5068    i.hard_fault_track  cpuport.o
    0x08006c7c   0x08006c7c   0x00000020   Code   RO         5130    i.hello             cmd.o
    0x08006c9c   0x08006c9c   0x00000062   Code   RO         3406    i.itoa              usart.o
    0x08006cfe   0x08006cfe   0x00000002   PAD
    0x08006d00   0x08006d00   0x00000058   Code   RO         5131    i.list              cmd.o
    0x08006d58   0x08006d58   0x00000144   Code   RO         5132    i.list_event        cmd.o
    0x08006e9c   0x08006e9c   0x0000002a   Code   RO         5133    i.list_find_init    cmd.o
    0x08006ec6   0x08006ec6   0x00000088   Code   RO         5134    i.list_get_next     cmd.o
    0x08006f4e   0x08006f4e   0x00000002   PAD
    0x08006f50   0x08006f50   0x0000015c   Code   RO         5135    i.list_mailbox      cmd.o
    0x080070ac   0x080070ac   0x00000078   Code   RO         4613    i.list_mem          mem.o
    0x08007124   0x08007124   0x00000144   Code   RO         5136    i.list_msgqueue     cmd.o
    0x08007268   0x08007268   0x00000138   Code   RO         5137    i.list_sem          cmd.o
    0x080073a0   0x080073a0   0x000001e4   Code   RO         5138    i.list_thread       cmd.o
    0x08007584   0x08007584   0x00000160   Code   RO         5139    i.list_timer        cmd.o
    0x080076e4   0x080076e4   0x00000010   Code   RO         5745    i.main              main.o
    0x080076f4   0x080076f4   0x0000000e   Code   RO         4048    i.main_thread_entry  components.o
    0x08007702   0x08007702   0x00000002   PAD
    0x08007704   0x08007704   0x000000e8   Code   RO         5069    i.mem_manage_fault_track  cpuport.o
    0x080077ec   0x080077ec   0x000000a0   Code   RO         5231    i.msh_auto_complete  msh.o
    0x0800788c   0x0800788c   0x0000006c   Code   RO         5232    i.msh_exec          msh.o
    0x080078f8   0x080078f8   0x0000005c   Code   RO         5233    i.msh_get_cmd       msh.o
    0x08007954   0x08007954   0x00000074   Code   RO         5234    i.msh_help          msh.o
    0x080079c8   0x080079c8   0x00000004   Code   RO         5235    i.msh_is_used       msh.o
    0x080079cc   0x080079cc   0x000000f0   Code   RO         5236    i.msh_split         msh.o
    0x08007abc   0x08007abc   0x0000001c   Code   RO         5140    i.object_split      cmd.o
    0x08007ad8   0x08007ad8   0x00000078   Code   RO         4614    i.plug_holes        mem.o
    0x08007b50   0x08007b50   0x00000198   Code   RO         4438    i.print_number      kservice.o
    0x08007ce8   0x08007ce8   0x0000002c   Code   RO         4049    i.rt_application_init  components.o
    0x08007d14   0x08007d14   0x00000022   Code   RO         4615    i.rt_calloc         mem.o
    0x08007d36   0x08007d36   0x00000002   PAD
    0x08007d38   0x08007d38   0x0000001c   Code   RO         4050    i.rt_components_board_init  components.o
    0x08007d54   0x08007d54   0x0000001c   Code   RO         4051    i.rt_components_init  components.o
    0x08007d70   0x08007d70   0x00000020   Code   RO         4767    i.rt_enter_critical  scheduler.o
    0x08007d90   0x08007d90   0x00000026   Code   RO         4180    i.rt_event_create   ipc.o
    0x08007db6   0x08007db6   0x000000da   Code   RO         4184    i.rt_event_recv     ipc.o
    0x08007e90   0x08007e90   0x000000b4   Code   RO         4185    i.rt_event_send     ipc.o
    0x08007f44   0x08007f44   0x00000044   Code   RO         4768    i.rt_exit_critical  scheduler.o
    0x08007f88   0x08007f88   0x000000e0   Code   RO         4616    i.rt_free           mem.o
    0x08008068   0x08008068   0x00000008   Code   RO         5764    i.rt_heap_begin_get  board.o
    0x08008070   0x08008070   0x00000008   Code   RO         5765    i.rt_heap_end_get   board.o
    0x08008078   0x08008078   0x0000001e   Code   RO         5766    i.rt_hw_board_init  board.o
    0x08008096   0x08008096   0x00000002   PAD
    0x08008098   0x08008098   0x00000044   Code   RO         3407    i.rt_hw_console_getchar  usart.o
    0x080080dc   0x080080dc   0x00000050   Code   RO         3408    i.rt_hw_console_output  usart.o
    0x0800812c   0x0800812c   0x00000208   Code   RO         5073    i.rt_hw_hard_fault_exception  cpuport.o
    0x08008334   0x08008334   0x0000004c   Code   RO         5074    i.rt_hw_stack_init  cpuport.o
    0x08008380   0x08008380   0x00000020   Code   RO         4409    i.rt_interrupt_enter  irq.o
    0x080083a0   0x080083a0   0x00000020   Code   RO         4411    i.rt_interrupt_leave  irq.o
    0x080083c0   0x080083c0   0x00000014   Code   RO         4186    i.rt_ipc_list_resume  ipc.o
    0x080083d4   0x080083d4   0x00000032   Code   RO         4187    i.rt_ipc_list_resume_all  ipc.o
    0x08008406   0x08008406   0x0000006c   Code   RO         4188    i.rt_ipc_list_suspend  ipc.o
    0x08008472   0x08008472   0x00000010   Code   RO         4189    i.rt_ipc_object_init  ipc.o
    0x08008482   0x08008482   0x00000002   PAD
    0x08008484   0x08008484   0x00000030   Code   RO         4442    i.rt_kprintf        kservice.o
    0x080084b4   0x080084b4   0x00000006   Code   RO         4190    i.rt_list_init      ipc.o
    0x080084ba   0x080084ba   0x00000006   Code   RO         4769    i.rt_list_init      scheduler.o
    0x080084c0   0x080084c0   0x00000006   Code   RO         4962    i.rt_list_init      timer.o
    0x080084c6   0x080084c6   0x0000000e   Code   RO         4691    i.rt_list_insert_after  object.o
    0x080084d4   0x080084d4   0x0000000e   Code   RO         4840    i.rt_list_insert_after  thread.o
    0x080084e2   0x080084e2   0x0000000e   Code   RO         4963    i.rt_list_insert_after  timer.o
    0x080084f0   0x080084f0   0x0000000e   Code   RO         4191    i.rt_list_insert_before  ipc.o
    0x080084fe   0x080084fe   0x00000010   Code   RO         4192    i.rt_list_isempty   ipc.o
    0x0800850e   0x0800850e   0x00000010   Code   RO         4964    i.rt_list_isempty   timer.o
    0x0800851e   0x0800851e   0x00000010   Code   RO         5141    i.rt_list_isempty   cmd.o
    0x0800852e   0x0800852e   0x00000014   Code   RO         5142    i.rt_list_len       cmd.o
    0x08008542   0x08008542   0x00000012   Code   RO         4692    i.rt_list_remove    object.o
    0x08008554   0x08008554   0x00000012   Code   RO         4841    i.rt_list_remove    thread.o
    0x08008566   0x08008566   0x00000002   PAD
    0x08008568   0x08008568   0x0000016c   Code   RO         4617    i.rt_malloc         mem.o
    0x080086d4   0x080086d4   0x0000007c   Code   RO         4446    i.rt_memcpy         kservice.o
    0x08008750   0x08008750   0x00000042   Code   RO         4447    i.rt_memmove        kservice.o
    0x08008792   0x08008792   0x00000048   Code   RO         4448    i.rt_memset         kservice.o
    0x080087da   0x080087da   0x00000080   Code   RO         4202    i.rt_mq_create      ipc.o
    0x0800885a   0x0800885a   0x0000001c   Code   RO         4203    i.rt_mq_delete      ipc.o
    0x08008876   0x08008876   0x000000fc   Code   RO         4206    i.rt_mq_recv        ipc.o
    0x08008972   0x08008972   0x0000008c   Code   RO         4207    i.rt_mq_send        ipc.o
    0x080089fe   0x080089fe   0x00000084   Code   RO         4208    i.rt_mq_urgent      ipc.o
    0x08008a82   0x08008a82   0x00000054   Code   RO         4693    i.rt_object_allocate  object.o
    0x08008ad6   0x08008ad6   0x00000024   Code   RO         4694    i.rt_object_delete  object.o
    0x08008afa   0x08008afa   0x0000001e   Code   RO         4695    i.rt_object_detach  object.o
    0x08008b18   0x08008b18   0x00000028   Code   RO         4697    i.rt_object_get_information  object.o
    0x08008b40   0x08008b40   0x00000056   Code   RO         4699    i.rt_object_init    object.o
    0x08008b96   0x08008b96   0x00000012   Code   RO         4700    i.rt_object_is_systemobject  object.o
    0x08008ba8   0x08008ba8   0x00000084   Code   RO         4770    i.rt_schedule       scheduler.o
    0x08008c2c   0x08008c2c   0x00000050   Code   RO         4771    i.rt_schedule_insert_thread  scheduler.o
    0x08008c7c   0x08008c7c   0x00000054   Code   RO         4772    i.rt_schedule_remove_thread  scheduler.o
    0x08008cd0   0x08008cd0   0x0000002a   Code   RO         4210    i.rt_sem_create     ipc.o
    0x08008cfa   0x08008cfa   0x00000026   Code   RO         4213    i.rt_sem_init       ipc.o
    0x08008d20   0x08008d20   0x0000003a   Code   RO         4214    i.rt_sem_release    ipc.o
    0x08008d5a   0x08008d5a   0x00000074   Code   RO         4215    i.rt_sem_take       ipc.o
    0x08008dce   0x08008dce   0x00000002   PAD
    0x08008dd0   0x08008dd0   0x000000b0   Code   RO         4450    i.rt_show_version   kservice.o
    0x08008e80   0x08008e80   0x00000012   Code   RO         4456    i.rt_strlen         kservice.o
    0x08008e92   0x08008e92   0x00000034   Code   RO         4458    i.rt_strncpy        kservice.o
    0x08008ec6   0x08008ec6   0x00000002   PAD
    0x08008ec8   0x08008ec8   0x000000f8   Code   RO         4620    i.rt_system_heap_init  mem.o
    0x08008fc0   0x08008fc0   0x0000004c   Code   RO         4773    i.rt_system_scheduler_init  scheduler.o
    0x0800900c   0x0800900c   0x00000030   Code   RO         4774    i.rt_system_scheduler_start  scheduler.o
    0x0800903c   0x0800903c   0x0000001c   Code   RO         4965    i.rt_system_timer_init  timer.o
    0x08009058   0x08009058   0x00000002   Code   RO         4966    i.rt_system_timer_thread_init  timer.o
    0x0800905a   0x0800905a   0x00000050   Code   RO         4843    i.rt_thread_create  thread.o
    0x080090aa   0x080090aa   0x00000002   PAD
    0x080090ac   0x080090ac   0x00000058   Code   RO         4847    i.rt_thread_exit    thread.o
    0x08009104   0x08009104   0x00000028   Code   RO         4129    i.rt_thread_idle_entry  idle.o
    0x0800912c   0x0800912c   0x00000090   Code   RO         4130    i.rt_thread_idle_excute  idle.o
    0x080091bc   0x080091bc   0x0000003c   Code   RO         4132    i.rt_thread_idle_init  idle.o
    0x080091f8   0x080091f8   0x00000034   Code   RO         4849    i.rt_thread_init    thread.o
    0x0800922c   0x0800922c   0x00000014   Code   RO         4850    i.rt_thread_mdelay  thread.o
    0x08009240   0x08009240   0x0000003c   Code   RO         4851    i.rt_thread_resume  thread.o
    0x0800927c   0x0800927c   0x0000000c   Code   RO         4852    i.rt_thread_self    thread.o
    0x08009288   0x08009288   0x00000044   Code   RO         4853    i.rt_thread_sleep   thread.o
    0x080092cc   0x080092cc   0x0000002c   Code   RO         4854    i.rt_thread_startup  thread.o
    0x080092f8   0x080092f8   0x00000044   Code   RO         4855    i.rt_thread_suspend  thread.o
    0x0800933c   0x0800933c   0x00000020   Code   RO         4856    i.rt_thread_timeout  thread.o
    0x0800935c   0x0800935c   0x00000064   Code   RO         4857    i.rt_thread_yield   thread.o
    0x080093c0   0x080093c0   0x00000038   Code   RO         3985    i.rt_tick_from_millisecond  clock.o
    0x080093f8   0x080093f8   0x0000000c   Code   RO         3986    i.rt_tick_get       clock.o
    0x08009404   0x08009404   0x00000030   Code   RO         3987    i.rt_tick_increase  clock.o
    0x08009434   0x08009434   0x0000007c   Code   RO         4967    i.rt_timer_check    timer.o
    0x080094b0   0x080094b0   0x00000038   Code   RO         4968    i.rt_timer_control  timer.o
    0x080094e8   0x080094e8   0x00000036   Code   RO         4969    i.rt_timer_create   timer.o
    0x0800951e   0x0800951e   0x00000020   Code   RO         4971    i.rt_timer_detach   timer.o
    0x0800953e   0x0800953e   0x0000002e   Code   RO         4972    i.rt_timer_init     timer.o
    0x0800956c   0x0800956c   0x000000f8   Code   RO         4975    i.rt_timer_start    timer.o
    0x08009664   0x08009664   0x00000030   Code   RO         4976    i.rt_timer_stop     timer.o
    0x08009694   0x08009694   0x00000330   Code   RO         4461    i.rt_vsnprintf      kservice.o
    0x080099c4   0x080099c4   0x00000004   Code   RO         4052    i.rti_board_end     components.o
    0x080099c8   0x080099c8   0x00000004   Code   RO         4053    i.rti_board_start   components.o
    0x080099cc   0x080099cc   0x00000004   Code   RO         4054    i.rti_end           components.o
    0x080099d0   0x080099d0   0x00000004   Code   RO         4055    i.rti_start         components.o
    0x080099d4   0x080099d4   0x0000002a   Code   RO         4056    i.rtthread_startup  components.o
    0x080099fe   0x080099fe   0x00000002   PAD
    0x08009a00   0x08009a00   0x00000038   Code   RO         5311    i.shell_auto_complete  shell.o
    0x08009a38   0x08009a38   0x00000030   Code   RO         5143    i.show_wait_queue   cmd.o
    0x08009a68   0x08009a68   0x00000026   Code   RO         4463    i.skip_atoi         kservice.o
    0x08009a8e   0x08009a8e   0x00000020   Code   RO         5237    i.str_common        msh.o
    0x08009aae   0x08009aae   0x00000002   PAD
    0x08009ab0   0x08009ab0   0x000000e8   Code   RO         5075    i.usage_fault_track  cpuport.o
    0x08009b98   0x08009b98   0x0000000a   Code   RO         5144    i.version           cmd.o
    0x08009ba2   0x08009ba2   0x00000122   Data   RO         4465    .constdata          kservice.o
    0x08009cc4   0x08009cc4   0x00000009   Data   RO         4622    .constdata          mem.o
    0x08009ccd   0x08009ccd   0x000000d1   Data   RO         5145    .constdata          cmd.o
    0x08009d9e   0x08009d9e   0x0000001f   Data   RO         5238    .constdata          msh.o
    0x08009dbd   0x08009dbd   0x000018ae   Data   RO         5404    .constdata          lcd_basic_application.o
    0x0800b66b   0x0800b66b   0x00000e2e   Data   RO         5531    .constdata          license_plate_recognition.o
    0x0800c499   0x0800c499   0x00000003   PAD
    0x0800c49c   0x0800c49c   0x00000044   Data   RO         5146    .conststring        cmd.o
    0x0800c4e0   0x0800c4e0   0x0000003d   Data   RO         5701    .conststring        task.o
    0x0800c51d   0x0800c51d   0x00000003   PAD
    0x0800c520   0x0800c520   0x00000004   Data   RO         4057    .rti_fn.0           components.o
    0x0800c524   0x0800c524   0x00000004   Data   RO         4058    .rti_fn.0.end       components.o
    0x0800c528   0x0800c528   0x00000004   Data   RO         4059    .rti_fn.1.end       components.o
    0x0800c52c   0x0800c52c   0x00000004   Data   RO         3622    .rti_fn.6           lcd.o
    0x0800c530   0x0800c530   0x00000004   Data   RO         5314    .rti_fn.6           shell.o
    0x0800c534   0x0800c534   0x00000004   Data   RO         5605    .rti_fn.6           parking_detection_processing.o
    0x0800c538   0x0800c538   0x00000004   Data   RO         4060    .rti_fn.6.end       components.o
    0x0800c53c   0x0800c53c   0x00000008   Data   RO         4624    FSymTab             mem.o
    0x0800c544   0x0800c544   0x00000080   Data   RO         5147    FSymTab             cmd.o
    0x0800c5c4   0x0800c5c4   0x00000018   Data   RO         5239    FSymTab             msh.o
    0x0800c5dc   0x0800c5dc   0x00000020   Data   RO         6149    Region$$Table       anon$$obj.o


    Execution Region RW_IRAM1 (Exec base: 0x20000000, Load base: 0x0800c5fc, Size: 0x0000c9c8, Max: 0x00010000, ABSOLUTE, COMPRESSED[0x00000148])

    Exec Addr    Load Addr    Size         Type   Attr      Idx    E Section Name        Object

    0x20000000   COMPRESSED   0x00000014   Data   RW           21    .data               system_stm32f10x.o
    0x20000014   COMPRESSED   0x00000014   Data   RW         1783    .data               stm32f10x_rcc.o
    0x20000028   COMPRESSED   0x00000001   Data   RW         3483    .data               esp8266.o
    0x20000029   COMPRESSED   0x00000001   PAD
    0x2000002a   COMPRESSED   0x00000006   Data   RW         3621    .data               lcd.o
    0x20000030   COMPRESSED   0x0000009c   Data   RW         3700    .data               ov7725_entrance.o
    0x200000cc   COMPRESSED   0x0000009c   Data   RW         3774    .data               ov7725_exit.o
    0x20000168   COMPRESSED   0x00000004   Data   RW         3989    .data               clock.o
    0x2000016c   COMPRESSED   0x00000001   Data   RW         4412    .data               irq.o
    0x2000016d   COMPRESSED   0x00000003   PAD
    0x20000170   COMPRESSED   0x00000018   Data   RW         4623    .data               mem.o
    0x20000188   COMPRESSED   0x00000060   Data   RW         4702    .data               object.o
    0x200001e8   COMPRESSED   0x00000018   Data   RW         4776    .data               scheduler.o
    0x20000200   COMPRESSED   0x0000000c   Data   RW         4977    .data               timer.o
    0x2000020c   COMPRESSED   0x00000010   Data   RW         5076    .data               cpuport.o
    0x2000021c   COMPRESSED   0x00000018   Data   RW         5313    .data               shell.o
    0x20000234   COMPRESSED   0x0000000f   Data   RW         5532    .data               license_plate_recognition.o
    0x20000243   COMPRESSED   0x00000001   PAD
    0x20000244   COMPRESSED   0x00000011   Data   RW         5604    .data               parking_detection_processing.o
    0x20000255   COMPRESSED   0x00000003   PAD
    0x20000258   COMPRESSED   0x000000a0   Data   RW         5702    .data               task.o
    0x200002f8   COMPRESSED   0x00000018   Data   RW         5746    .data               main.o
    0x20000310        -       0x00000402   Zero   RW         3482    .bss                esp8266.o
    0x20000712        -       0x0000000e   Zero   RW         3620    .bss                lcd.o
    0x20000720        -       0x000001a0   Zero   RW         4134    .bss                idle.o
    0x200008c0        -       0x00000080   Zero   RW         4464    .bss                kservice.o
    0x20000940        -       0x00000028   Zero   RW         4621    .bss                mem.o
    0x20000968        -       0x00000040   Zero   RW         4775    .bss                scheduler.o
    0x200009a8        -       0x00000081   Zero   RW         5312    .bss                shell.o
    0x20000a29        -       0x00003b2e   Zero   RW         5530    .bss                license_plate_recognition.o
    0x20004557   COMPRESSED   0x00000001   PAD
    0x20004558        -       0x00000070   Zero   RW         5603    .bss                parking_detection_processing.o
    0x200045c8        -       0x00008000   Zero   RW         5767    .bss                board.o
    0x2000c5c8        -       0x00000400   Zero   RW          130    STACK               startup_stm32f10x_hd.o


==============================================================================

Image component sizes


      Code (inc. data)   RO Data    RW Data    ZI Data      Debug   Object Name

        62          8          0          0      32768       2463   board.o
       116         12          0          4          0       8298   clock.o
      2564        870        405          0          0      16555   cmd.o
       182         28         16          0          0       5720   components.o
       244         26          0          0          0        784   context_rvds.o
         0          0          0          0          0       4540   core_cm3.o
      1440        724          0         16          0       5446   cpuport.o
      1556        298          0          1       1026       9903   esp8266.o
       264         36          0          0        416       5642   idle.o
        64          8          0          0          0        540   infrared_barrier.o
      1600          0          0          0          0      16250   ipc.o
        64         12          0          1          0       1558   irq.o
        44          0          0          0          0     258250   iwdg.o
      1894        164        290          0        128      10221   kservice.o
      1096         78          4          6         14       9173   lcd.o
      2982        104       6318          0          0      15310   lcd_basic_application.o
      1548        178          0          0          0       2180   lcd_interface_design.o
      3924        248       3630         15      15150      10570   license_plate_recognition.o
        16          0          0         24          0        907   main.o
      1110        310         17         24         40       5110   mem.o
       132         22          0          0          0       1559   misc.o
       886        154         55          0          0       8981   msh.o
       326          4          0         96          0       8188   object.o
      1388         66          0        156          0       7532   ov7725_entrance.o
      1384         64          0        156          0       7460   ov7725_exit.o
       794         34          0          0          0       6437   ov7725sccb_entrance.o
       794         34          0          0          0       6412   ov7725sccb_exit.o
      2572        446          4         17        112      12048   parking_detection_processing.o
       188         12          0          0          0       1451   pwm.o
       526         90          0         24         64       8346   scheduler.o
      1352        152          4         24        129       9976   shell.o
        36          4          0          0          0        497   smoke_sensor.o
        36          8        304          0       1024        788   startup_stm32f10x_hd.o
       216         22          0          0          0       2671   stm32f10x_exti.o
       282          6          0          0          0       1837   stm32f10x_fsmc.o
       368          4          0          0          0       4314   stm32f10x_gpio.o
        18          0          0          0          0       2551   stm32f10x_it.o
        68         30          0          0          0       2502   stm32f10x_iwdg.o
       308         38          0         20          0       5022   stm32f10x_rcc.o
       526         62          0          0          0       5463   stm32f10x_tim.o
       460          6          0          0          0       6787   stm32f10x_usart.o
       174          0          0          0          0       1414   system.o
       328         28          0         20          0     260621   system_stm32f10x.o
        96         12          0          0          0      15717   systick.o
      1350        300         61        160          0       4884   task.o
       788         38          0          0          0      11676   thread.o
       786         20          0         12          0      11806   timer.o
       648         20          0          0          0       3782   usart.o

    ----------------------------------------------------------------------
     37656       4780      11146        784      50872     810142   Object Totals
         0          0         32          0          0          0   (incl. Generated)
        56          0          6          8          1          0   (incl. Padding)

    ----------------------------------------------------------------------

      Code (inc. data)   RO Data    RW Data    ZI Data      Debug   Library Member Name

        86          0          0          0          0          0   __dczerorl2.o
         0          0          0          0          0          0   entry.o
         0          0          0          0          0          0   entry10a.o
         0          0          0          0          0          0   entry11a.o
         4          0          0          0          0          0   entry12b.o
         8          4          0          0          0          0   entry2.o
         4          0          0          0          0          0   entry5.o
         0          0          0          0          0          0   entry7b.o
         0          0          0          0          0          0   entry8b.o
         8          4          0          0          0          0   entry9a.o
        30          0          0          0          0          0   handlers.o
        36          8          0          0          0         68   init.o
         0          0          0          0          0          0   iusefp.o
        30          0          0          0          0         68   llshl.o
        36          0          0          0          0         68   llsshr.o
        32          0          0          0          0         68   llushr.o
        36          0          0          0          0         68   memcpya.o
        36          0          0          0          0        108   memseta.o
       490         10          0          0          0        252   printf3.o
        24          0          0          0          0         68   strcat.o
        28          0          0          0          0         76   strcmp.o
        18          0          0          0          0         68   strcpy.o
        14          0          0          0          0         68   strlen.o
        30          0          0          0          0         80   strncmp.o
        24          0          0          0          0         76   strncpy.o
        36          0          0          0          0         80   strstr.o
        44          0          0          0          0         80   uidiv.o
       334          0          0          0          0        148   dadd.o
       186          0          0          0          0        176   depilogue.o
        50          0          0          0          0         76   dfixui.o
        26          0          0          0          0         76   dfltui.o
       228          0          0          0          0         96   dmul.o

    ----------------------------------------------------------------------
      1882         26          0          0          0       1868   Library Totals
         4          0          0          0          0          0   (incl. Padding)

    ----------------------------------------------------------------------

      Code (inc. data)   RO Data    RW Data    ZI Data      Debug   Library Name

      1054         26          0          0          0       1296   mc_w.l
       824          0          0          0          0        572   mf_w.l

    ----------------------------------------------------------------------
      1882         26          0          0          0       1868   Library Totals

    ----------------------------------------------------------------------

==============================================================================


      Code (inc. data)   RO Data    RW Data    ZI Data      Debug   

     39538       4806      11146        784      50872     794458   Grand Totals
     39538       4806      11146        328      50872     794458   ELF Image Totals (compressed)
     39538       4806      11146        328          0          0   ROM Totals

==============================================================================

    Total RO  Size (Code + RO Data)                50684 (  49.50kB)
    Total RW  Size (RW Data + ZI Data)             51656 (  50.45kB)
    Total ROM Size (Code + RO Data + RW Data)      51012 (  49.82kB)

==============================================================================

