Component: ARM Compiler 5.06 update 7 (build 960) Tool: armlink [4d3601]

==============================================================================

Section Cross References

    system_stm32f10x.o(i.SystemCoreClockUpdate) refers to system_stm32f10x.o(.data) for .data
    system_stm32f10x.o(i.SystemInit) refers to system_stm32f10x.o(i.SetSysClockTo72) for SetSysClockTo72
    startup_stm32f10x_hd.o(STACK) refers (Special) to heapauxi.o(.text) for __use_two_region_memory
    startup_stm32f10x_hd.o(HEAP) refers (Special) to heapauxi.o(.text) for __use_two_region_memory
    startup_stm32f10x_hd.o(RESET) refers (Special) to heapauxi.o(.text) for __use_two_region_memory
    startup_stm32f10x_hd.o(RESET) refers to startup_stm32f10x_hd.o(STACK) for __initial_sp
    startup_stm32f10x_hd.o(RESET) refers to startup_stm32f10x_hd.o(.text) for Reset_Handler
    startup_stm32f10x_hd.o(RESET) refers to stm32f10x_it.o(i.NMI_Handler) for NMI_Handler
    startup_stm32f10x_hd.o(RESET) refers to context_rvds.o(.text) for HardFault_Handler
    startup_stm32f10x_hd.o(RESET) refers to stm32f10x_it.o(i.MemManage_Handler) for MemManage_Handler
    startup_stm32f10x_hd.o(RESET) refers to stm32f10x_it.o(i.BusFault_Handler) for BusFault_Handler
    startup_stm32f10x_hd.o(RESET) refers to stm32f10x_it.o(i.UsageFault_Handler) for UsageFault_Handler
    startup_stm32f10x_hd.o(RESET) refers to stm32f10x_it.o(i.SVC_Handler) for SVC_Handler
    startup_stm32f10x_hd.o(RESET) refers to stm32f10x_it.o(i.DebugMon_Handler) for DebugMon_Handler
    startup_stm32f10x_hd.o(RESET) refers to board.o(i.SysTick_Handler) for SysTick_Handler
    startup_stm32f10x_hd.o(RESET) refers to ov7725_entrance.o(i.EXTI9_5_IRQHandler) for EXTI9_5_IRQHandler
    startup_stm32f10x_hd.o(RESET) refers to esp8266.o(i.USART3_IRQHandler) for USART3_IRQHandler
    startup_stm32f10x_hd.o(RESET) refers to ov7725_exit.o(i.EXTI15_10_IRQHandler) for EXTI15_10_IRQHandler
    startup_stm32f10x_hd.o(.text) refers (Special) to heapauxi.o(.text) for __use_two_region_memory
    startup_stm32f10x_hd.o(.text) refers to system_stm32f10x.o(i.SystemInit) for SystemInit
    startup_stm32f10x_hd.o(.text) refers to __main.o(!!!main) for __main
    startup_stm32f10x_hd.o(.text) refers to startup_stm32f10x_hd.o(HEAP) for Heap_Mem
    startup_stm32f10x_hd.o(.text) refers to startup_stm32f10x_hd.o(STACK) for Stack_Mem
    stm32f10x_adc.o(i.ADC_DeInit) refers to stm32f10x_rcc.o(i.RCC_APB2PeriphResetCmd) for RCC_APB2PeriphResetCmd
    stm32f10x_bkp.o(i.BKP_DeInit) refers to stm32f10x_rcc.o(i.RCC_BackupResetCmd) for RCC_BackupResetCmd
    stm32f10x_can.o(i.CAN_DeInit) refers to stm32f10x_rcc.o(i.RCC_APB1PeriphResetCmd) for RCC_APB1PeriphResetCmd
    stm32f10x_can.o(i.CAN_GetITStatus) refers to stm32f10x_can.o(i.CheckITStatus) for CheckITStatus
    stm32f10x_cec.o(i.CEC_DeInit) refers to stm32f10x_rcc.o(i.RCC_APB1PeriphResetCmd) for RCC_APB1PeriphResetCmd
    stm32f10x_dac.o(i.DAC_DeInit) refers to stm32f10x_rcc.o(i.RCC_APB1PeriphResetCmd) for RCC_APB1PeriphResetCmd
    stm32f10x_flash.o(i.FLASH_EnableWriteProtection) refers to stm32f10x_flash.o(i.FLASH_WaitForLastOperation) for FLASH_WaitForLastOperation
    stm32f10x_flash.o(i.FLASH_EraseAllBank1Pages) refers to stm32f10x_flash.o(i.FLASH_WaitForLastBank1Operation) for FLASH_WaitForLastBank1Operation
    stm32f10x_flash.o(i.FLASH_EraseAllPages) refers to stm32f10x_flash.o(i.FLASH_WaitForLastOperation) for FLASH_WaitForLastOperation
    stm32f10x_flash.o(i.FLASH_EraseOptionBytes) refers to stm32f10x_flash.o(i.FLASH_GetReadOutProtectionStatus) for FLASH_GetReadOutProtectionStatus
    stm32f10x_flash.o(i.FLASH_EraseOptionBytes) refers to stm32f10x_flash.o(i.FLASH_WaitForLastOperation) for FLASH_WaitForLastOperation
    stm32f10x_flash.o(i.FLASH_ErasePage) refers to stm32f10x_flash.o(i.FLASH_WaitForLastOperation) for FLASH_WaitForLastOperation
    stm32f10x_flash.o(i.FLASH_ProgramHalfWord) refers to stm32f10x_flash.o(i.FLASH_WaitForLastOperation) for FLASH_WaitForLastOperation
    stm32f10x_flash.o(i.FLASH_ProgramOptionByteData) refers to stm32f10x_flash.o(i.FLASH_WaitForLastOperation) for FLASH_WaitForLastOperation
    stm32f10x_flash.o(i.FLASH_ProgramWord) refers to stm32f10x_flash.o(i.FLASH_WaitForLastOperation) for FLASH_WaitForLastOperation
    stm32f10x_flash.o(i.FLASH_ReadOutProtection) refers to stm32f10x_flash.o(i.FLASH_WaitForLastOperation) for FLASH_WaitForLastOperation
    stm32f10x_flash.o(i.FLASH_UserOptionByteConfig) refers to stm32f10x_flash.o(i.FLASH_WaitForLastOperation) for FLASH_WaitForLastOperation
    stm32f10x_flash.o(i.FLASH_WaitForLastBank1Operation) refers to stm32f10x_flash.o(i.FLASH_GetBank1Status) for FLASH_GetBank1Status
    stm32f10x_flash.o(i.FLASH_WaitForLastOperation) refers to stm32f10x_flash.o(i.FLASH_GetBank1Status) for FLASH_GetBank1Status
    stm32f10x_gpio.o(i.GPIO_AFIODeInit) refers to stm32f10x_rcc.o(i.RCC_APB2PeriphResetCmd) for RCC_APB2PeriphResetCmd
[...]
    EXTI_GenerateSWInterrupt                 0x08001f09   Thumb Code    10  stm32f10x_exti.o(i.EXTI_GenerateSWInterrupt)
    EXTI_GetITStatus                         0x08001f19   Thumb Code    28  stm32f10x_exti.o(i.EXTI_GetITStatus)
    EXTI_Init                                0x08001f39   Thumb Code   108  stm32f10x_exti.o(i.EXTI_Init)
    Entrance_LP_communication                0x08001fa9   Thumb Code    82  license_plate_recognition.o(i.Entrance_LP_communication)
    Exit_LP_communication                    0x08002069   Thumb Code   214  license_plate_recognition.o(i.Exit_LP_communication)
    FSMC_NORSRAMCmd                          0x0800217d   Thumb Code    26  stm32f10x_fsmc.o(i.FSMC_NORSRAMCmd)
    FSMC_NORSRAMInit                         0x0800219d   Thumb Code   200  stm32f10x_fsmc.o(i.FSMC_NORSRAMInit)
    GENERAL_TIM_Init                         0x08002265   Thumb Code    42  pwm.o(i.GENERAL_TIM_Init)
    GPIO_EXTILineConfig                      0x08002319   Thumb Code    34  stm32f10x_gpio.o(i.GPIO_EXTILineConfig)
    GPIO_Init                                0x08002341   Thumb Code   156  stm32f10x_gpio.o(i.GPIO_Init)
    GPIO_ReadInputDataBit                    0x080023dd   Thumb Code    14  stm32f10x_gpio.o(i.GPIO_ReadInputDataBit)
    GPIO_ResetBits                           0x080023eb   Thumb Code     4  stm32f10x_gpio.o(i.GPIO_ResetBits)
    GPIO_SetBits                             0x080023ef   Thumb Code     4  stm32f10x_gpio.o(i.GPIO_SetBits)
    IWDG_Config                              0x080023f3   Thumb Code    38  iwdg.o(i.IWDG_Config)
    IWDG_Enable                              0x08002419   Thumb Code    10  stm32f10x_iwdg.o(i.IWDG_Enable)
    IWDG_Feed                                0x08002429   Thumb Code     4  iwdg.o(i.IWDG_Feed)
    IWDG_ReloadCounter                       0x0800242d   Thumb Code    10  stm32f10x_iwdg.o(i.IWDG_ReloadCounter)
    IWDG_SetPrescaler                        0x0800243d   Thumb Code     6  stm32f10x_iwdg.o(i.IWDG_SetPrescaler)
    IWDG_SetReload                           0x08002449   Thumb Code     6  stm32f10x_iwdg.o(i.IWDG_SetReload)
    IWDG_WriteAccessCmd                      0x08002455   Thumb Code     6  stm32f10x_iwdg.o(i.IWDG_WriteAccessCmd)
    Infrared_Init                            0x08002485   Thumb Code    54  infrared_barrier.o(i.Infrared_Init)
    Interface_init                           0x080024c9   Thumb Code   236  lcd_interface_design.o(i.Interface_init)
    LCD_Clear                                0x080026dd   Thumb Code    60  lcd.o(i.LCD_Clear)
    LCD_GPIOInit                             0x08002721   Thumb Code   240  lcd.o(i.LCD_GPIOInit)
    LCD_Init                                 0x08002825   Thumb Code    56  lcd.o(i.LCD_Init)
    LCD_RESET                                0x08002869   Thumb Code    26  lcd.o(i.LCD_RESET)
    LCD_SetCursor                            0x08002889   Thumb Code    12  lcd.o(i.LCD_SetCursor)
    LCD_SetParam                             0x08002895   Thumb Code    38  lcd.o(i.LCD_SetParam)
    LCD_SetWindows                           0x080028c1   Thumb Code    18  lcd.o(i.LCD_SetWindows)
    LCD_WR_DATA                              0x080028dd   Thumb Code     6  lcd.o(i.LCD_WR_DATA)
    LCD_WriteRAM_Prepare                     0x080028e9   Thumb Code    10  lcd.o(i.LCD_WriteRAM_Prepare)
    LCD_WriteReg                             0x080028fd   Thumb Code    10  lcd.o(i.LCD_WriteReg)
    LP_display                               0x0800290d   Thumb Code   120  lcd_interface_design.o(i.LP_display)
    MemManage_Handler                        0x08002995   Thumb Code     2  stm32f10x_it.o(i.MemManage_Handler)
    NMI_Handler                              0x08002997   Thumb Code     2  stm32f10x_it.o(i.NMI_Handler)
    NVIC_Init                                0x08002999   Thumb Code    94  misc.o(i.NVIC_Init)
    NVIC_PriorityGroupConfig                 0x080029fd   Thumb Code    10  misc.o(i.NVIC_PriorityGroupConfig)
    Number_recognition_LP                    0x08002a11   Thumb Code   172  license_plate_recognition.o(i.Number_recognition_LP)
    OV7725_SCCB_GPIO_Config                  0x08002b75   Thumb Code    64  ov7725sccb_entrance.o(i.OV7725_SCCB_GPIO_Config)
    OV7725_SCCB_ReadByte                     0x08002bb9   Thumb Code   246  ov7725sccb_entrance.o(i.OV7725_SCCB_ReadByte)
    OV7725_SCCB_WriteByte                    0x08002df9   Thumb Code    62  ov7725sccb_entrance.o(i.OV7725_SCCB_WriteByte)
    OV7725_entr_Brightness                   0x08002ebd   Thumb Code    78  ov7725_entrance.o(i.OV7725_entr_Brightness)
    OV7725_entr_Color_Saturation             0x08002f0b   Thumb Code    34  ov7725_entrance.o(i.OV7725_entr_Color_Saturation)
    OV7725_entr_Contrast                     0x08002f2d   Thumb Code    22  ov7725_entrance.o(i.OV7725_entr_Contrast)
    OV7725_entr_GPIO_Config                  0x08002f43   Thumb Code    18  ov7725_entrance.o(i.OV7725_entr_GPIO_Config)
    OV7725_entr_Init                         0x08002f55   Thumb Code    84  ov7725_entrance.o(i.OV7725_entr_Init)
    OV7725_entr_Light_Mode                   0x08002fad   Thumb Code   152  ov7725_entrance.o(i.OV7725_entr_Light_Mode)
    OV7725_entr_Special_Effect               0x08003045   Thumb Code   138  ov7725_entrance.o(i.OV7725_entr_Special_Effect)
    OV7725_entr_Window_Set                   0x080030cf   Thumb Code   202  ov7725_entrance.o(i.OV7725_entr_Window_Set)
    OV7725_exit_Brightness                   0x08003199   Thumb Code    78  ov7725_exit.o(i.OV7725_exit_Brightness)
    OV7725_exit_Color_Saturation             0x080031e7   Thumb Code    34  ov7725_exit.o(i.OV7725_exit_Color_Saturation)
    OV7725_exit_Contrast                     0x08003209   Thumb Code    22  ov7725_exit.o(i.OV7725_exit_Contrast)
    OV7725_exit_GPIO_Config                  0x080032b5   Thumb Code    18  ov7725_exit.o(i.OV7725_exit_GPIO_Config)
    OV7725_exit_Init                         0x080032c9   Thumb Code    84  ov7725_exit.o(i.OV7725_exit_Init)
    OV7725_exit_Light_Mode                   0x08003321   Thumb Code   152  ov7725_exit.o(i.OV7725_exit_Light_Mode)
    OV7725_exit_SCCB_GPIO_Config             0x080033b9   Thumb Code    66  ov7725sccb_exit.o(i.OV7725_exit_SCCB_GPIO_Config)
    OV7725_exit_SCCB_ReadByte                0x08003401   Thumb Code   246  ov7725sccb_exit.o(i.OV7725_exit_SCCB_ReadByte)
    OV7725_exit_SCCB_WriteByte               0x08003641   Thumb Code    62  ov7725sccb_exit.o(i.OV7725_exit_SCCB_WriteByte)
    OV7725_exit_Special_Effect               0x0800368d   Thumb Code   138  ov7725_exit.o(i.OV7725_exit_Special_Effect)
    OV7725_exit_Window_Set                   0x08003791   Thumb Code   202  ov7725_exit.o(i.OV7725_exit_Window_Set)
    Parking_information                      0x08003899   Thumb Code   532  lcd_interface_design.o(i.Parking_information)
    Parking_management                       0x08003ad1   Thumb Code   678  parking_detection_processing.o(i.Parking_management)
    Parking_recommendation                   0x08003d9d   Thumb Code   142  parking_detection_processing.o(i.Parking_recommendation)
    RCC_AHBPeriphClockCmd                    0x08003e41   Thumb Code    18  stm32f10x_rcc.o(i.RCC_AHBPeriphClockCmd)
    RCC_APB1PeriphClockCmd                   0x08003e59   Thumb Code    18  stm32f10x_rcc.o(i.RCC_APB1PeriphClockCmd)
    RCC_APB2PeriphClockCmd                   0x08003e71   Thumb Code    18  stm32f10x_rcc.o(i.RCC_APB2PeriphClockCmd)
    RCC_GetClocksFreq                        0x08003e89   Thumb Code   132  stm32f10x_rcc.o(i.RCC_GetClocksFreq)
    SVC_Handler                              0x08003f1d   Thumb Code     2  stm32f10x_it.o(i.SVC_Handler)
    Scaling_Normalization                    0x08003f21   Thumb Code   196  license_plate_recognition.o(i.Scaling_Normalization)
    ShowCP                                   0x08004099   Thumb Code   296  lcd_basic_application.o(i.ShowCP)
    ShowChar                                 0x080041d1   Thumb Code   386  lcd_basic_application.o(i.ShowChar)
    ShowString                               0x08004369   Thumb Code    82  lcd_basic_application.o(i.ShowString)
    ShowYW24                                 0x080043c1   Thumb Code   168  lcd_basic_application.o(i.ShowYW24)
    Show_Str                                 0x08004475   Thumb Code   238  lcd_basic_application.o(i.Show_Str)
    Smoke_Init                               0x0800456d   Thumb Code    32  smoke_sensor.o(i.Smoke_Init)
    SysInit                                  0x08004591   Thumb Code    52  system.o(i.SysInit)
    SysTickInit                              0x080045c5   Thumb Code    48  systick.o(i.SysTickInit)
    SysTick_Handler                          0x080045fd   Thumb Code    18  board.o(i.SysTick_Handler)
    SystemInit                               0x08004611   Thumb Code    64  system_stm32f10x.o(i.SystemInit)
    TIM_Cmd                                  0x08004661   Thumb Code    20  stm32f10x_tim.o(i.TIM_Cmd)
    TIM_OC3Init                              0x08004675   Thumb Code   116  stm32f10x_tim.o(i.TIM_OC3Init)
    TIM_OC3PreloadConfig                     0x080046f1   Thumb Code    12  stm32f10x_tim.o(i.TIM_OC3PreloadConfig)
    TIM_OC4Init                              0x080046fd   Thumb Code    90  stm32f10x_tim.o(i.TIM_OC4Init)
    TIM_OC4PreloadConfig                     0x08004761   Thumb Code    20  stm32f10x_tim.o(i.TIM_OC4PreloadConfig)
    TIM_SetCompare3                          0x08004775   Thumb Code     4  stm32f10x_tim.o(i.TIM_SetCompare3)
    TIM_SetCompare4                          0x08004779   Thumb Code     6  stm32f10x_tim.o(i.TIM_SetCompare4)
    TIM_TimeBaseInit                         0x08004781   Thumb Code   114  stm32f10x_tim.o(i.TIM_TimeBaseInit)
    TaskInit                                 0x0800481d   Thumb Code   142  task.o(i.TaskInit)
    USART3_IRQHandler                        0x08004931   Thumb Code   106  esp8266.o(i.USART3_IRQHandler)
    USART_ClearFlag                          0x080049a5   Thumb Code     6  stm32f10x_usart.o(i.USART_ClearFlag)
    USART_Cmd                                0x080049ab   Thumb Code    20  stm32f10x_usart.o(i.USART_Cmd)
    USART_GetFlagStatus                      0x080049bf   Thumb Code    14  stm32f10x_usart.o(i.USART_GetFlagStatus)
    USART_GetITStatus                        0x080049cd   Thumb Code    62  stm32f10x_usart.o(i.USART_GetITStatus)
    USART_ITConfig                           0x08004a0b   Thumb Code    48  stm32f10x_usart.o(i.USART_ITConfig)
    USART_Init                               0x08004a3d   Thumb Code   166  stm32f10x_usart.o(i.USART_Init)
    USART_ReceiveData                        0x08004ae9   Thumb Code     8  stm32f10x_usart.o(i.USART_ReceiveData)
    USART_SendData                           0x08004af1   Thumb Code     8  stm32f10x_usart.o(i.USART_SendData)
    USART_printf                             0x08004af9   Thumb Code   252  usart.o(i.USART_printf)
    UsageFault_Handler                       0x08004c51   Thumb Code     2  stm32f10x_it.o(i.UsageFault_Handler)
    UsartInit                                0x08004c55   Thumb Code   130  usart.o(i.UsartInit)
    __rt_ffs                                 0x08004e99   Thumb Code    62  kservice.o(i.__rt_ffs)
    alert                                    0x0800504d   Thumb Code   250  lcd_interface_design.o(i.alert)
    button_process_init                      0x08005245   Thumb Code    54  parking_detection_processing.o(i.button_process_init)
    button_thread_entry                      0x080052ad   Thumb Code   250  parking_detection_processing.o(i.button_thread_entry)
    cmd_free                                 0x0800542d   Thumb Code    10  msh.o(i.cmd_free)
    cmd_ps                                   0x08005437   Thumb Code    10  msh.o(i.cmd_ps)
    finsh_get_prompt                         0x08005589   Thumb Code    66  shell.o(i.finsh_get_prompt)
    finsh_set_prompt_mode                    0x080055e9   Thumb Code    16  shell.o(i.finsh_set_prompt_mode)
    finsh_system_function_init               0x080055fd   Thumb Code     8  shell.o(i.finsh_system_function_init)
    finsh_system_init                        0x08005609   Thumb Code    90  shell.o(i.finsh_system_init)
    finsh_thread_entry                       0x0800569d   Thumb Code   610  shell.o(i.finsh_thread_entry)
    hello                                    0x080059a1   Thumb Code    12  cmd.o(i.hello)
    list                                     0x080059c1   Thumb Code    48  cmd.o(i.list)
    list_event                               0x08005a15   Thumb Code   182  cmd.o(i.list_event)
    list_mailbox                             0x08005bd5   Thumb Code   198  cmd.o(i.list_mailbox)
    list_mem                                 0x08005d15   Thumb Code    32  mem.o(i.list_mem)
    list_msgqueue                            0x08005d81   Thumb Code   190  cmd.o(i.list_msgqueue)
    list_sem                                 0x08005ead   Thumb Code   190  cmd.o(i.list_sem)
    list_thread                              0x08005fcd   Thumb Code   250  cmd.o(i.list_thread)
    list_timer                               0x08006185   Thumb Code   160  cmd.o(i.list_timer)
    $Super$$main                             0x080062c5   Thumb Code    16  main.o(i.main)
    main_thread_entry                        0x080062d5   Thumb Code    14  components.o(i.main_thread_entry)
    msh_auto_complete                        0x080063bd   Thumb Code   152  msh.o(i.msh_auto_complete)
    msh_exec                                 0x08006469   Thumb Code    74  msh.o(i.msh_exec)
    msh_help                                 0x080064cd   Thumb Code    56  msh.o(i.msh_help)
    msh_is_used                              0x08006539   Thumb Code     4  msh.o(i.msh_is_used)
    rt_application_init                      0x080067a5   Thumb Code    30  components.o(i.rt_application_init)
    rt_calloc                                0x080067d1   Thumb Code    26  mem.o(i.rt_calloc)
    rt_components_board_init                 0x080067ed   Thumb Code    20  components.o(i.rt_components_board_init)
    rt_components_init                       0x08006809   Thumb Code    20  components.o(i.rt_components_init)
    rt_enter_critical                        0x08006825   Thumb Code    22  scheduler.o(i.rt_enter_critical)
    rt_event_create                          0x08006841   Thumb Code    32  ipc.o(i.rt_event_create)
    rt_event_recv                            0x08006861   Thumb Code   190  ipc.o(i.rt_event_recv)
    rt_event_send                            0x0800691f   Thumb Code   140  ipc.o(i.rt_event_send)
    rt_exit_critical                         0x080069ad   Thumb Code    52  scheduler.o(i.rt_exit_critical)
    rt_free                                  0x080069e5   Thumb Code   112  mem.o(i.rt_free)
    rt_heap_begin_get                        0x08006aa9   Thumb Code     4  board.o(i.rt_heap_begin_get)
    rt_heap_end_get                          0x08006ab1   Thumb Code     4  board.o(i.rt_heap_end_get)
    rt_hw_board_init                         0x08006ab9   Thumb Code    30  board.o(i.rt_hw_board_init)
    rt_hw_console_getchar                    0x08006ad9   Thumb Code    64  usart.o(i.rt_hw_console_getchar)
    rt_hw_console_output                     0x08006b1d   Thumb Code    72  usart.o(i.rt_hw_console_output)
    rt_hw_hard_fault_exception               0x08006b69   Thumb Code   186  cpuport.o(i.rt_hw_hard_fault_exception)
    rt_hw_stack_init                         0x08006d65   Thumb Code    54  cpuport.o(i.rt_hw_stack_init)
    rt_interrupt_enter                       0x08006da1   Thumb Code    22  irq.o(i.rt_interrupt_enter)
    rt_interrupt_leave                       0x08006dbd   Thumb Code    22  irq.o(i.rt_interrupt_leave)
    rt_kprintf                               0x08006e65   Thumb Code    28  kservice.o(i.rt_kprintf)
    rt_malloc                                0x08006f1d   Thumb Code   232  mem.o(i.rt_malloc)
    rt_memcpy                                0x0800700d   Thumb Code    74  kservice.o(i.rt_memcpy)
    rt_memmove                               0x08007057   Thumb Code    46  kservice.o(i.rt_memmove)
    rt_memset                                0x08007085   Thumb Code    68  kservice.o(i.rt_memset)
    rt_mq_create                             0x080070c9   Thumb Code   112  ipc.o(i.rt_mq_create)
    rt_mq_delete                             0x08007139   Thumb Code    26  ipc.o(i.rt_mq_delete)
    rt_mq_recv                               0x08007153   Thumb Code   228  ipc.o(i.rt_mq_recv)
    rt_mq_send                               0x08007237   Thumb Code   132  ipc.o(i.rt_mq_send)
    rt_mq_urgent                             0x080072bb   Thumb Code   126  ipc.o(i.rt_mq_urgent)
    rt_object_allocate                       0x08007339   Thumb Code    76  object.o(i.rt_object_allocate)
    rt_object_delete                         0x08007385   Thumb Code    38  object.o(i.rt_object_delete)
    rt_object_detach                         0x080073ab   Thumb Code    32  object.o(i.rt_object_detach)
    rt_object_get_information                0x080073cd   Thumb Code    30  object.o(i.rt_object_get_information)
    rt_object_init                           0x080073f1   Thumb Code    80  object.o(i.rt_object_init)
    rt_object_is_systemobject                0x08007441   Thumb Code    14  object.o(i.rt_object_is_systemobject)
    rt_schedule                              0x08007451   Thumb Code    76  scheduler.o(i.rt_schedule)
    rt_schedule_insert_thread                0x080074a9   Thumb Code    70  scheduler.o(i.rt_schedule_insert_thread)
    rt_schedule_remove_thread                0x080074f9   Thumb Code    66  scheduler.o(i.rt_schedule_remove_thread)
    rt_sem_create                            0x08007545   Thumb Code    32  ipc.o(i.rt_sem_create)
    rt_sem_init                              0x08007565   Thumb Code    36  ipc.o(i.rt_sem_init)
    rt_sem_release                           0x08007589   Thumb Code    60  ipc.o(i.rt_sem_release)
    rt_sem_take                              0x080075c5   Thumb Code   110  ipc.o(i.rt_sem_take)
    rt_show_version                          0x08007635   Thumb Code    40  kservice.o(i.rt_show_version)
    rt_strlen                                0x080076e5   Thumb Code    16  kservice.o(i.rt_strlen)
    rt_strncpy                               0x080076f5   Thumb Code    38  kservice.o(i.rt_strncpy)
    rt_system_heap_init                      0x0800771d   Thumb Code    98  mem.o(i.rt_system_heap_init)
    rt_system_scheduler_init                 0x080077cd   Thumb Code    44  scheduler.o(i.rt_system_scheduler_init)
    rt_system_scheduler_start                0x08007801   Thumb Code    32  scheduler.o(i.rt_system_scheduler_start)
    rt_system_timer_init                     0x08007829   Thumb Code    18  timer.o(i.rt_system_timer_init)
    rt_system_timer_thread_init              0x08007841   Thumb Code     2  timer.o(i.rt_system_timer_thread_init)
    rt_thread_create                         0x08007843   Thumb Code    72  thread.o(i.rt_thread_create)
    rt_thread_exit                           0x0800788d   Thumb Code    80  thread.o(i.rt_thread_exit)
    rt_thread_idle_excute                    0x08007901   Thumb Code   116  idle.o(i.rt_thread_idle_excute)
    rt_thread_idle_init                      0x08007979   Thumb Code    40  idle.o(i.rt_thread_idle_init)
    rt_thread_init                           0x080079b1   Thumb Code    48  thread.o(i.rt_thread_init)
    rt_thread_mdelay                         0x080079e1   Thumb Code    14  thread.o(i.rt_thread_mdelay)
    rt_thread_resume                         0x080079ef   Thumb Code    60  thread.o(i.rt_thread_resume)
    rt_thread_self                           0x08007a2d   Thumb Code     6  thread.o(i.rt_thread_self)
    rt_thread_sleep                          0x08007a39   Thumb Code    60  thread.o(i.rt_thread_sleep)
    rt_thread_startup                        0x08007a79   Thumb Code    40  thread.o(i.rt_thread_startup)
    rt_thread_suspend                        0x08007aa5   Thumb Code    66  thread.o(i.rt_thread_suspend)
    rt_thread_timeout                        0x08007ae7   Thumb Code    32  thread.o(i.rt_thread_timeout)
    rt_thread_yield                          0x08007b09   Thumb Code    86  thread.o(i.rt_thread_yield)
    rt_tick_from_millisecond                 0x08007b69   Thumb Code    50  clock.o(i.rt_tick_from_millisecond)
    rt_tick_get                              0x08007b9d   Thumb Code     6  clock.o(i.rt_tick_get)
    rt_tick_increase                         0x08007ba9   Thumb Code    38  clock.o(i.rt_tick_increase)
    rt_timer_check                           0x08007bd5   Thumb Code   102  timer.o(i.rt_timer_check)
    rt_timer_control                         0x08007c41   Thumb Code    48  timer.o(i.rt_timer_control)
    rt_timer_create                          0x08007c71   Thumb Code    46  timer.o(i.rt_timer_create)
    rt_timer_detach                          0x08007c9f   Thumb Code    32  timer.o(i.rt_timer_detach)
    rt_timer_init                            0x08007cbf   Thumb Code    40  timer.o(i.rt_timer_init)
    rt_timer_start                           0x08007ce9   Thumb Code   154  timer.o(i.rt_timer_start)
    rt_timer_stop                            0x08007d89   Thumb Code    46  timer.o(i.rt_timer_stop)
    rt_vsnprintf                             0x08007db9   Thumb Code   604  kservice.o(i.rt_vsnprintf)
    rtthread_startup                         0x0800802d   Thumb Code    42  components.o(i.rtthread_startup)
    version                                  0x08008181   Thumb Code    10  cmd.o(i.version)
    __aeabi_dadd                             0x0800818d   Thumb Code     0  daddsub_clz.o(x$fpl$dadd)
    _dadd                                    0x0800818d   Thumb Code   332  daddsub_clz.o(x$fpl$dadd)
    __aeabi_d2uiz                            0x080082dd   Thumb Code     0  dfixu.o(x$fpl$dfixu)
    _dfixu                                   0x080082dd   Thumb Code    90  dfixu.o(x$fpl$dfixu)
    __aeabi_ui2d                             0x08008337   Thumb Code     0  dflt_clz.o(x$fpl$dfltu)
    _dfltu                                   0x08008337   Thumb Code    38  dflt_clz.o(x$fpl$dfltu)
    __aeabi_dmul                             0x0800835d   Thumb Code     0  dmul.o(x$fpl$dmul)
    _dmul                                    0x0800835d   Thumb Code   332  dmul.o(x$fpl$dmul)
    __fpl_dnaninf                            0x080084b1   Thumb Code   156  dnaninf.o(x$fpl$dnaninf)
    __fpl_dretinf                            0x0800854d   Thumb Code    12  dretinf.o(x$fpl$dretinf)
    __aeabi_dsub                             0x08008559   Thumb Code     0  daddsub_clz.o(x$fpl$dsub)
    _dsub                                    0x08008559   Thumb Code   464  daddsub_clz.o(x$fpl$dsub)
    __I$use$fp                               0x0800872c   Number         0  usenofp.o(x$fpl$usenofp)
    __lowest_bit_bitmap                      0x0800872c   Data         256  kservice.o(.constdata)
    __fsym_list_mem_name                     0x0800884e   Data           9  mem.o(.constdata)
    __fsym_hello_name                        0x08008857   Data           6  cmd.o(.constdata)
    __fsym_version_name                      0x0800885d   Data           8  cmd.o(.constdata)
    __fsym___cmd_version_name                0x08008865   Data          14  cmd.o(.constdata)
    __fsym_list_thread_name                  0x08008873   Data          12  cmd.o(.constdata)
    __fsym___cmd_list_thread_name            0x0800887f   Data          18  cmd.o(.constdata)
    __fsym_list_sem_name                     0x08008891   Data           9  cmd.o(.constdata)
    __fsym___cmd_list_sem_name               0x0800889a   Data          15  cmd.o(.constdata)
    __fsym_list_event_name                   0x080088a9   Data          11  cmd.o(.constdata)
    __fsym___cmd_list_event_name             0x080088b4   Data          17  cmd.o(.constdata)
    __fsym_list_mailbox_name                 0x080088c5   Data          13  cmd.o(.constdata)
    __fsym___cmd_list_mailbox_name           0x080088d2   Data          19  cmd.o(.constdata)
    __fsym_list_msgqueue_name                0x080088e5   Data          14  cmd.o(.constdata)
    __fsym___cmd_list_msgqueue_name          0x080088f3   Data          20  cmd.o(.constdata)
    __fsym_list_timer_name                   0x08008907   Data          11  cmd.o(.constdata)
    __fsym___cmd_list_timer_name             0x08008912   Data          17  cmd.o(.constdata)
    __fsym_list_name                         0x08008923   Data           5  cmd.o(.constdata)
    __fsym___cmd_help_name                   0x08008928   Data          11  msh.o(.constdata)
    __fsym___cmd_ps_name                     0x08008933   Data           9  msh.o(.constdata)
    __fsym___cmd_free_name                   0x0800893c   Data          11  msh.o(.constdata)
    number24                                 0x08008947   Data         672  lcd_basic_application.o(.constdata)
    asc2_1608                                0x08008be7   Data        1520  lcd_basic_application.o(.constdata)
    tfont16                                  0x080091d7   Data         340  lcd_basic_application.o(.constdata)
    tfont24                                  0x0800932b   Data        2146  lcd_basic_application.o(.constdata)
    tfont32                                  0x08009b8d   Data        1040  lcd_basic_application.o(.constdata)
    YW                                       0x08009f9d   Data         600  lcd_basic_application.o(.constdata)
    ZF                                       0x0800a1f5   Data         450  license_plate_recognition.o(.constdata)
    ZM                                       0x0800a3b7   Data        3150  license_plate_recognition.o(.constdata)
    CPZM                                     0x0800b005   Data          21  license_plate_recognition.o(.constdata)
    CPHZ                                     0x0800b01a   Data           9  license_plate_recognition.o(.constdata)
    __rt_init_rti_start                      0x0800b0a8   Data           4  components.o(.rti_fn.0)
    __rt_init_rti_board_start                0x0800b0ac   Data           4  components.o(.rti_fn.0.end)
    __rt_init_rti_board_end                  0x0800b0b0   Data           4  components.o(.rti_fn.1.end)
    __rt_init_LCD_Init                       0x0800b0b4   Data           4  lcd.o(.rti_fn.6)
    __rt_init_finsh_system_init              0x0800b0b8   Data           4  shell.o(.rti_fn.6)
    __rt_init_button_process_init            0x0800b0bc   Data           4  parking_detection_processing.o(.rti_fn.6)
    __rt_init_rti_end                        0x0800b0c0   Data           4  components.o(.rti_fn.6.end)
    FSymTab$$Base                            0x0800b0c4   Number         0  mem.o(FSymTab)
    __fsym_list_mem                          0x0800b0c4   Data           8  mem.o(FSymTab)
    __fsym_hello                             0x0800b0cc   Data           8  cmd.o(FSymTab)
    __fsym_version                           0x0800b0d4   Data           8  cmd.o(FSymTab)
    __fsym___cmd_version                     0x0800b0dc   Data           8  cmd.o(FSymTab)
    __fsym_list_thread                       0x0800b0e4   Data           8  cmd.o(FSymTab)
    __fsym___cmd_list_thread                 0x0800b0ec   Data           8  cmd.o(FSymTab)
    __fsym_list_sem                          0x0800b0f4   Data           8  cmd.o(FSymTab)
    __fsym___cmd_list_sem                    0x0800b0fc   Data           8  cmd.o(FSymTab)
    __fsym_list_event                        0x0800b104   Data           8  cmd.o(FSymTab)
    __fsym___cmd_list_event                  0x0800b10c   Data           8  cmd.o(FSymTab)
    __fsym_list_mailbox                      0x0800b114   Data           8  cmd.o(FSymTab)
    __fsym___cmd_list_mailbox                0x0800b11c   Data           8  cmd.o(FSymTab)
    __fsym_list_msgqueue                     0x0800b124   Data           8  cmd.o(FSymTab)
    __fsym___cmd_list_msgqueue               0x0800b12c   Data           8  cmd.o(FSymTab)
    __fsym_list_timer                        0x0800b134   Data           8  cmd.o(FSymTab)
    __fsym___cmd_list_timer                  0x0800b13c   Data           8  cmd.o(FSymTab)
    __fsym_list                              0x0800b144   Data           8  cmd.o(FSymTab)
    __fsym___cmd_help                        0x0800b14c   Data           8  msh.o(FSymTab)
    __fsym___cmd_ps                          0x0800b154   Data           8  msh.o(FSymTab)
    __fsym___cmd_free                        0x0800b15c   Data           8  msh.o(FSymTab)
    FSymTab$$Limit                           0x0800b164   Number         0  msh.o(FSymTab)
    Region$$Table$$Base                      0x0800b164   Number         0  anon$$obj.o(Region$$Table)
    Region$$Table$$Limit                     0x0800b184   Number         0  anon$$obj.o(Region$$Table)
    SystemCoreClock                          0x20000000   Data           4  system_stm32f10x.o(.data)
    AHBPrescTable                            0x20000004   Data          16  system_stm32f10x.o(.data)
    POINT_COLOR                              0x2000002a   Data           2  lcd.o(.data)
    BACK_COLOR                               0x2000002c   Data           2  lcd.o(.data)
    OV7725_REG_NUM                           0x2000002e   Data           1  ov7725_entrance.o(.data)
    OV7725_entr_vsync                        0x2000002f   Data           1  ov7725_entrance.o(.data)
    OV7725_Sensor_Config                     0x20000030   Data         154  ov7725_entrance.o(.data)
    OV7725_exit_REG_NUM                      0x200000ca   Data           1  ov7725_exit.o(.data)
    OV7725_exit_vsync                        0x200000cb   Data           1  ov7725_exit.o(.data)
    OV7725_exit_Sensor_Config                0x200000cc   Data         154  ov7725_exit.o(.data)
    rt_interrupt_nest                        0x2000016c   Data           1  irq.o(.data)
    rt_current_priority                      0x200001e8   Data           1  scheduler.o(.data)
    rt_current_thread                        0x200001ec   Data           4  scheduler.o(.data)
    rt_thread_ready_priority_group           0x200001f0   Data           4  scheduler.o(.data)
    rt_thread_defunct                        0x200001f4   Data           8  scheduler.o(.data)
    rt_interrupt_from_thread                 0x2000020c   Data           4  cpuport.o(.data)
    rt_interrupt_to_thread                   0x20000210   Data           4  cpuport.o(.data)
    rt_thread_switch_interrupt_flag          0x20000214   Data           4  cpuport.o(.data)
    _syscall_table_begin                     0x20000218   Data           4  shell.o(.data)
    _syscall_table_end                       0x2000021c   Data           4  shell.o(.data)
    _sysvar_table_begin                      0x20000220   Data           4  shell.o(.data)
    _sysvar_table_end                        0x20000224   Data           4  shell.o(.data)
    shell                                    0x2000022c   Data           4  shell.o(.data)
    number_LP                                0x20000230   Data           7  license_plate_recognition.o(.data)
    Update_P                                 0x20000246   Data           1  parking_detection_processing.o(.data)
    sign_ps                                  0x20000247   Data           1  parking_detection_processing.o(.data)
    Detained_vehicle                         0x20000258   Data           2  task.o(.data)
    TaskThread                               0x20000264   Data         144  task.o(.data)
    exit_recv_sem                            0x200002f4   Data           4  main.o(.data)
    entr_recv_sem                            0x200002f8   Data           4  main.o(.data)
    Inspection_event                         0x200002fc   Data           4  main.o(.data)
    In_ProcessSoftTimer                      0x20000300   Data           4  main.o(.data)
    strEsp8266_Fram_Record                   0x20000304   Data        1026  esp8266.o(.bss)
    lcddev                                   0x20000706   Data          14  lcd.o(.bss)
    rt_thread_priority_table                 0x2000095c   Data          64  scheduler.o(.bss)
    __libspace_start                         0x2000c5bc   Data          96  libspace.o(.bss)
    __temporary_stack_top$libspace           0x2000c61c   Data           0  libspace.o(.bss)



==============================================================================

Memory Map of the image

  Image Entry point : 0x08000131

  Load Region LR_IROM1 (Base: 0x08000000, Size: 0x0000b488, Max: 0x00080000, ABSOLUTE, COMPRESSED[0x0000b2cc])

    Execution Region ER_IROM1 (Exec base: 0x08000000, Load base: 0x08000000, Size: 0x0000b184, Max: 0x00080000, ABSOLUTE)

    Exec Addr    Load Addr    Size         Type   Attr      Idx    E Section Name        Object

    0x08000000   0x08000000   0x00000130   Data   RO          127    RESET               startup_stm32f10x_hd.o
    0x08000130   0x08000130   0x00000008   Code   RO         5664  * !!!main             c_w.l(__main.o)
    0x08000138   0x08000138   0x00000034   Code   RO         5859    !!!scatter          c_w.l(__scatter.o)
    0x0800016c   0x0800016c   0x0000005a   Code   RO         5857    !!dczerorl2         c_w.l(__dczerorl2.o)
    0x080001c6   0x080001c6   0x00000002   PAD
    0x080001c8   0x080001c8   0x0000001c   Code   RO         5861    !!handler_zi        c_w.l(__scatter_zi.o)
    0x080001e4   0x080001e4   0x00000000   Code   RO         5641    .ARM.Collect$$_printf_percent$$00000000  c_w.l(_printf_percent.o)
    0x080001e4   0x080001e4   0x00000006   Code   RO         5640    .ARM.Collect$$_printf_percent$$00000009  c_w.l(_printf_d.o)
    0x080001ea   0x080001ea   0x00000006   Code   RO         5638    .ARM.Collect$$_printf_percent$$00000013  c_w.l(_printf_c.o)
    0x080001f0   0x080001f0   0x00000006   Code   RO         5639    .ARM.Collect$$_printf_percent$$00000014  c_w.l(_printf_s.o)
    0x080001f6   0x080001f6   0x00000004   Code   RO         5693    .ARM.Collect$$_printf_percent$$00000017  c_w.l(_printf_percent_end.o)
    0x080001fa   0x080001fa   0x00000002   Code   RO         5725    .ARM.Collect$$libinit$$00000000  c_w.l(libinit.o)
    0x080001fc   0x080001fc   0x00000000   Code   RO         5732    .ARM.Collect$$libinit$$00000002  c_w.l(libinit2.o)
    0x080001fc   0x080001fc   0x00000000   Code   RO         5734    .ARM.Collect$$libinit$$00000004  c_w.l(libinit2.o)
    0x080001fc   0x080001fc   0x00000000   Code   RO         5737    .ARM.Collect$$libinit$$0000000A  c_w.l(libinit2.o)
    0x080001fc   0x080001fc   0x00000000   Code   RO         5739    .ARM.Collect$$libinit$$0000000C  c_w.l(libinit2.o)
    0x080001fc   0x080001fc   0x00000000   Code   RO         5741    .ARM.Collect$$libinit$$0000000E  c_w.l(libinit2.o)
    0x080001fc   0x080001fc   0x00000000   Code   RO         5744    .ARM.Collect$$libinit$$00000011  c_w.l(libinit2.o)
    0x080001fc   0x080001fc   0x00000000   Code   RO         5746    .ARM.Collect$$libinit$$00000013  c_w.l(libinit2.o)
    0x080001fc   0x080001fc   0x00000000   Code   RO         5748    .ARM.Collect$$libinit$$00000015  c_w.l(libinit2.o)
    0x080001fc   0x080001fc   0x00000000   Code   RO         5750    .ARM.Collect$$libinit$$00000017  c_w.l(libinit2.o)
    0x080001fc   0x080001fc   0x00000000   Code   RO         5752    .ARM.Collect$$libinit$$00000019  c_w.l(libinit2.o)
    0x080001fc   0x080001fc   0x00000000   Code   RO         5754    .ARM.Collect$$libinit$$0000001B  c_w.l(libinit2.o)
    0x080001fc   0x080001fc   0x00000000   Code   RO         5756    .ARM.Collect$$libinit$$0000001D  c_w.l(libinit2.o)
    0x080001fc   0x080001fc   0x00000000   Code   RO         5758    .ARM.Collect$$libinit$$0000001F  c_w.l(libinit2.o)
    0x080001fc   0x080001fc   0x00000000   Code   RO         5760    .ARM.Collect$$libinit$$00000021  c_w.l(libinit2.o)
    0x080001fc   0x080001fc   0x00000000   Code   RO         5762    .ARM.Collect$$libinit$$00000023  c_w.l(libinit2.o)
    0x080001fc   0x080001fc   0x00000000   Code   RO         5764    .ARM.Collect$$libinit$$00000025  c_w.l(libinit2.o)
    0x080001fc   0x080001fc   0x00000000   Code   RO         5768    .ARM.Collect$$libinit$$0000002C  c_w.l(libinit2.o)
    0x080001fc   0x080001fc   0x00000000   Code   RO         5770    .ARM.Collect$$libinit$$0000002E  c_w.l(libinit2.o)
    0x080001fc   0x080001fc   0x00000000   Code   RO         5772    .ARM.Collect$$libinit$$00000030  c_w.l(libinit2.o)
    0x080001fc   0x080001fc   0x00000000   Code   RO         5774    .ARM.Collect$$libinit$$00000032  c_w.l(libinit2.o)
    0x080001fc   0x080001fc   0x00000002   Code   RO         5775    .ARM.Collect$$libinit$$00000033  c_w.l(libinit2.o)
    0x080001fe   0x080001fe   0x00000002   Code   RO         5795    .ARM.Collect$$libshutdown$$00000000  c_w.l(libshutdown.o)
    0x08000200   0x08000200   0x00000000   Code   RO         5808    .ARM.Collect$$libshutdown$$00000002  c_w.l(libshutdown2.o)
    0x08000200   0x08000200   0x00000000   Code   RO         5810    .ARM.Collect$$libshutdown$$00000004  c_w.l(libshutdown2.o)
    0x08000200   0x08000200   0x00000000   Code   RO         5812    .ARM.Collect$$libshutdown$$00000006  c_w.l(libshutdown2.o)
    0x08000200   0x08000200   0x00000000   Code   RO         5815    .ARM.Collect$$libshutdown$$00000009  c_w.l(libshutdown2.o)
    0x08000200   0x08000200   0x00000000   Code   RO         5818    .ARM.Collect$$libshutdown$$0000000C  c_w.l(libshutdown2.o)
    0x08000200   0x08000200   0x00000000   Code   RO         5820    .ARM.Collect$$libshutdown$$0000000E  c_w.l(libshutdown2.o)
    0x08000200   0x08000200   0x00000000   Code   RO         5823    .ARM.Collect$$libshutdown$$00000011  c_w.l(libshutdown2.o)
    0x08000200   0x08000200   0x00000002   Code   RO         5824    .ARM.Collect$$libshutdown$$00000012  c_w.l(libshutdown2.o)
    0x08000202   0x08000202   0x00000000   Code   RO         5684    .ARM.Collect$$rtentry$$00000000  c_w.l(__rtentry.o)
    0x08000202   0x08000202   0x00000000   Code   RO         5700    .ARM.Collect$$rtentry$$00000002  c_w.l(__rtentry2.o)
    0x08000202   0x08000202   0x00000006   Code   RO         5712    .ARM.Collect$$rtentry$$00000004  c_w.l(__rtentry4.o)
    0x08000208   0x08000208   0x00000000   Code   RO         5702    .ARM.Collect$$rtentry$$00000009  c_w.l(__rtentry2.o)
    0x08000208   0x08000208   0x00000004   Code   RO         5703    .ARM.Collect$$rtentry$$0000000A  c_w.l(__rtentry2.o)
    0x0800020c   0x0800020c   0x00000000   Code   RO         5705    .ARM.Collect$$rtentry$$0000000C  c_w.l(__rtentry2.o)
    0x0800020c   0x0800020c   0x00000008   Code   RO         5706    .ARM.Collect$$rtentry$$0000000D  c_w.l(__rtentry2.o)
    0x08000214   0x08000214   0x00000002   Code   RO         5729    .ARM.Collect$$rtexit$$00000000  c_w.l(rtexit.o)
    0x08000216   0x08000216   0x00000000   Code   RO         5777    .ARM.Collect$$rtexit$$00000002  c_w.l(rtexit2.o)
    0x08000216   0x08000216   0x00000004   Code   RO         5778    .ARM.Collect$$rtexit$$00000003  c_w.l(rtexit2.o)
    0x0800021a   0x0800021a   0x00000006   Code   RO         5779    .ARM.Collect$$rtexit$$00000004  c_w.l(rtexit2.o)
    0x08000220   0x08000220   0x00000040   Code   RO          128    .text               startup_stm32f10x_hd.o
    0x08000260   0x08000260   0x000000f4   Code   RO         4915    .text               context_rvds.o
    0x08000354   0x08000354   0x00000028   Code   RO         5610    .text               c_w.l(noretval__2sprintf.o)
    0x0800037c   0x0800037c   0x00000068   Code   RO         5612    .text               c_w.l(__printf.o)
    0x080003e4   0x080003e4   0x00000052   Code   RO         5614    .text               c_w.l(_printf_str.o)
    0x08000436   0x08000436   0x00000002   PAD
    0x08000438   0x08000438   0x00000078   Code   RO         5616    .text               c_w.l(_printf_dec.o)
    0x080004b0   0x080004b0   0x00000024   Code   RO         5642    .text               c_w.l(strstr.o)
    0x080004d4   0x080004d4   0x00000048   Code   RO         5644    .text               c_w.l(strcpy.o)
    0x0800051c   0x0800051c   0x0000003e   Code   RO         5646    .text               c_w.l(strlen.o)
    0x0800055a   0x0800055a   0x00000096   Code   RO         5648    .text               c_w.l(strncmp.o)
    0x080005f0   0x080005f0   0x00000018   Code   RO         5650    .text               c_w.l(strcat.o)
    0x08000608   0x08000608   0x00000064   Code   RO         5652    .text               c_w.l(rt_memcpy_w.o)
    0x0800066c   0x0800066c   0x00000044   Code   RO         5654    .text               c_w.l(rt_memclr.o)
    0x080006b0   0x080006b0   0x0000004e   Code   RO         5656    .text               c_w.l(rt_memclr_w.o)
    0x080006fe   0x080006fe   0x00000056   Code   RO         5658    .text               c_w.l(strncpy.o)
    0x08000754   0x08000754   0x00000080   Code   RO         5660    .text               c_w.l(strcmpv7m.o)
    0x080007d4   0x080007d4   0x00000006   Code   RO         5662    .text               c_w.l(heapauxi.o)
    0x080007da   0x080007da   0x000000b2   Code   RO         5685    .text               c_w.l(_printf_intcommon.o)
    0x0800088c   0x0800088c   0x00000030   Code   RO         5687    .text               c_w.l(_printf_char_common.o)
    0x080008bc   0x080008bc   0x0000000a   Code   RO         5689    .text               c_w.l(_sputc.o)
    0x080008c6   0x080008c6   0x0000002c   Code   RO         5691    .text               c_w.l(_printf_char.o)
    0x080008f2   0x080008f2   0x0000004a   Code   RO         5716    .text               c_w.l(sys_stackheap_outer.o)
    0x0800093c   0x0800093c   0x00000012   Code   RO         5718    .text               c_w.l(exit.o)
    0x0800094e   0x0800094e   0x00000002   PAD
    0x08000950   0x08000950   0x00000008   Code   RO         5726    .text               c_w.l(libspace.o)
    0x08000958   0x08000958   0x0000000c   Code   RO         5787    .text               c_w.l(sys_exit.o)
    0x08000964   0x08000964   0x00000002   Code   RO         5798    .text               c_w.l(use_no_semi.o)
    0x08000966   0x08000966   0x00000000   Code   RO         5800    .text               c_w.l(indicate_semi.o)
    0x08000966   0x08000966   0x0000000a   Code   RO         3864    i.$Sub$$main        components.o
    0x08000970   0x08000970   0x000001bc   Code   RO         5305    i.Area_bin          license_plate_recognition.o
    0x08000b2c   0x08000b2c   0x000002dc   Code   RO         5306    i.Areap_LP          license_plate_recognition.o
    0x08000e08   0x08000e08   0x00000002   Code   RO          132    i.BusFault_Handler  stm32f10x_it.o
    0x08000e0a   0x08000e0a   0x00000002   PAD
    0x08000e0c   0x08000e0c   0x0000005c   Code   RO         5368    i.ButtonDetect      parking_detection_processing.o
    0x08000e68   0x08000e68   0x00000012   Code   RO         5369    i.ButtonInit        parking_detection_processing.o
    0x08000e7a   0x08000e7a   0x00000002   PAD
    0x08000e7c   0x08000e7c   0x00000040   Code   RO         5370    i.ButtonProj        parking_detection_processing.o
    0x08000ebc   0x08000ebc   0x000000cc   Code   RO         5371    i.ButtonVarInit     parking_detection_processing.o
    0x08000f88   0x08000f88   0x00000072   Code   RO         5582    i.Camera_settings   system.o
    0x08000ffa   0x08000ffa   0x00000002   PAD
    0x08000ffc   0x08000ffc   0x00000130   Code   RO         5307    i.Character_matching  license_plate_recognition.o
    0x0800112c   0x0800112c   0x00000348   Code   RO         5308    i.Character_segmentation  license_plate_recognition.o
    0x08001474   0x08001474   0x00000002   Code   RO          133    i.DebugMon_Handler  stm32f10x_it.o
    0x08001476   0x08001476   0x00000098   Code   RO         5173    i.DrawCircular_SymmetryPoint  lcd_basic_application.o
    0x0800150e   0x0800150e   0x00000002   PAD
    0x08001510   0x08001510   0x000000dc   Code   RO         5174    i.DrawFont16        lcd_basic_application.o
    0x080015ec   0x080015ec   0x000000e0   Code   RO         5175    i.DrawFont24        lcd_basic_application.o
    0x080016cc   0x080016cc   0x000000dc   Code   RO         5176    i.DrawFont32        lcd_basic_application.o
    0x080017a8   0x080017a8   0x00000046   Code   RO         5177    i.DrawHollowCircular  lcd_basic_application.o
    0x080017ee   0x080017ee   0x00000044   Code   RO         5178    i.DrawHollowRectangle  lcd_basic_application.o
    0x08001832   0x08001832   0x000000ea   Code   RO         5179    i.DrawLine          lcd_basic_application.o
    0x0800191c   0x0800191c   0x00000014   Code   RO         5180    i.DrawPoint         lcd_basic_application.o
    0x08001930   0x08001930   0x00000050   Code   RO         5181    i.DrawSolidCircular  lcd_basic_application.o
    0x08001980   0x08001980   0x00000050   Code   RO         5182    i.DrawSolidRectangle  lcd_basic_application.o
    0x080019d0   0x080019d0   0x00000044   Code   RO         3345    i.ESP8266_AT_Test   esp8266.o
    0x08001a14   0x08001a14   0x0000010c   Code   RO         3347    i.ESP8266_Cmd       esp8266.o
    0x08001b20   0x08001b20   0x0000003c   Code   RO         3348    i.ESP8266_Enable_MultipleId  esp8266.o
    0x08001b5c   0x08001b5c   0x0000005c   Code   RO         3352    i.ESP8266_Init      esp8266.o
    0x08001bb8   0x08001bb8   0x0000003c   Code   RO         3354    i.ESP8266_JoinAP    esp8266.o
    0x08001bf4   0x08001bf4   0x000000b0   Code   RO         3355    i.ESP8266_Link_Server  esp8266.o
    0x08001ca4   0x08001ca4   0x00000060   Code   RO         3356    i.ESP8266_Net_Mode_Choose  esp8266.o
    0x08001d04   0x08001d04   0x00000028   Code   RO         3358    i.ESP8266_Rst       esp8266.o
    0x08001d2c   0x08001d2c   0x000000bc   Code   RO         3361    i.ESP8266_USART_Config  esp8266.o
    0x08001de8   0x08001de8   0x0000004c   Code   RO         3362    i.ESP8266_UnvarnishSend  esp8266.o
    0x08001e34   0x08001e34   0x00000060   Code   RO         3622    i.EXTI15_10_IRQHandler  ov7725_exit.o
    0x08001e94   0x08001e94   0x00000068   Code   RO         3549    i.EXTI9_5_IRQHandler  ov7725_entrance.o
    0x08001efc   0x08001efc   0x0000000c   Code   RO          979    i.EXTI_ClearITPendingBit  stm32f10x_exti.o
    0x08001f08   0x08001f08   0x00000010   Code   RO          981    i.EXTI_GenerateSWInterrupt  stm32f10x_exti.o
    0x08001f18   0x08001f18   0x00000020   Code   RO          983    i.EXTI_GetITStatus  stm32f10x_exti.o
    0x08001f38   0x08001f38   0x00000070   Code   RO          984    i.EXTI_Init         stm32f10x_exti.o
    0x08001fa8   0x08001fa8   0x00000078   Code   RO         5309    i.Entrance_LP_communication  license_plate_recognition.o
    0x08002020   0x08002020   0x00000048   Code   RO         5475    i.Event_thread_entry  task.o
    0x08002068   0x08002068   0x00000114   Code   RO         5310    i.Exit_LP_communication  license_plate_recognition.o
    0x0800217c   0x0800217c   0x00000020   Code   RO         1215    i.FSMC_NORSRAMCmd   stm32f10x_fsmc.o
    0x0800219c   0x0800219c   0x000000c8   Code   RO         1217    i.FSMC_NORSRAMInit  stm32f10x_fsmc.o
    0x08002264   0x08002264   0x00000030   Code   RO         3251    i.GENERAL_TIM_Init  pwm.o
    0x08002294   0x08002294   0x00000084   Code   RO         3252    i.GENERAL_TIM_Mode_Config  pwm.o
    0x08002318   0x08002318   0x00000028   Code   RO         1327    i.GPIO_EXTILineConfig  stm32f10x_gpio.o
    0x08002340   0x08002340   0x0000009c   Code   RO         1330    i.GPIO_Init         stm32f10x_gpio.o
    0x080023dc   0x080023dc   0x0000000e   Code   RO         1334    i.GPIO_ReadInputDataBit  stm32f10x_gpio.o
    0x080023ea   0x080023ea   0x00000004   Code   RO         1337    i.GPIO_ResetBits    stm32f10x_gpio.o
    0x080023ee   0x080023ee   0x00000004   Code   RO         1338    i.GPIO_SetBits      stm32f10x_gpio.o
    0x080023f2   0x080023f2   0x00000026   Code   RO         3130    i.IWDG_Config       iwdg.o
    0x08002418   0x08002418   0x00000010   Code   RO         1642    i.IWDG_Enable       stm32f10x_iwdg.o
    0x08002428   0x08002428   0x00000004   Code   RO         3131    i.IWDG_Feed         iwdg.o
    0x0800242c   0x0800242c   0x00000010   Code   RO         1644    i.IWDG_ReloadCounter  stm32f10x_iwdg.o
    0x0800243c   0x0800243c   0x0000000c   Code   RO         1645    i.IWDG_SetPrescaler  stm32f10x_iwdg.o
    0x08002448   0x08002448   0x0000000c   Code   RO         1646    i.IWDG_SetReload    stm32f10x_iwdg.o
    0x08002454   0x08002454   0x0000000c   Code   RO         1647    i.IWDG_WriteAccessCmd  stm32f10x_iwdg.o
    0x08002460   0x08002460   0x00000020   Code   RO         5476    i.IWDG_thread_entry  task.o
    0x08002480   0x08002480   0x00000004   Code   RO         5372    i.In_ProcessSoftTimer_callback  parking_detection_processing.o
    0x08002484   0x08002484   0x00000040   Code   RO         3802    i.Infrared_Init     infrared_barrier.o
    0x080024c4   0x080024c4   0x00000004   Code   RO         5477    i.Inspection_ProcessSoftTimer_callback  task.o
    0x080024c8   0x080024c8   0x00000154   Code   RO         5275    i.Interface_init    lcd_interface_design.o
    0x0800261c   0x0800261c   0x0000001c   Code   RO         5373    i.IsKey1Down        parking_detection_processing.o
    0x08002638   0x08002638   0x0000001c   Code   RO         5374    i.IsKey2Down        parking_detection_processing.o
    0x08002654   0x08002654   0x0000001c   Code   RO         5375    i.IsKey3Down        parking_detection_processing.o
    0x08002670   0x08002670   0x0000001c   Code   RO         5376    i.IsKey4Down        parking_detection_processing.o
    0x0800268c   0x0800268c   0x0000001c   Code   RO         5377    i.IsKey5Down        parking_detection_processing.o
    0x080026a8   0x080026a8   0x0000001c   Code   RO         5378    i.IsKey6Down        parking_detection_processing.o
    0x080026c4   0x080026c4   0x00000018   Code   RO         5379    i.IsKey7Down        parking_detection_processing.o
    0x080026dc   0x080026dc   0x00000044   Code   RO         3471    i.LCD_Clear         lcd.o
    0x08002720   0x08002720   0x00000104   Code   RO         3472    i.LCD_GPIOInit      lcd.o
    0x08002824   0x08002824   0x00000044   Code   RO         3473    i.LCD_Init          lcd.o
    0x08002868   0x08002868   0x00000020   Code   RO         3474    i.LCD_RESET         lcd.o
    0x08002888   0x08002888   0x0000000c   Code   RO         3475    i.LCD_SetCursor     lcd.o
    0x08002894   0x08002894   0x0000002c   Code   RO         3476    i.LCD_SetParam      lcd.o
    0x080028c0   0x080028c0   0x0000001c   Code   RO         3477    i.LCD_SetWindows    lcd.o
    0x080028dc   0x080028dc   0x0000000c   Code   RO         3478    i.LCD_WR_DATA       lcd.o
    0x080028e8   0x080028e8   0x00000014   Code   RO         3480    i.LCD_WriteRAM_Prepare  lcd.o
    0x080028fc   0x080028fc   0x00000010   Code   RO         3481    i.LCD_WriteReg      lcd.o
    0x0800290c   0x0800290c   0x00000088   Code   RO         5276    i.LP_display        lcd_interface_design.o
    0x08002994   0x08002994   0x00000002   Code   RO          134    i.MemManage_Handler  stm32f10x_it.o
    0x08002996   0x08002996   0x00000002   Code   RO          135    i.NMI_Handler       stm32f10x_it.o
    0x08002998   0x08002998   0x00000064   Code   RO          181    i.NVIC_Init         misc.o
    0x080029fc   0x080029fc   0x00000014   Code   RO          182    i.NVIC_PriorityGroupConfig  misc.o
    0x08002a10   0x08002a10   0x000000cc   Code   RO         5311    i.Number_recognition_LP  license_plate_recognition.o
    0x08002adc   0x08002adc   0x00000098   Code   RO         3550    i.OV7725_FIFO_GPIO_Config  ov7725_entrance.o
    0x08002b74   0x08002b74   0x00000044   Code   RO         3701    i.OV7725_SCCB_GPIO_Config  ov7725sccb_entrance.o
    0x08002bb8   0x08002bb8   0x000000fc   Code   RO         3702    i.OV7725_SCCB_ReadByte  ov7725sccb_entrance.o
    0x08002cb4   0x08002cb4   0x00000054   Code   RO         3703    i.OV7725_SCCB_SendByte  ov7725sccb_entrance.o
    0x08002d08   0x08002d08   0x00000064   Code   RO         3704    i.OV7725_SCCB_Start  ov7725sccb_entrance.o
    0x08002d6c   0x08002d6c   0x0000003c   Code   RO         3705    i.OV7725_SCCB_Stop  ov7725sccb_entrance.o
    0x08002da8   0x08002da8   0x00000050   Code   RO         3706    i.OV7725_SCCB_WaitAck  ov7725sccb_entrance.o
    0x08002df8   0x08002df8   0x0000003e   Code   RO         3707    i.OV7725_SCCB_WriteByte  ov7725sccb_entrance.o
    0x08002e36   0x08002e36   0x0000000e   Code   RO         3708    i.OV7725_SCCB_delay  ov7725sccb_entrance.o
    0x08002e44   0x08002e44   0x00000078   Code   RO         3551    i.OV7725_VSYNC_GPIO_Config  ov7725_entrance.o
    0x08002ebc   0x08002ebc   0x0000004e   Code   RO         3552    i.OV7725_entr_Brightness  ov7725_entrance.o
    0x08002f0a   0x08002f0a   0x00000022   Code   RO         3553    i.OV7725_entr_Color_Saturation  ov7725_entrance.o
    0x08002f2c   0x08002f2c   0x00000016   Code   RO         3554    i.OV7725_entr_Contrast  ov7725_entrance.o
    0x08002f42   0x08002f42   0x00000012   Code   RO         3555    i.OV7725_entr_GPIO_Config  ov7725_entrance.o
    0x08002f54   0x08002f54   0x00000058   Code   RO         3556    i.OV7725_entr_Init  ov7725_entrance.o
    0x08002fac   0x08002fac   0x00000098   Code   RO         3557    i.OV7725_entr_Light_Mode  ov7725_entrance.o
    0x08003044   0x08003044   0x0000008a   Code   RO         3558    i.OV7725_entr_Special_Effect  ov7725_entrance.o
    0x080030ce   0x080030ce   0x000000ca   Code   RO         3559    i.OV7725_entr_Window_Set  ov7725_entrance.o
    0x08003198   0x08003198   0x0000004e   Code   RO         3623    i.OV7725_exit_Brightness  ov7725_exit.o
    0x080031e6   0x080031e6   0x00000022   Code   RO         3624    i.OV7725_exit_Color_Saturation  ov7725_exit.o
    0x08003208   0x08003208   0x00000016   Code   RO         3625    i.OV7725_exit_Contrast  ov7725_exit.o
    0x0800321e   0x0800321e   0x00000002   PAD
    0x08003220   0x08003220   0x00000094   Code   RO         3626    i.OV7725_exit_FIFO_GPIO_Config  ov7725_exit.o
    0x080032b4   0x080032b4   0x00000012   Code   RO         3627    i.OV7725_exit_GPIO_Config  ov7725_exit.o
    0x080032c6   0x080032c6   0x00000002   PAD
    0x080032c8   0x080032c8   0x00000058   Code   RO         3628    i.OV7725_exit_Init  ov7725_exit.o
    0x08003320   0x08003320   0x00000098   Code   RO         3629    i.OV7725_exit_Light_Mode  ov7725_exit.o
    0x080033b8   0x080033b8   0x00000048   Code   RO         3750    i.OV7725_exit_SCCB_GPIO_Config  ov7725sccb_exit.o
    0x08003400   0x08003400   0x000000fc   Code   RO         3751    i.OV7725_exit_SCCB_ReadByte  ov7725sccb_exit.o
    0x080034fc   0x080034fc   0x00000054   Code   RO         3752    i.OV7725_exit_SCCB_SendByte  ov7725sccb_exit.o
    0x08003550   0x08003550   0x00000064   Code   RO         3753    i.OV7725_exit_SCCB_Start  ov7725sccb_exit.o
    0x080035b4   0x080035b4   0x0000003c   Code   RO         3754    i.OV7725_exit_SCCB_Stop  ov7725sccb_exit.o
    0x080035f0   0x080035f0   0x00000050   Code   RO         3755    i.OV7725_exit_SCCB_WaitAck  ov7725sccb_exit.o
    0x08003640   0x08003640   0x0000003e   Code   RO         3756    i.OV7725_exit_SCCB_WriteByte  ov7725sccb_exit.o
    0x0800367e   0x0800367e   0x0000000e   Code   RO         3757    i.OV7725_exit_SCCB_delay  ov7725sccb_exit.o
    0x0800368c   0x0800368c   0x0000008a   Code   RO         3630    i.OV7725_exit_Special_Effect  ov7725_exit.o
    0x08003716   0x08003716   0x00000002   PAD
    0x08003718   0x08003718   0x00000078   Code   RO         3631    i.OV7725_exit_VSYNC_GPIO_Config  ov7725_exit.o
    0x08003790   0x08003790   0x000000ca   Code   RO         3632    i.OV7725_exit_Window_Set  ov7725_exit.o
    0x0800385a   0x0800385a   0x0000003c   Code   RO         5380    i.ParkingDetect     parking_detection_processing.o
    0x08003896   0x08003896   0x00000002   PAD
    0x08003898   0x08003898   0x00000238   Code   RO         5277    i.Parking_information  lcd_interface_design.o
    0x08003ad0   0x08003ad0   0x000002cc   Code   RO         5381    i.Parking_management  parking_detection_processing.o
    0x08003d9c   0x08003d9c   0x000000a4   Code   RO         5382    i.Parking_recommendation  parking_detection_processing.o
    0x08003e40   0x08003e40   0x00000018   Code   RO         1745    i.RCC_AHBPeriphClockCmd  stm32f10x_rcc.o
    0x08003e58   0x08003e58   0x00000018   Code   RO         1746    i.RCC_APB1PeriphClockCmd  stm32f10x_rcc.o
    0x08003e70   0x08003e70   0x00000018   Code   RO         1748    i.RCC_APB2PeriphClockCmd  stm32f10x_rcc.o
    0x08003e88   0x08003e88   0x00000094   Code   RO         1756    i.RCC_GetClocksFreq  stm32f10x_rcc.o
    0x08003f1c   0x08003f1c   0x00000002   Code   RO          136    i.SVC_Handler       stm32f10x_it.o
    0x08003f1e   0x08003f1e   0x00000002   PAD
    0x08003f20   0x08003f20   0x000000d0   Code   RO         5312    i.Scaling_Normalization  license_plate_recognition.o
    0x08003ff0   0x08003ff0   0x000000a8   Code   RO           17    i.SetSysClockTo72   system_stm32f10x.o
    0x08004098   0x08004098   0x00000138   Code   RO         5183    i.ShowCP            lcd_basic_application.o
    0x080041d0   0x080041d0   0x00000198   Code   RO         5184    i.ShowChar          lcd_basic_application.o
    0x08004368   0x08004368   0x00000058   Code   RO         5185    i.ShowString        lcd_basic_application.o
    0x080043c0   0x080043c0   0x000000b4   Code   RO         5186    i.ShowYW24          lcd_basic_application.o
    0x08004474   0x08004474   0x000000f8   Code   RO         5187    i.Show_Str          lcd_basic_application.o
    0x0800456c   0x0800456c   0x00000024   Code   RO         3814    i.Smoke_Init        smoke_sensor.o
    0x08004590   0x08004590   0x00000034   Code   RO         5584    i.SysInit           system.o
    0x080045c4   0x080045c4   0x00000038   Code   RO         3268    i.SysTickInit       systick.o
    0x080045fc   0x080045fc   0x00000012   Code   RO         5550    i.SysTick_Handler   board.o
    0x0800460e   0x0800460e   0x00000002   PAD
    0x08004610   0x08004610   0x00000050   Code   RO           19    i.SystemInit        system_stm32f10x.o
    0x08004660   0x08004660   0x00000014   Code   RO         2377    i.TIM_Cmd           stm32f10x_tim.o
    0x08004674   0x08004674   0x0000007c   Code   RO         2416    i.TIM_OC3Init       stm32f10x_tim.o
    0x080046f0   0x080046f0   0x0000000c   Code   RO         2419    i.TIM_OC3PreloadConfig  stm32f10x_tim.o
    0x080046fc   0x080046fc   0x00000064   Code   RO         2421    i.TIM_OC4Init       stm32f10x_tim.o
    0x08004760   0x08004760   0x00000014   Code   RO         2423    i.TIM_OC4PreloadConfig  stm32f10x_tim.o
    0x08004774   0x08004774   0x00000004   Code   RO         2440    i.TIM_SetCompare3   stm32f10x_tim.o
    0x08004778   0x08004778   0x00000006   Code   RO         2441    i.TIM_SetCompare4   stm32f10x_tim.o
    0x0800477e   0x0800477e   0x00000002   PAD
    0x08004780   0x08004780   0x0000009c   Code   RO         2448    i.TIM_TimeBaseInit  stm32f10x_tim.o
    0x0800481c   0x0800481c   0x00000114   Code   RO         5478    i.TaskInit          task.o
    0x08004930   0x08004930   0x00000074   Code   RO         3363    i.USART3_IRQHandler  esp8266.o
    0x080049a4   0x080049a4   0x00000006   Code   RO         2896    i.USART_ClearFlag   stm32f10x_usart.o
    0x080049aa   0x080049aa   0x00000014   Code   RO         2900    i.USART_Cmd         stm32f10x_usart.o
    0x080049be   0x080049be   0x0000000e   Code   RO         2903    i.USART_GetFlagStatus  stm32f10x_usart.o
    0x080049cc   0x080049cc   0x0000003e   Code   RO         2904    i.USART_GetITStatus  stm32f10x_usart.o
    0x08004a0a   0x08004a0a   0x00000030   Code   RO         2906    i.USART_ITConfig    stm32f10x_usart.o
    0x08004a3a   0x08004a3a   0x00000002   PAD
    0x08004a3c   0x08004a3c   0x000000ac   Code   RO         2907    i.USART_Init        stm32f10x_usart.o
    0x08004ae8   0x08004ae8   0x00000008   Code   RO         2914    i.USART_ReceiveData  stm32f10x_usart.o
    0x08004af0   0x08004af0   0x00000008   Code   RO         2917    i.USART_SendData    stm32f10x_usart.o
    0x08004af8   0x08004af8   0x000000fc   Code   RO         3290    i.USART_printf      usart.o
    0x08004bf4   0x08004bf4   0x0000005c   Code   RO         5383    i.UrgentDetect      parking_detection_processing.o
    0x08004c50   0x08004c50   0x00000002   Code   RO          137    i.UsageFault_Handler  stm32f10x_it.o
    0x08004c52   0x08004c52   0x00000002   PAD
    0x08004c54   0x08004c54   0x0000008c   Code   RO         3291    i.UsartInit         usart.o
    0x08004ce0   0x08004ce0   0x000000fc   Code   RO         5479    i.Vehicle_count     task.o
    0x08004ddc   0x08004ddc   0x000000bc   Code   RO         5480    i.WIFI_thread_entry  task.o
    0x08004e98   0x08004e98   0x00000044   Code   RO         4242    i.__rt_ffs          kservice.o
    0x08004edc   0x08004edc   0x00000014   Code   RO         3943    i._has_defunct_thread  idle.o
    0x08004ef0   0x08004ef0   0x000000a0   Code   RO         5032    i._msh_exec_cmd     msh.o
    0x08004f90   0x08004f90   0x00000074   Code   RO         4637    i._rt_thread_init   thread.o
    0x08005004   0x08005004   0x00000026   Code   RO         4756    i._rt_timer_init    timer.o
    0x0800502a   0x0800502a   0x00000020   Code   RO         4757    i._rt_timer_remove  timer.o
    0x0800504a   0x0800504a   0x00000002   PAD
    0x0800504c   0x0800504c   0x00000110   Code   RO         5278    i.alert             lcd_interface_design.o
    0x0800515c   0x0800515c   0x000000e8   Code   RO         4853    i.bus_fault_track   cpuport.o
    0x08005244   0x08005244   0x00000068   Code   RO         5384    i.button_process_init  parking_detection_processing.o
    0x080052ac   0x080052ac   0x00000180   Code   RO         5385    i.button_thread_entry  parking_detection_processing.o
    0x0800542c   0x0800542c   0x0000000a   Code   RO         5033    i.cmd_free          msh.o
    0x08005436   0x08005436   0x0000000a   Code   RO         5034    i.cmd_ps            msh.o
    0x08005440   0x08005440   0x000000c8   Code   RO         5481    i.entr_thread_entry  task.o
    0x08005508   0x08005508   0x00000080   Code   RO         5482    i.exit_thread_entry  task.o
    0x08005588   0x08005588   0x00000060   Code   RO         5097    i.finsh_get_prompt  shell.o
    0x080055e8   0x080055e8   0x00000014   Code   RO         5101    i.finsh_set_prompt_mode  shell.o
    0x080055fc   0x080055fc   0x0000000c   Code   RO         5102    i.finsh_system_function_init  shell.o
    0x08005608   0x08005608   0x00000094   Code   RO         5103    i.finsh_system_init  shell.o
    0x0800569c   0x0800569c   0x0000028c   Code   RO         5105    i.finsh_thread_entry  shell.o
    0x08005928   0x08005928   0x00000078   Code   RO         4854    i.hard_fault_track  cpuport.o
    0x080059a0   0x080059a0   0x00000020   Code   RO         4919    i.hello             cmd.o
    0x080059c0   0x080059c0   0x00000054   Code   RO         4920    i.list              cmd.o
    0x08005a14   0x08005a14   0x00000130   Code   RO         4921    i.list_event        cmd.o
    0x08005b44   0x08005b44   0x00000024   Code   RO         4922    i.list_find_init    cmd.o
    0x08005b68   0x08005b68   0x0000006a   Code   RO         4923    i.list_get_next     cmd.o
    0x08005bd2   0x08005bd2   0x00000002   PAD
    0x08005bd4   0x08005bd4   0x00000140   Code   RO         4924    i.list_mailbox      cmd.o
    0x08005d14   0x08005d14   0x0000006c   Code   RO         4416    i.list_mem          mem.o
    0x08005d80   0x08005d80   0x0000012c   Code   RO         4925    i.list_msgqueue     cmd.o
    0x08005eac   0x08005eac   0x00000120   Code   RO         4926    i.list_sem          cmd.o
    0x08005fcc   0x08005fcc   0x000001b8   Code   RO         4927    i.list_thread       cmd.o
    0x08006184   0x08006184   0x00000140   Code   RO         4928    i.list_timer        cmd.o
    0x080062c4   0x080062c4   0x00000010   Code   RO         5527    i.main              main.o
    0x080062d4   0x080062d4   0x0000000e   Code   RO         3865    i.main_thread_entry  components.o
    0x080062e2   0x080062e2   0x00000002   PAD
    0x080062e4   0x080062e4   0x000000d8   Code   RO         4855    i.mem_manage_fault_track  cpuport.o
    0x080063bc   0x080063bc   0x000000ac   Code   RO         5035    i.msh_auto_complete  msh.o
    0x08006468   0x08006468   0x00000064   Code   RO         5036    i.msh_exec          msh.o
    0x080064cc   0x080064cc   0x0000006c   Code   RO         5037    i.msh_help          msh.o
    0x08006538   0x08006538   0x00000004   Code   RO         5038    i.msh_is_used       msh.o
    0x0800653c   0x0800653c   0x000000d0   Code   RO         5039    i.msh_split         msh.o
    0x0800660c   0x0800660c   0x00000018   Code   RO         4929    i.object_split      cmd.o
    0x08006624   0x08006624   0x00000054   Code   RO         4417    i.plug_holes        mem.o
    0x08006678   0x08006678   0x0000012c   Code   RO         4244    i.print_number      kservice.o
    0x080067a4   0x080067a4   0x0000002c   Code   RO         3866    i.rt_application_init  components.o
    0x080067d0   0x080067d0   0x0000001a   Code   RO         4418    i.rt_calloc         mem.o
    0x080067ea   0x080067ea   0x00000002   PAD
    0x080067ec   0x080067ec   0x0000001c   Code   RO         3867    i.rt_components_board_init  components.o
    0x08006808   0x08006808   0x0000001c   Code   RO         3868    i.rt_components_init  components.o
    0x08006824   0x08006824   0x0000001c   Code   RO         4570    i.rt_enter_critical  scheduler.o
    0x08006840   0x08006840   0x00000020   Code   RO         3996    i.rt_event_create   ipc.o
    0x08006860   0x08006860   0x000000be   Code   RO         4000    i.rt_event_recv     ipc.o
    0x0800691e   0x0800691e   0x0000008c   Code   RO         4001    i.rt_event_send     ipc.o
    0x080069aa   0x080069aa   0x00000002   PAD
    0x080069ac   0x080069ac   0x00000038   Code   RO         4571    i.rt_exit_critical  scheduler.o
    0x080069e4   0x080069e4   0x000000c4   Code   RO         4419    i.rt_free           mem.o
    0x08006aa8   0x08006aa8   0x00000008   Code   RO         5551    i.rt_heap_begin_get  board.o
    0x08006ab0   0x08006ab0   0x00000008   Code   RO         5552    i.rt_heap_end_get   board.o
    0x08006ab8   0x08006ab8   0x0000001e   Code   RO         5553    i.rt_hw_board_init  board.o
    0x08006ad6   0x08006ad6   0x00000002   PAD
    0x08006ad8   0x08006ad8   0x00000044   Code   RO         3295    i.rt_hw_console_getchar  usart.o
    0x08006b1c   0x08006b1c   0x0000004c   Code   RO         3296    i.rt_hw_console_output  usart.o
    0x08006b68   0x08006b68   0x000001fc   Code   RO         4859    i.rt_hw_hard_fault_exception  cpuport.o
    0x08006d64   0x08006d64   0x0000003c   Code   RO         4860    i.rt_hw_stack_init  cpuport.o
    0x08006da0   0x08006da0   0x0000001c   Code   RO         4215    i.rt_interrupt_enter  irq.o
    0x08006dbc   0x08006dbc   0x0000001c   Code   RO         4217    i.rt_interrupt_leave  irq.o
    0x08006dd8   0x08006dd8   0x0000000e   Code   RO         4002    i.rt_ipc_list_resume  ipc.o
    0x08006de6   0x08006de6   0x0000002e   Code   RO         4003    i.rt_ipc_list_resume_all  ipc.o
    0x08006e14   0x08006e14   0x00000050   Code   RO         4004    i.rt_ipc_list_suspend  ipc.o
    0x08006e64   0x08006e64   0x00000020   Code   RO         4248    i.rt_kprintf        kservice.o
    0x08006e84   0x08006e84   0x0000000e   Code   RO         4494    i.rt_list_insert_after  object.o
    0x08006e92   0x08006e92   0x0000000e   Code   RO         4638    i.rt_list_insert_after  thread.o
    0x08006ea0   0x08006ea0   0x0000000e   Code   RO         4758    i.rt_list_insert_after  timer.o
    0x08006eae   0x08006eae   0x0000000e   Code   RO         4005    i.rt_list_insert_before  ipc.o
    0x08006ebc   0x08006ebc   0x0000000e   Code   RO         4006    i.rt_list_isempty   ipc.o
    0x08006eca   0x08006eca   0x0000000e   Code   RO         4759    i.rt_list_isempty   timer.o
    0x08006ed8   0x08006ed8   0x0000000e   Code   RO         4930    i.rt_list_isempty   cmd.o
    0x08006ee6   0x08006ee6   0x00000012   Code   RO         4931    i.rt_list_len       cmd.o
    0x08006ef8   0x08006ef8   0x00000012   Code   RO         4495    i.rt_list_remove    object.o
    0x08006f0a   0x08006f0a   0x00000012   Code   RO         4639    i.rt_list_remove    thread.o
    0x08006f1c   0x08006f1c   0x000000f0   Code   RO         4420    i.rt_malloc         mem.o
    0x0800700c   0x0800700c   0x0000004a   Code   RO         4252    i.rt_memcpy         kservice.o
    0x08007056   0x08007056   0x0000002e   Code   RO         4253    i.rt_memmove        kservice.o
    0x08007084   0x08007084   0x00000044   Code   RO         4254    i.rt_memset         kservice.o
    0x080070c8   0x080070c8   0x00000070   Code   RO         4016    i.rt_mq_create      ipc.o
    0x08007138   0x08007138   0x0000001a   Code   RO         4017    i.rt_mq_delete      ipc.o
    0x08007152   0x08007152   0x000000e4   Code   RO         4020    i.rt_mq_recv        ipc.o
    0x08007236   0x08007236   0x00000084   Code   RO         4021    i.rt_mq_send        ipc.o
    0x080072ba   0x080072ba   0x0000007e   Code   RO         4022    i.rt_mq_urgent      ipc.o
    0x08007338   0x08007338   0x0000004c   Code   RO         4496    i.rt_object_allocate  object.o
    0x08007384   0x08007384   0x00000026   Code   RO         4497    i.rt_object_delete  object.o
    0x080073aa   0x080073aa   0x00000020   Code   RO         4498    i.rt_object_detach  object.o
    0x080073ca   0x080073ca   0x00000002   PAD
    0x080073cc   0x080073cc   0x00000024   Code   RO         4500    i.rt_object_get_information  object.o
    0x080073f0   0x080073f0   0x00000050   Code   RO         4502    i.rt_object_init    object.o
    0x08007440   0x08007440   0x0000000e   Code   RO         4503    i.rt_object_is_systemobject  object.o
    0x0800744e   0x0800744e   0x00000002   PAD
    0x08007450   0x08007450   0x00000058   Code   RO         4572    i.rt_schedule       scheduler.o
    0x080074a8   0x080074a8   0x00000050   Code   RO         4573    i.rt_schedule_insert_thread  scheduler.o
    0x080074f8   0x080074f8   0x0000004c   Code   RO         4574    i.rt_schedule_remove_thread  scheduler.o
    0x08007544   0x08007544   0x00000020   Code   RO         4024    i.rt_sem_create     ipc.o
    0x08007564   0x08007564   0x00000024   Code   RO         4027    i.rt_sem_init       ipc.o
    0x08007588   0x08007588   0x0000003c   Code   RO         4028    i.rt_sem_release    ipc.o
    0x080075c4   0x080075c4   0x0000006e   Code   RO         4029    i.rt_sem_take       ipc.o
    0x08007632   0x08007632   0x00000002   PAD
    0x08007634   0x08007634   0x000000b0   Code   RO         4256    i.rt_show_version   kservice.o
    0x080076e4   0x080076e4   0x00000010   Code   RO         4262    i.rt_strlen         kservice.o
    0x080076f4   0x080076f4   0x00000026   Code   RO         4264    i.rt_strncpy        kservice.o
    0x0800771a   0x0800771a   0x00000002   PAD
    0x0800771c   0x0800771c   0x000000b0   Code   RO         4423    i.rt_system_heap_init  mem.o
    0x080077cc   0x080077cc   0x00000034   Code   RO         4575    i.rt_system_scheduler_init  scheduler.o
    0x08007800   0x08007800   0x00000028   Code   RO         4576    i.rt_system_scheduler_start  scheduler.o
    0x08007828   0x08007828   0x00000018   Code   RO         4760    i.rt_system_timer_init  timer.o
    0x08007840   0x08007840   0x00000002   Code   RO         4761    i.rt_system_timer_thread_init  timer.o
    0x08007842   0x08007842   0x00000048   Code   RO         4641    i.rt_thread_create  thread.o
    0x0800788a   0x0800788a   0x00000002   PAD
    0x0800788c   0x0800788c   0x00000058   Code   RO         4645    i.rt_thread_exit    thread.o
    0x080078e4   0x080078e4   0x0000001c   Code   RO         3945    i.rt_thread_idle_entry  idle.o
    0x08007900   0x08007900   0x00000078   Code   RO         3946    i.rt_thread_idle_excute  idle.o
    0x08007978   0x08007978   0x00000038   Code   RO         3948    i.rt_thread_idle_init  idle.o
    0x080079b0   0x080079b0   0x00000030   Code   RO         4647    i.rt_thread_init    thread.o
    0x080079e0   0x080079e0   0x0000000e   Code   RO         4648    i.rt_thread_mdelay  thread.o
    0x080079ee   0x080079ee   0x0000003c   Code   RO         4649    i.rt_thread_resume  thread.o
    0x08007a2a   0x08007a2a   0x00000002   PAD
    0x08007a2c   0x08007a2c   0x0000000c   Code   RO         4650    i.rt_thread_self    thread.o
    0x08007a38   0x08007a38   0x00000040   Code   RO         4651    i.rt_thread_sleep   thread.o
    0x08007a78   0x08007a78   0x0000002c   Code   RO         4652    i.rt_thread_startup  thread.o
    0x08007aa4   0x08007aa4   0x00000042   Code   RO         4653    i.rt_thread_suspend  thread.o
    0x08007ae6   0x08007ae6   0x00000020   Code   RO         4654    i.rt_thread_timeout  thread.o
    0x08007b06   0x08007b06   0x00000002   PAD
    0x08007b08   0x08007b08   0x00000060   Code   RO         4655    i.rt_thread_yield   thread.o
    0x08007b68   0x08007b68   0x00000032   Code   RO         3827    i.rt_tick_from_millisecond  clock.o
    0x08007b9a   0x08007b9a   0x00000002   PAD
    0x08007b9c   0x08007b9c   0x0000000c   Code   RO         3828    i.rt_tick_get       clock.o
    0x08007ba8   0x08007ba8   0x0000002c   Code   RO         3829    i.rt_tick_increase  clock.o
    0x08007bd4   0x08007bd4   0x0000006c   Code   RO         4762    i.rt_timer_check    timer.o
    0x08007c40   0x08007c40   0x00000030   Code   RO         4763    i.rt_timer_control  timer.o
    0x08007c70   0x08007c70   0x0000002e   Code   RO         4764    i.rt_timer_create   timer.o
    0x08007c9e   0x08007c9e   0x00000020   Code   RO         4766    i.rt_timer_detach   timer.o
    0x08007cbe   0x08007cbe   0x00000028   Code   RO         4767    i.rt_timer_init     timer.o
    0x08007ce6   0x08007ce6   0x00000002   PAD
    0x08007ce8   0x08007ce8   0x000000a0   Code   RO         4769    i.rt_timer_start    timer.o
    0x08007d88   0x08007d88   0x0000002e   Code   RO         4770    i.rt_timer_stop     timer.o
    0x08007db6   0x08007db6   0x00000002   PAD
    0x08007db8   0x08007db8   0x00000264   Code   RO         4267    i.rt_vsnprintf      kservice.o
    0x0800801c   0x0800801c   0x00000004   Code   RO         3869    i.rti_board_end     components.o
    0x08008020   0x08008020   0x00000004   Code   RO         3870    i.rti_board_start   components.o
    0x08008024   0x08008024   0x00000004   Code   RO         3871    i.rti_end           components.o
    0x08008028   0x08008028   0x00000004   Code   RO         3872    i.rti_start         components.o
    0x0800802c   0x0800802c   0x0000002a   Code   RO         3873    i.rtthread_startup  components.o
    0x08008056   0x08008056   0x00000002   PAD
    0x08008058   0x08008058   0x00000030   Code   RO         4932    i.show_wait_queue   cmd.o
    0x08008088   0x08008088   0x00000028   Code   RO         4269    i.skip_atoi         kservice.o
    0x080080b0   0x080080b0   0x000000d0   Code   RO         4861    i.usage_fault_track  cpuport.o
    0x08008180   0x08008180   0x0000000a   Code   RO         4933    i.version           cmd.o
    0x0800818a   0x0800818a   0x00000002   PAD
    0x0800818c   0x0800818c   0x00000150   Code   RO         5666    x$fpl$dadd          fz_ws.l(daddsub_clz.o)
    0x080082dc   0x080082dc   0x0000005a   Code   RO         5672    x$fpl$dfixu         fz_ws.l(dfixu.o)
    0x08008336   0x08008336   0x00000026   Code   RO         5676    x$fpl$dfltu         fz_ws.l(dflt_clz.o)
    0x0800835c   0x0800835c   0x00000154   Code   RO         5682    x$fpl$dmul          fz_ws.l(dmul.o)
    0x080084b0   0x080084b0   0x0000009c   Code   RO         5694    x$fpl$dnaninf       fz_ws.l(dnaninf.o)
    0x0800854c   0x0800854c   0x0000000c   Code   RO         5696    x$fpl$dretinf       fz_ws.l(dretinf.o)
    0x08008558   0x08008558   0x000001d4   Code   RO         5668    x$fpl$dsub          fz_ws.l(daddsub_clz.o)
    0x0800872c   0x0800872c   0x00000000   Code   RO         5698    x$fpl$usenofp       fz_ws.l(usenofp.o)
    0x0800872c   0x0800872c   0x00000122   Data   RO         4271    .constdata          kservice.o
    0x0800884e   0x0800884e   0x00000009   Data   RO         4425    .constdata          mem.o
    0x08008857   0x08008857   0x00000006   Data   RO         4934    .constdata          cmd.o
    0x0800885d   0x0800885d   0x00000008   Data   RO         4935    .constdata          cmd.o
    0x08008865   0x08008865   0x0000000e   Data   RO         4936    .constdata          cmd.o
    0x08008873   0x08008873   0x0000000c   Data   RO         4937    .constdata          cmd.o
    0x0800887f   0x0800887f   0x00000012   Data   RO         4938    .constdata          cmd.o
    0x08008891   0x08008891   0x00000009   Data   RO         4939    .constdata          cmd.o
    0x0800889a   0x0800889a   0x0000000f   Data   RO         4940    .constdata          cmd.o
    0x080088a9   0x080088a9   0x0000000b   Data   RO         4941    .constdata          cmd.o
    0x080088b4   0x080088b4   0x00000011   Data   RO         4942    .constdata          cmd.o
    0x080088c5   0x080088c5   0x0000000d   Data   RO         4943    .constdata          cmd.o
    0x080088d2   0x080088d2   0x00000013   Data   RO         4944    .constdata          cmd.o
    0x080088e5   0x080088e5   0x0000000e   Data   RO         4945    .constdata          cmd.o
    0x080088f3   0x080088f3   0x00000014   Data   RO         4946    .constdata          cmd.o
    0x08008907   0x08008907   0x0000000b   Data   RO         4947    .constdata          cmd.o
    0x08008912   0x08008912   0x00000011   Data   RO         4948    .constdata          cmd.o
    0x08008923   0x08008923   0x00000005   Data   RO         4949    .constdata          cmd.o
    0x08008928   0x08008928   0x0000000b   Data   RO         5040    .constdata          msh.o
    0x08008933   0x08008933   0x00000009   Data   RO         5041    .constdata          msh.o
    0x0800893c   0x0800893c   0x0000000b   Data   RO         5042    .constdata          msh.o
    0x08008947   0x08008947   0x000018ae   Data   RO         5188    .constdata          lcd_basic_application.o
    0x0800a1f5   0x0800a1f5   0x00000e2e   Data   RO         5314    .constdata          license_plate_recognition.o
    0x0800b023   0x0800b023   0x00000001   PAD
    0x0800b024   0x0800b024   0x00000044   Data   RO         4950    .conststring        cmd.o
    0x0800b068   0x0800b068   0x0000003d   Data   RO         5483    .conststring        task.o
    0x0800b0a5   0x0800b0a5   0x00000003   PAD
    0x0800b0a8   0x0800b0a8   0x00000004   Data   RO         3874    .rti_fn.0           components.o
    0x0800b0ac   0x0800b0ac   0x00000004   Data   RO         3875    .rti_fn.0.end       components.o
    0x0800b0b0   0x0800b0b0   0x00000004   Data   RO         3876    .rti_fn.1.end       components.o
    0x0800b0b4   0x0800b0b4   0x00000004   Data   RO         3486    .rti_fn.6           lcd.o
    0x0800b0b8   0x0800b0b8   0x00000004   Data   RO         5108    .rti_fn.6           shell.o
    0x0800b0bc   0x0800b0bc   0x00000004   Data   RO         5388    .rti_fn.6           parking_detection_processing.o
    0x0800b0c0   0x0800b0c0   0x00000004   Data   RO         3877    .rti_fn.6.end       components.o
    0x0800b0c4   0x0800b0c4   0x00000008   Data   RO         4427    FSymTab             mem.o
    0x0800b0cc   0x0800b0cc   0x00000080   Data   RO         4951    FSymTab             cmd.o
    0x0800b14c   0x0800b14c   0x00000018   Data   RO         5043    FSymTab             msh.o
    0x0800b164   0x0800b164   0x00000020   Data   RO         5855    Region$$Table       anon$$obj.o


    Execution Region RW_IRAM1 (Exec base: 0x20000000, Load base: 0x0800b184, Size: 0x0000cc20, Max: 0x00010000, ABSOLUTE, COMPRESSED[0x00000148])

    Exec Addr    Load Addr    Size         Type   Attr      Idx    E Section Name        Object

    0x20000000   COMPRESSED   0x00000014   Data   RW           20    .data               system_stm32f10x.o
    0x20000014   COMPRESSED   0x00000014   Data   RW         1776    .data               stm32f10x_rcc.o
    0x20000028   COMPRESSED   0x00000001   Data   RW         3365    .data               esp8266.o
    0x20000029   COMPRESSED   0x00000001   PAD
    0x2000002a   COMPRESSED   0x00000002   Data   RW         3483    .data               lcd.o
    0x2000002c   COMPRESSED   0x00000002   Data   RW         3484    .data               lcd.o
    0x2000002e   COMPRESSED   0x0000009c   Data   RW         3560    .data               ov7725_entrance.o
    0x200000ca   COMPRESSED   0x0000009c   Data   RW         3634    .data               ov7725_exit.o
    0x20000166   COMPRESSED   0x00000002   PAD
    0x20000168   COMPRESSED   0x00000004   Data   RW         3831    .data               clock.o
    0x2000016c   COMPRESSED   0x00000001   Data   RW         4218    .data               irq.o
    0x2000016d   COMPRESSED   0x00000003   PAD
    0x20000170   COMPRESSED   0x00000018   Data   RW         4426    .data               mem.o
    0x20000188   COMPRESSED   0x00000060   Data   RW         4505    .data               object.o
    0x200001e8   COMPRESSED   0x00000014   Data   RW         4578    .data               scheduler.o
    0x200001fc   COMPRESSED   0x0000000c   Data   RW         4771    .data               timer.o
    0x20000208   COMPRESSED   0x00000004   Data   RW         4862    .data               cpuport.o
    0x2000020c   COMPRESSED   0x00000004   Data   RW         4863    .data               cpuport.o
    0x20000210   COMPRESSED   0x00000004   Data   RW         4864    .data               cpuport.o
    0x20000214   COMPRESSED   0x00000004   Data   RW         4865    .data               cpuport.o
    0x20000218   COMPRESSED   0x00000018   Data   RW         5107    .data               shell.o
    0x20000230   COMPRESSED   0x00000010   Data   RW         5315    .data               license_plate_recognition.o
    0x20000240   COMPRESSED   0x00000011   Data   RW         5387    .data               parking_detection_processing.o
    0x20000251   COMPRESSED   0x00000003   PAD
    0x20000254   COMPRESSED   0x000000a0   Data   RW         5484    .data               task.o
    0x200002f4   COMPRESSED   0x00000004   Data   RW         5530    .data               main.o
    0x200002f8   COMPRESSED   0x00000004   Data   RW         5531    .data               main.o
    0x200002fc   COMPRESSED   0x00000004   Data   RW         5532    .data               main.o
    0x20000300   COMPRESSED   0x00000004   Data   RW         5533    .data               main.o
    0x20000304        -       0x00000402   Zero   RW         3364    .bss                esp8266.o
    0x20000706        -       0x0000000e   Zero   RW         3482    .bss                lcd.o
    0x20000714        -       0x000001a0   Zero   RW         3950    .bss                idle.o
    0x200008b4        -       0x00000080   Zero   RW         4270    .bss                kservice.o
    0x20000934        -       0x00000028   Zero   RW         4424    .bss                mem.o
    0x2000095c        -       0x00000040   Zero   RW         4577    .bss                scheduler.o
    0x2000099c        -       0x00000081   Zero   RW         5106    .bss                shell.o
    0x20000a1d        -       0x00003b2e   Zero   RW         5313    .bss                license_plate_recognition.o
    0x2000454b   COMPRESSED   0x00000001   PAD
    0x2000454c        -       0x00000070   Zero   RW         5386    .bss                parking_detection_processing.o
    0x200045bc        -       0x00008000   Zero   RW         5554    .bss                board.o
    0x2000c5bc        -       0x00000060   Zero   RW         5727    .bss                c_w.l(libspace.o)
    0x2000c61c   COMPRESSED   0x00000004   PAD
    0x2000c620        -       0x00000200   Zero   RW          126    HEAP                startup_stm32f10x_hd.o
    0x2000c820        -       0x00000400   Zero   RW          125    STACK               startup_stm32f10x_hd.o


==============================================================================

Image component sizes


      Code (inc. data)   RO Data    RW Data    ZI Data      Debug   Object Name

        64          8          0          0      32768       2559   board.o
       106         12          0          4          0       1840   clock.o
      2344        874        405          0          0      17215   cmd.o
       182         30         16          0          0       5842   components.o
       244         26          0          0          0        788   context_rvds.o
         0          0          0          0          0       4540   core_cm3.o
      1344        720          0         16          0       5638   cpuport.o
      1240        288          0          1       1026       9863   esp8266.o
       224         28          0          0        416       5734   idle.o
        64         10          0          0          0        556   infrared_barrier.o
      1392          0          0          0          0      16294   ipc.o
        56         12          0          1          0       1614   irq.o
        42          0          0          0          0       9952   iwdg.o
      1470        160        290          0        128      12001   kservice.o
       560         84          4          4         14       8845   lcd.o
      2604        112       6318          0          0      16596   lcd_basic_application.o
      1316        178          0          0          0       2340   lcd_interface_design.o
      3128        236       3630         16      15150      11790   license_plate_recognition.o
        16          0          0         16          0        935   main.o
       830        250         17         24         40       5206   mem.o
       120         16          0          0          0       1595   misc.o
       772        154         55          0          0       8513   msh.o
       308          6          0         96          0       8364   object.o
      1108         66          0        156          0       7868   ov7725_entrance.o
      1096         60          0        156          0       7788   ov7725_exit.o
       720         32          0          0          0       5549   ov7725sccb_entrance.o
       724         34          0          0          0       5552   ov7725sccb_exit.o
      2094        342          4         17        112      12778   parking_detection_processing.o
       180         12          0          0          0       1515   pwm.o
       420         58          0         20         64       8166   scheduler.o
       928        138          4         24        129       9184   shell.o
        36          4          0          0          0        513   smoke_sensor.o
        64         26        304          0       1536        800   startup_stm32f10x_hd.o
       172         20          0          0          0       2839   stm32f10x_exti.o
       232          6          0          0          0       1933   stm32f10x_fsmc.o
       218          6          0          0          0       4462   stm32f10x_gpio.o
        12          0          0          0          0       2579   stm32f10x_it.o
        68         30          0          0          0       2534   stm32f10x_iwdg.o
       220         34          0         20          0       5178   stm32f10x_rcc.o
       442         60          0          0          0       6670   stm32f10x_tim.o
       338          6          0          0          0       7055   stm32f10x_usart.o
       166          0          0          0          0       1426   system.o
       248         24          0         20          0     260365   system_stm32f10x.o
        56          8          0          0          0      15661   systick.o
      1152        278         61        160          0       5100   task.o
       744         40          0          0          0      11835   thread.o
       604         18          0         12          0      11678   timer.o
       536         18          0          0          0       3630   usart.o

    ----------------------------------------------------------------------
     31066       4524      11144        772      51384     561278   Object Totals
         0          0         32          0          0          0   (incl. Generated)
        62          0          4          9          1          0   (incl. Padding)

    ----------------------------------------------------------------------

      Code (inc. data)   RO Data    RW Data    ZI Data      Debug   Library Member Name

        90          0          0          0          0          0   __dczerorl2.o
         8          0          0          0          0         68   __main.o
       104          0          0          0          0         84   __printf.o
         0          0          0          0          0          0   __rtentry.o
        12          0          0          0          0          0   __rtentry2.o
         6          0          0          0          0          0   __rtentry4.o
        52          8          0          0          0          0   __scatter.o
        28          0          0          0          0          0   __scatter_zi.o
         6          0          0          0          0          0   _printf_c.o
        44          0          0          0          0        108   _printf_char.o
        48          6          0          0          0         96   _printf_char_common.o
         6          0          0          0          0          0   _printf_d.o
       120         16          0          0          0         92   _printf_dec.o
       178          0          0          0          0         88   _printf_intcommon.o
         0          0          0          0          0          0   _printf_percent.o
         4          0          0          0          0          0   _printf_percent_end.o
         6          0          0          0          0          0   _printf_s.o
        82          0          0          0          0         80   _printf_str.o
        10          0          0          0          0         68   _sputc.o
        18          0          0          0          0         80   exit.o
         6          0          0          0          0        152   heapauxi.o
         0          0          0          0          0          0   indicate_semi.o
         2          0          0          0          0          0   libinit.o
         2          0          0          0          0          0   libinit2.o
         2          0          0          0          0          0   libshutdown.o
         2          0          0          0          0          0   libshutdown2.o
         8          4          0          0         96         68   libspace.o
        40          6          0          0          0         84   noretval__2sprintf.o
        68          0          0          0          0         68   rt_memclr.o
        78          0          0          0          0         80   rt_memclr_w.o
       100          0          0          0          0         80   rt_memcpy_w.o
         2          0          0          0          0          0   rtexit.o
        10          0          0          0          0          0   rtexit2.o
        24          0          0          0          0         68   strcat.o
       128          0          0          0          0         68   strcmpv7m.o
        72          0          0          0          0         80   strcpy.o
        62          0          0          0          0         76   strlen.o
       150          0          0          0          0         80   strncmp.o
        86          0          0          0          0         76   strncpy.o
        36          0          0          0          0         80   strstr.o
        12          4          0          0          0         68   sys_exit.o
        74          0          0          0          0         80   sys_stackheap_outer.o
         2          0          0          0          0         68   use_no_semi.o
       804         16          0          0          0        272   daddsub_clz.o
        90          4          0          0          0         92   dfixu.o
        38          0          0          0          0         68   dflt_clz.o
       340         12          0          0          0        104   dmul.o
       156          4          0          0          0         92   dnaninf.o
        12          0          0          0          0         68   dretinf.o
         0          0          0          0          0          0   usenofp.o

    ----------------------------------------------------------------------
      3234         80          0          0        100       2736   Library Totals
         6          0          0          0          4          0   (incl. Padding)

    ----------------------------------------------------------------------

      Code (inc. data)   RO Data    RW Data    ZI Data      Debug   Library Name

      1788         44          0          0         96       2040   c_w.l
      1440         36          0          0          0        696   fz_ws.l

    ----------------------------------------------------------------------
      3234         80          0          0        100       2736   Library Totals

    ----------------------------------------------------------------------

==============================================================================


      Code (inc. data)   RO Data    RW Data    ZI Data      Debug   

     34300       4604      11144        772      51484     546954   Grand Totals
     34300       4604      11144        328      51484     546954   ELF Image Totals (compressed)
     34300       4604      11144        328          0          0   ROM Totals

==============================================================================

    Total RO  Size (Code + RO Data)                45444 (  44.38kB)
    Total RW  Size (RW Data + ZI Data)             52256 (  51.03kB)
    Total ROM Size (Code + RO Data + RW Data)      45772 (  44.70kB)

==============================================================================

