Component: ARM Compiler 5.06 update 7 (build 960) Tool: armlink [4d3601]

==============================================================================

Section Cross References

    system_stm32f10x.o(i.SystemCoreClockUpdate) refers to system_stm32f10x.o(.data) for .data
    system_stm32f10x.o(i.SystemInit) refers to system_stm32f10x.o(i.SetSysClockTo72) for SetSysClockTo72
    startup_stm32f10x_hd.o(STACK) refers (Special) to heapauxi.o(.text) for __use_two_region_memory
    startup_stm32f10x_hd.o(HEAP) refers (Special) to heapauxi.o(.text) for __use_two_region_memory
    startup_stm32f10x_hd.o(RESET) refers (Special) to heapauxi.o(.text) for __use_two_region_memory
    startup_stm32f10x_hd.o(RESET) refers to startup_stm32f10x_hd.o(STACK) for __initial_sp
    startup_stm32f10x_hd.o(RESET) refers to startup_stm32f10x_hd.o(.text) for Reset_Handler
    startup_stm32f10x_hd.o(RESET) refers to context_rvds.o(.text) for HardFault_Handler
    startup_stm32f10x_hd.o(RESET) refers to board.o(i.SysTick_Handler) for SysTick_Handler
    startup_stm32f10x_hd.o(RESET) refers to ov7725_entrance.o(i.EXTI9_5_IRQHandler) for EXTI9_5_IRQHandler
    startup_stm32f10x_hd.o(RESET) refers to esp8266.o(i.USART3_IRQHandler) for USART3_IRQHandler
    startup_stm32f10x_hd.o(RESET) refers to ov7725_exit.o(i.EXTI15_10_IRQHandler) for EXTI15_10_IRQHandler
    startup_stm32f10x_hd.o(.text) refers (Special) to heapauxi.o(.text) for __use_two_region_memory
    startup_stm32f10x_hd.o(.text) refers to system_stm32f10x.o(i.SystemInit) for SystemInit
    startup_stm32f10x_hd.o(.text) refers to __main.o(!!!main) for __main
    startup_stm32f10x_hd.o(.text) refers to startup_stm32f10x_hd.o(HEAP) for Heap_Mem
    startup_stm32f10x_hd.o(.text) refers to startup_stm32f10x_hd.o(STACK) for Stack_Mem
    stm32f10x_adc.o(i.ADC_DeInit) refers to stm32f10x_rcc.o(i.RCC_APB2PeriphResetCmd) for RCC_APB2PeriphResetCmd
    stm32f10x_bkp.o(i.BKP_DeInit) refers to stm32f10x_rcc.o(i.RCC_BackupResetCmd) for RCC_BackupResetCmd
    stm32f10x_can.o(i.CAN_DeInit) refers to stm32f10x_rcc.o(i.RCC_APB1PeriphResetCmd) for RCC_APB1PeriphResetCmd
    stm32f10x_can.o(i.CAN_GetITStatus) refers to stm32f10x_can.o(i.CheckITStatus) for CheckITStatus
    stm32f10x_cec.o(i.CEC_DeInit) refers to stm32f10x_rcc.o(i.RCC_APB1PeriphResetCmd) for RCC_APB1PeriphResetCmd
    stm32f10x_dac.o(i.DAC_DeInit) refers to stm32f10x_rcc.o(i.RCC_APB1PeriphResetCmd) for RCC_APB1PeriphResetCmd
    stm32f10x_flash.o(i.FLASH_EnableWriteProtection) refers to stm32f10x_flash.o(i.FLASH_WaitForLastOperation) for FLASH_WaitForLastOperation
    stm32f10x_flash.o(i.FLASH_EraseAllBank1Pages) refers to stm32f10x_flash.o(i.FLASH_WaitForLastBank1Operation) for FLASH_WaitForLastBank1Operation
    stm32f10x_flash.o(i.FLASH_EraseAllPages) refers to stm32f10x_flash.o(i.FLASH_WaitForLastOperation) for FLASH_WaitForLastOperation
    stm32f10x_flash.o(i.FLASH_EraseOptionBytes) refers to stm32f10x_flash.o(i.FLASH_GetReadOutProtectionStatus) for FLASH_GetReadOutProtectionStatus
    stm32f10x_flash.o(i.FLASH_EraseOptionBytes) refers to stm32f10x_flash.o(i.FLASH_WaitForLastOperation) for FLASH_WaitForLastOperation
    stm32f10x_flash.o(i.FLASH_ErasePage) refers to stm32f10x_flash.o(i.FLASH_WaitForLastOperation) for FLASH_WaitForLastOperation
    stm32f10x_flash.o(i.FLASH_ProgramHalfWord) refers to stm32f10x_flash.o(i.FLASH_WaitForLastOperation) for FLASH_WaitForLastOperation
    stm32f10x_flash.o(i.FLASH_ProgramOptionByteData) refers to stm32f10x_flash.o(i.FLASH_WaitForLastOperation) for FLASH_WaitForLastOperation
    stm32f10x_flash.o(i.FLASH_ProgramWord) refers to stm32f10x_flash.o(i.FLASH_WaitForLastOperation) for FLASH_WaitForLastOperation
    stm32f10x_flash.o(i.FLASH_ReadOutProtection) refers to stm32f10x_flash.o(i.FLASH_WaitForLastOperation) for FLASH_WaitForLastOperation
    stm32f10x_flash.o(i.FLASH_UserOptionByteConfig) refers to stm32f10x_flash.o(i.FLASH_WaitForLastOperation) for FLASH_WaitForLastOperation
    stm32f10x_flash.o(i.FLASH_WaitForLastBank1Operation) refers to stm32f10x_flash.o(i.FLASH_GetBank1Status) for FLASH_GetBank1Status
    stm32f10x_flash.o(i.FLASH_WaitForLastOperation) refers to stm32f10x_flash.o(i.FLASH_GetBank1Status) for FLASH_GetBank1Status
    stm32f10x_gpio.o(i.GPIO_AFIODeInit) refers to stm32f10x_rcc.o(i.RCC_APB2PeriphResetCmd) for RCC_APB2PeriphResetCmd
    stm32f10x_gpio.o(i.GPIO_DeInit) refers to stm32f10x_rcc.o(i.RCC_APB2PeriphResetCmd) for RCC_APB2PeriphResetCmd
    stm32f10x_i2c.o(i.I2C_DeInit) refers to stm32f10x_rcc.o(i.RCC_APB1PeriphResetCmd) for RCC_APB1PeriphResetCmd
    stm32f10x_i2c.o(i.I2C_Init) refers to stm32f10x_rcc.o(i.RCC_GetClocksFreq) for RCC_GetClocksFreq
    stm32f10x_pwr.o(i.PWR_DeInit) refers to stm32f10x_rcc.o(i.RCC_APB1PeriphResetCmd) for RCC_APB1PeriphResetCmd
    stm32f10x_rcc.o(i.RCC_GetClocksFreq) refers to stm32f10x_rcc.o(.data) for .data
    stm32f10x_rcc.o(i.RCC_WaitForHSEStartUp) refers to stm32f10x_rcc.o(i.RCC_GetFlagStatus) for RCC_GetFlagStatus
[...]
    DrawSolidRectangle                       0x08001979   Thumb Code    70  lcd_basic_application.o(i.DrawSolidRectangle)
    ESP8266_AT_Test                          0x080019c9   Thumb Code    56  esp8266.o(i.ESP8266_AT_Test)
    ESP8266_Cmd                              0x08001a0d   Thumb Code   236  esp8266.o(i.ESP8266_Cmd)
    ESP8266_Enable_MultipleId                0x08001b19   Thumb Code    38  esp8266.o(i.ESP8266_Enable_MultipleId)
    ESP8266_Init                             0x08001b55   Thumb Code    86  esp8266.o(i.ESP8266_Init)
    ESP8266_JoinAP                           0x08001bb1   Thumb Code    34  esp8266.o(i.ESP8266_JoinAP)
    ESP8266_Link_Server                      0x08001bed   Thumb Code    96  esp8266.o(i.ESP8266_Link_Server)
    ESP8266_Net_Mode_Choose                  0x08001c9d   Thumb Code    44  esp8266.o(i.ESP8266_Net_Mode_Choose)
    ESP8266_Rst                              0x08001cfd   Thumb Code    36  esp8266.o(i.ESP8266_Rst)
    ESP8266_UnvarnishSend                    0x08001de1   Thumb Code    40  esp8266.o(i.ESP8266_UnvarnishSend)
    EXTI15_10_IRQHandler                     0x08001e2d   Thumb Code    78  ov7725_exit.o(i.EXTI15_10_IRQHandler)
    EXTI9_5_IRQHandler                       0x08001e8d   Thumb Code    86  ov7725_entrance.o(i.EXTI9_5_IRQHandler)
    EXTI_ClearITPendingBit                   0x08001ef5   Thumb Code     6  stm32f10x_exti.o(i.EXTI_ClearITPendingBit)
    EXTI_GenerateSWInterrupt                 0x08001f01   Thumb Code    10  stm32f10x_exti.o(i.EXTI_GenerateSWInterrupt)
    EXTI_GetITStatus                         0x08001f11   Thumb Code    28  stm32f10x_exti.o(i.EXTI_GetITStatus)
    EXTI_Init                                0x08001f31   Thumb Code   108  stm32f10x_exti.o(i.EXTI_Init)
    Entrance_LP_communication                0x08001fa1   Thumb Code    82  license_plate_recognition.o(i.Entrance_LP_communication)
    Exit_LP_communication                    0x08002061   Thumb Code   214  license_plate_recognition.o(i.Exit_LP_communication)
    FSMC_NORSRAMCmd                          0x08002175   Thumb Code    26  stm32f10x_fsmc.o(i.FSMC_NORSRAMCmd)
    FSMC_NORSRAMInit                         0x08002195   Thumb Code   200  stm32f10x_fsmc.o(i.FSMC_NORSRAMInit)
    GENERAL_TIM_Init                         0x0800225d   Thumb Code    42  pwm.o(i.GENERAL_TIM_Init)
    GPIO_EXTILineConfig                      0x08002311   Thumb Code    34  stm32f10x_gpio.o(i.GPIO_EXTILineConfig)
    GPIO_Init                                0x08002339   Thumb Code   156  stm32f10x_gpio.o(i.GPIO_Init)
    GPIO_ReadInputDataBit                    0x080023d5   Thumb Code    14  stm32f10x_gpio.o(i.GPIO_ReadInputDataBit)
    GPIO_ResetBits                           0x080023e3   Thumb Code     4  stm32f10x_gpio.o(i.GPIO_ResetBits)
    GPIO_SetBits                             0x080023e7   Thumb Code     4  stm32f10x_gpio.o(i.GPIO_SetBits)
    IWDG_Config                              0x080023eb   Thumb Code    38  iwdg.o(i.IWDG_Config)
    IWDG_Enable                              0x08002411   Thumb Code    10  stm32f10x_iwdg.o(i.IWDG_Enable)
    IWDG_Feed                                0x08002421   Thumb Code     4  iwdg.o(i.IWDG_Feed)
    IWDG_ReloadCounter                       0x08002425   Thumb Code    10  stm32f10x_iwdg.o(i.IWDG_ReloadCounter)
    IWDG_SetPrescaler                        0x08002435   Thumb Code     6  stm32f10x_iwdg.o(i.IWDG_SetPrescaler)
    IWDG_SetReload                           0x08002441   Thumb Code     6  stm32f10x_iwdg.o(i.IWDG_SetReload)
    IWDG_WriteAccessCmd                      0x0800244d   Thumb Code     6  stm32f10x_iwdg.o(i.IWDG_WriteAccessCmd)
    Infrared_Init                            0x0800247d   Thumb Code    54  infrared_barrier.o(i.Infrared_Init)
    Interface_init                           0x080024c1   Thumb Code   236  lcd_interface_design.o(i.Interface_init)
    LCD_Clear                                0x080026d5   Thumb Code    60  lcd.o(i.LCD_Clear)
    LCD_GPIOInit                             0x08002719   Thumb Code   240  lcd.o(i.LCD_GPIOInit)
    LCD_Init                                 0x0800281d   Thumb Code    56  lcd.o(i.LCD_Init)
    LCD_RESET                                0x08002861   Thumb Code    26  lcd.o(i.LCD_RESET)
    LCD_SetCursor                            0x08002881   Thumb Code    12  lcd.o(i.LCD_SetCursor)
    LCD_SetParam                             0x0800288d   Thumb Code    38  lcd.o(i.LCD_SetParam)
    LCD_SetWindows                           0x080028b9   Thumb Code    18  lcd.o(i.LCD_SetWindows)
    LCD_WR_DATA                              0x080028d5   Thumb Code     6  lcd.o(i.LCD_WR_DATA)
    LCD_WriteRAM_Prepare                     0x080028e1   Thumb Code    10  lcd.o(i.LCD_WriteRAM_Prepare)
    LCD_WriteReg                             0x080028f5   Thumb Code    10  lcd.o(i.LCD_WriteReg)
    LP_display                               0x08002905   Thumb Code   120  lcd_interface_design.o(i.LP_display)
    NVIC_Init                                0x0800298d   Thumb Code    94  misc.o(i.NVIC_Init)
    NVIC_PriorityGroupConfig                 0x080029f1   Thumb Code    10  misc.o(i.NVIC_PriorityGroupConfig)
    Number_recognition_LP                    0x08002a05   Thumb Code   172  license_plate_recognition.o(i.Number_recognition_LP)
    OV7725_SCCB_GPIO_Config                  0x08002b69   Thumb Code    64  ov7725sccb_entrance.o(i.OV7725_SCCB_GPIO_Config)
    OV7725_SCCB_ReadByte                     0x08002bad   Thumb Code   246  ov7725sccb_entrance.o(i.OV7725_SCCB_ReadByte)
    OV7725_SCCB_WriteByte                    0x08002ded   Thumb Code    62  ov7725sccb_entrance.o(i.OV7725_SCCB_WriteByte)
    OV7725_entr_Brightness                   0x08002eb1   Thumb Code    78  ov7725_entrance.o(i.OV7725_entr_Brightness)
    OV7725_entr_Color_Saturation             0x08002eff   Thumb Code    34  ov7725_entrance.o(i.OV7725_entr_Color_Saturation)
    OV7725_entr_Contrast                     0x08002f21   Thumb Code    22  ov7725_entrance.o(i.OV7725_entr_Contrast)
    OV7725_entr_GPIO_Config                  0x08002f37   Thumb Code    18  ov7725_entrance.o(i.OV7725_entr_GPIO_Config)
    OV7725_entr_Init                         0x08002f49   Thumb Code    84  ov7725_entrance.o(i.OV7725_entr_Init)
    OV7725_entr_Light_Mode                   0x08002fa1   Thumb Code   152  ov7725_entrance.o(i.OV7725_entr_Light_Mode)
    OV7725_entr_Special_Effect               0x08003039   Thumb Code   138  ov7725_entrance.o(i.OV7725_entr_Special_Effect)
    OV7725_entr_Window_Set                   0x080030c3   Thumb Code   202  ov7725_entrance.o(i.OV7725_entr_Window_Set)
    OV7725_exit_Brightness                   0x0800318d   Thumb Code    78  ov7725_exit.o(i.OV7725_exit_Brightness)
    OV7725_exit_Color_Saturation             0x080031db   Thumb Code    34  ov7725_exit.o(i.OV7725_exit_Color_Saturation)
    OV7725_exit_Contrast                     0x080031fd   Thumb Code    22  ov7725_exit.o(i.OV7725_exit_Contrast)
    OV7725_exit_GPIO_Config                  0x080032a9   Thumb Code    18  ov7725_exit.o(i.OV7725_exit_GPIO_Config)
    OV7725_exit_Init                         0x080032bd   Thumb Code    84  ov7725_exit.o(i.OV7725_exit_Init)
    OV7725_exit_Light_Mode                   0x08003315   Thumb Code   152  ov7725_exit.o(i.OV7725_exit_Light_Mode)
    OV7725_exit_SCCB_GPIO_Config             0x080033ad   Thumb Code    66  ov7725sccb_exit.o(i.OV7725_exit_SCCB_GPIO_Config)
    OV7725_exit_SCCB_ReadByte                0x080033f5   Thumb Code   246  ov7725sccb_exit.o(i.OV7725_exit_SCCB_ReadByte)
    OV7725_exit_SCCB_WriteByte               0x08003635   Thumb Code    62  ov7725sccb_exit.o(i.OV7725_exit_SCCB_WriteByte)
    OV7725_exit_Special_Effect               0x08003681   Thumb Code   138  ov7725_exit.o(i.OV7725_exit_Special_Effect)
    OV7725_exit_Window_Set                   0x08003785   Thumb Code   202  ov7725_exit.o(i.OV7725_exit_Window_Set)
    Parking_information                      0x0800388d   Thumb Code   532  lcd_interface_design.o(i.Parking_information)
    Parking_management                       0x08003ac5   Thumb Code   678  parking_detection_processing.o(i.Parking_management)
    Parking_recommendation                   0x08003d91   Thumb Code   142  parking_detection_processing.o(i.Parking_recommendation)
    RCC_AHBPeriphClockCmd                    0x08003e35   Thumb Code    18  stm32f10x_rcc.o(i.RCC_AHBPeriphClockCmd)
    RCC_APB1PeriphClockCmd                   0x08003e4d   Thumb Code    18  stm32f10x_rcc.o(i.RCC_APB1PeriphClockCmd)
    RCC_APB2PeriphClockCmd                   0x08003e65   Thumb Code    18  stm32f10x_rcc.o(i.RCC_APB2PeriphClockCmd)
    RCC_GetClocksFreq                        0x08003e7d   Thumb Code   132  stm32f10x_rcc.o(i.RCC_GetClocksFreq)
    Scaling_Normalization                    0x08003f11   Thumb Code   196  license_plate_recognition.o(i.Scaling_Normalization)
    ShowCP                                   0x08004089   Thumb Code   296  lcd_basic_application.o(i.ShowCP)
    ShowChar                                 0x080041c1   Thumb Code   386  lcd_basic_application.o(i.ShowChar)
    ShowString                               0x08004359   Thumb Code    82  lcd_basic_application.o(i.ShowString)
    ShowYW24                                 0x080043b1   Thumb Code   168  lcd_basic_application.o(i.ShowYW24)
    Show_Str                                 0x08004465   Thumb Code   238  lcd_basic_application.o(i.Show_Str)
    Smoke_Init                               0x0800455d   Thumb Code    32  smoke_sensor.o(i.Smoke_Init)
    SysInit                                  0x08004581   Thumb Code    52  system.o(i.SysInit)
    SysTickInit                              0x080045b5   Thumb Code    48  systick.o(i.SysTickInit)
    SysTick_Handler                          0x080045ed   Thumb Code    18  board.o(i.SysTick_Handler)
    SystemInit                               0x08004601   Thumb Code    64  system_stm32f10x.o(i.SystemInit)
    TIM_Cmd                                  0x08004651   Thumb Code    20  stm32f10x_tim.o(i.TIM_Cmd)
    TIM_OC3Init                              0x08004665   Thumb Code   116  stm32f10x_tim.o(i.TIM_OC3Init)
    TIM_OC3PreloadConfig                     0x080046e1   Thumb Code    12  stm32f10x_tim.o(i.TIM_OC3PreloadConfig)
    TIM_OC4Init                              0x080046ed   Thumb Code    90  stm32f10x_tim.o(i.TIM_OC4Init)
    TIM_OC4PreloadConfig                     0x08004751   Thumb Code    20  stm32f10x_tim.o(i.TIM_OC4PreloadConfig)
    TIM_SetCompare3                          0x08004765   Thumb Code     4  stm32f10x_tim.o(i.TIM_SetCompare3)
    TIM_SetCompare4                          0x08004769   Thumb Code     6  stm32f10x_tim.o(i.TIM_SetCompare4)
    TIM_TimeBaseInit                         0x08004771   Thumb Code   114  stm32f10x_tim.o(i.TIM_TimeBaseInit)
    TaskInit                                 0x0800480d   Thumb Code   134  task.o(i.TaskInit)
    USART3_IRQHandler                        0x080048f9   Thumb Code   106  esp8266.o(i.USART3_IRQHandler)
    USART_ClearFlag                          0x0800496d   Thumb Code     6  stm32f10x_usart.o(i.USART_ClearFlag)
    USART_Cmd                                0x08004973   Thumb Code    20  stm32f10x_usart.o(i.USART_Cmd)
    USART_GetFlagStatus                      0x08004987   Thumb Code    14  stm32f10x_usart.o(i.USART_GetFlagStatus)
    USART_GetITStatus                        0x08004995   Thumb Code    62  stm32f10x_usart.o(i.USART_GetITStatus)
    USART_ITConfig                           0x080049d3   Thumb Code    48  stm32f10x_usart.o(i.USART_ITConfig)
    USART_Init                               0x08004a05   Thumb Code   166  stm32f10x_usart.o(i.USART_Init)
    USART_ReceiveData                        0x08004ab1   Thumb Code     8  stm32f10x_usart.o(i.USART_ReceiveData)
    USART_SendData                           0x08004ab9   Thumb Code     8  stm32f10x_usart.o(i.USART_SendData)
    USART_printf                             0x08004ac1   Thumb Code   252  usart.o(i.USART_printf)
    UsartInit                                0x08004c19   Thumb Code   130  usart.o(i.UsartInit)
    __rt_ffs                                 0x08004e5d   Thumb Code    62  kservice.o(i.__rt_ffs)
    alert                                    0x08005011   Thumb Code   250  lcd_interface_design.o(i.alert)
    button_process_init                      0x08005209   Thumb Code    54  parking_detection_processing.o(i.button_process_init)
    button_thread_entry                      0x08005271   Thumb Code   250  parking_detection_processing.o(i.button_thread_entry)
    cmd_free                                 0x080053f1   Thumb Code    10  msh.o(i.cmd_free)
    cmd_ps                                   0x080053fb   Thumb Code    10  msh.o(i.cmd_ps)
    finsh_get_prompt                         0x0800554d   Thumb Code    66  shell.o(i.finsh_get_prompt)
    finsh_set_prompt_mode                    0x080055ad   Thumb Code    16  shell.o(i.finsh_set_prompt_mode)
    finsh_system_function_init               0x080055c1   Thumb Code     8  shell.o(i.finsh_system_function_init)
    finsh_system_init                        0x080055cd   Thumb Code    90  shell.o(i.finsh_system_init)
    finsh_thread_entry                       0x08005661   Thumb Code   610  shell.o(i.finsh_thread_entry)
    hello                                    0x08005965   Thumb Code    12  cmd.o(i.hello)
    list                                     0x08005985   Thumb Code    48  cmd.o(i.list)
    list_event                               0x080059d9   Thumb Code   182  cmd.o(i.list_event)
    list_mailbox                             0x08005b99   Thumb Code   198  cmd.o(i.list_mailbox)
    list_mem                                 0x08005cd9   Thumb Code    32  mem.o(i.list_mem)
    list_msgqueue                            0x08005d45   Thumb Code   190  cmd.o(i.list_msgqueue)
    list_sem                                 0x08005e71   Thumb Code   190  cmd.o(i.list_sem)
    list_thread                              0x08005f91   Thumb Code   250  cmd.o(i.list_thread)
    list_timer                               0x08006149   Thumb Code   160  cmd.o(i.list_timer)
    $Super$$main                             0x08006289   Thumb Code    10  main.o(i.main)
    main_thread_entry                        0x08006293   Thumb Code    14  components.o(i.main_thread_entry)
    msh_auto_complete                        0x08006379   Thumb Code   152  msh.o(i.msh_auto_complete)
    msh_exec                                 0x08006425   Thumb Code    74  msh.o(i.msh_exec)
    msh_help                                 0x08006489   Thumb Code    56  msh.o(i.msh_help)
    msh_is_used                              0x080064f5   Thumb Code     4  msh.o(i.msh_is_used)
    rt_application_init                      0x08006761   Thumb Code    30  components.o(i.rt_application_init)
    rt_calloc                                0x0800678d   Thumb Code    26  mem.o(i.rt_calloc)
    rt_components_board_init                 0x080067a9   Thumb Code    20  components.o(i.rt_components_board_init)
    rt_components_init                       0x080067c5   Thumb Code    20  components.o(i.rt_components_init)
    rt_enter_critical                        0x080067e1   Thumb Code    22  scheduler.o(i.rt_enter_critical)
    rt_event_create                          0x080067fd   Thumb Code    32  ipc.o(i.rt_event_create)
    rt_event_recv                            0x0800681d   Thumb Code   190  ipc.o(i.rt_event_recv)
    rt_event_send                            0x080068db   Thumb Code   140  ipc.o(i.rt_event_send)
    rt_exit_critical                         0x08006969   Thumb Code    52  scheduler.o(i.rt_exit_critical)
    rt_free                                  0x080069a1   Thumb Code   112  mem.o(i.rt_free)
    rt_heap_begin_get                        0x08006a65   Thumb Code     4  board.o(i.rt_heap_begin_get)
    rt_heap_end_get                          0x08006a6d   Thumb Code     4  board.o(i.rt_heap_end_get)
    rt_hw_board_init                         0x08006a75   Thumb Code    30  board.o(i.rt_hw_board_init)
    rt_hw_console_getchar                    0x08006a95   Thumb Code    64  usart.o(i.rt_hw_console_getchar)
    rt_hw_console_output                     0x08006ad9   Thumb Code    72  usart.o(i.rt_hw_console_output)
    rt_hw_hard_fault_exception               0x08006b25   Thumb Code   186  cpuport.o(i.rt_hw_hard_fault_exception)
    rt_hw_stack_init                         0x08006d21   Thumb Code    54  cpuport.o(i.rt_hw_stack_init)
    rt_interrupt_enter                       0x08006d5d   Thumb Code    22  irq.o(i.rt_interrupt_enter)
    rt_interrupt_leave                       0x08006d79   Thumb Code    22  irq.o(i.rt_interrupt_leave)
    rt_kprintf                               0x08006e21   Thumb Code    28  kservice.o(i.rt_kprintf)
    rt_malloc                                0x08006ed9   Thumb Code   232  mem.o(i.rt_malloc)
    rt_memcpy                                0x08006fc9   Thumb Code    74  kservice.o(i.rt_memcpy)
    rt_memmove                               0x08007013   Thumb Code    46  kservice.o(i.rt_memmove)
    rt_memset                                0x08007041   Thumb Code    68  kservice.o(i.rt_memset)
    rt_mq_create                             0x08007085   Thumb Code   112  ipc.o(i.rt_mq_create)
    rt_mq_delete                             0x080070f5   Thumb Code    26  ipc.o(i.rt_mq_delete)
    rt_mq_recv                               0x0800710f   Thumb Code   228  ipc.o(i.rt_mq_recv)
    rt_mq_send                               0x080071f3   Thumb Code   132  ipc.o(i.rt_mq_send)
    rt_mq_urgent                             0x08007277   Thumb Code   126  ipc.o(i.rt_mq_urgent)
    rt_object_allocate                       0x080072f5   Thumb Code    76  object.o(i.rt_object_allocate)
    rt_object_delete                         0x08007341   Thumb Code    38  object.o(i.rt_object_delete)
    rt_object_detach                         0x08007367   Thumb Code    32  object.o(i.rt_object_detach)
    rt_object_get_information                0x08007389   Thumb Code    30  object.o(i.rt_object_get_information)
    rt_object_init                           0x080073ad   Thumb Code    80  object.o(i.rt_object_init)
    rt_object_is_systemobject                0x080073fd   Thumb Code    14  object.o(i.rt_object_is_systemobject)
    rt_schedule                              0x0800740d   Thumb Code    76  scheduler.o(i.rt_schedule)
    rt_schedule_insert_thread                0x08007465   Thumb Code    70  scheduler.o(i.rt_schedule_insert_thread)
    rt_schedule_remove_thread                0x080074b5   Thumb Code    66  scheduler.o(i.rt_schedule_remove_thread)
    rt_sem_create                            0x08007501   Thumb Code    32  ipc.o(i.rt_sem_create)
    rt_sem_init                              0x08007521   Thumb Code    36  ipc.o(i.rt_sem_init)
    rt_sem_release                           0x08007545   Thumb Code    60  ipc.o(i.rt_sem_release)
    rt_sem_take                              0x08007581   Thumb Code   110  ipc.o(i.rt_sem_take)
    rt_show_version                          0x080075f1   Thumb Code    40  kservice.o(i.rt_show_version)
    rt_strlen                                0x080076a1   Thumb Code    16  kservice.o(i.rt_strlen)
    rt_strncpy                               0x080076b1   Thumb Code    38  kservice.o(i.rt_strncpy)
    rt_system_heap_init                      0x080076d9   Thumb Code    98  mem.o(i.rt_system_heap_init)
    rt_system_scheduler_init                 0x08007789   Thumb Code    44  scheduler.o(i.rt_system_scheduler_init)
    rt_system_scheduler_start                0x080077bd   Thumb Code    32  scheduler.o(i.rt_system_scheduler_start)
    rt_system_timer_init                     0x080077e5   Thumb Code    18  timer.o(i.rt_system_timer_init)
    rt_system_timer_thread_init              0x080077fd   Thumb Code     2  timer.o(i.rt_system_timer_thread_init)
    rt_thread_create                         0x080077ff   Thumb Code    72  thread.o(i.rt_thread_create)
    rt_thread_exit                           0x08007849   Thumb Code    80  thread.o(i.rt_thread_exit)
    rt_thread_idle_excute                    0x080078bd   Thumb Code   116  idle.o(i.rt_thread_idle_excute)
    rt_thread_idle_init                      0x08007935   Thumb Code    40  idle.o(i.rt_thread_idle_init)
    rt_thread_init                           0x0800796d   Thumb Code    48  thread.o(i.rt_thread_init)
    rt_thread_mdelay                         0x0800799d   Thumb Code    14  thread.o(i.rt_thread_mdelay)
    rt_thread_resume                         0x080079ab   Thumb Code    60  thread.o(i.rt_thread_resume)
    rt_thread_self                           0x080079e9   Thumb Code     6  thread.o(i.rt_thread_self)
    rt_thread_sleep                          0x080079f5   Thumb Code    60  thread.o(i.rt_thread_sleep)
    rt_thread_startup                        0x08007a35   Thumb Code    40  thread.o(i.rt_thread_startup)
    rt_thread_suspend                        0x08007a61   Thumb Code    66  thread.o(i.rt_thread_suspend)
    rt_thread_timeout                        0x08007aa3   Thumb Code    32  thread.o(i.rt_thread_timeout)
    rt_thread_yield                          0x08007ac5   Thumb Code    86  thread.o(i.rt_thread_yield)
    rt_tick_from_millisecond                 0x08007b25   Thumb Code    50  clock.o(i.rt_tick_from_millisecond)
    rt_tick_get                              0x08007b59   Thumb Code     6  clock.o(i.rt_tick_get)
    rt_tick_increase                         0x08007b65   Thumb Code    38  clock.o(i.rt_tick_increase)
    rt_timer_check                           0x08007b91   Thumb Code   102  timer.o(i.rt_timer_check)
    rt_timer_control                         0x08007bfd   Thumb Code    48  timer.o(i.rt_timer_control)
    rt_timer_create                          0x08007c2d   Thumb Code    46  timer.o(i.rt_timer_create)
    rt_timer_detach                          0x08007c5b   Thumb Code    32  timer.o(i.rt_timer_detach)
    rt_timer_init                            0x08007c7b   Thumb Code    40  timer.o(i.rt_timer_init)
    rt_timer_start                           0x08007ca5   Thumb Code   154  timer.o(i.rt_timer_start)
    rt_timer_stop                            0x08007d45   Thumb Code    46  timer.o(i.rt_timer_stop)
    rt_vsnprintf                             0x08007d75   Thumb Code   604  kservice.o(i.rt_vsnprintf)
    rtthread_startup                         0x08007fe9   Thumb Code    42  components.o(i.rtthread_startup)
    version                                  0x0800813d   Thumb Code    10  cmd.o(i.version)
    __aeabi_dadd                             0x08008149   Thumb Code     0  daddsub_clz.o(x$fpl$dadd)
    _dadd                                    0x08008149   Thumb Code   332  daddsub_clz.o(x$fpl$dadd)
    __aeabi_d2uiz                            0x08008299   Thumb Code     0  dfixu.o(x$fpl$dfixu)
    _dfixu                                   0x08008299   Thumb Code    90  dfixu.o(x$fpl$dfixu)
    __aeabi_ui2d                             0x080082f3   Thumb Code     0  dflt_clz.o(x$fpl$dfltu)
    _dfltu                                   0x080082f3   Thumb Code    38  dflt_clz.o(x$fpl$dfltu)
    __aeabi_dmul                             0x08008319   Thumb Code     0  dmul.o(x$fpl$dmul)
    _dmul                                    0x08008319   Thumb Code   332  dmul.o(x$fpl$dmul)
    __fpl_dnaninf                            0x0800846d   Thumb Code   156  dnaninf.o(x$fpl$dnaninf)
    __fpl_dretinf                            0x08008509   Thumb Code    12  dretinf.o(x$fpl$dretinf)
    __aeabi_dsub                             0x08008515   Thumb Code     0  daddsub_clz.o(x$fpl$dsub)
    _dsub                                    0x08008515   Thumb Code   464  daddsub_clz.o(x$fpl$dsub)
    __I$use$fp                               0x080086e8   Number         0  usenofp.o(x$fpl$usenofp)
    __lowest_bit_bitmap                      0x080086e8   Data         256  kservice.o(.constdata)
    __fsym_list_mem_name                     0x0800880a   Data           9  mem.o(.constdata)
    __fsym_hello_name                        0x08008813   Data           6  cmd.o(.constdata)
    __fsym_version_name                      0x08008819   Data           8  cmd.o(.constdata)
    __fsym___cmd_version_name                0x08008821   Data          14  cmd.o(.constdata)
    __fsym_list_thread_name                  0x0800882f   Data          12  cmd.o(.constdata)
    __fsym___cmd_list_thread_name            0x0800883b   Data          18  cmd.o(.constdata)
    __fsym_list_sem_name                     0x0800884d   Data           9  cmd.o(.constdata)
    __fsym___cmd_list_sem_name               0x08008856   Data          15  cmd.o(.constdata)
    __fsym_list_event_name                   0x08008865   Data          11  cmd.o(.constdata)
    __fsym___cmd_list_event_name             0x08008870   Data          17  cmd.o(.constdata)
    __fsym_list_mailbox_name                 0x08008881   Data          13  cmd.o(.constdata)
    __fsym___cmd_list_mailbox_name           0x0800888e   Data          19  cmd.o(.constdata)
    __fsym_list_msgqueue_name                0x080088a1   Data          14  cmd.o(.constdata)
    __fsym___cmd_list_msgqueue_name          0x080088af   Data          20  cmd.o(.constdata)
    __fsym_list_timer_name                   0x080088c3   Data          11  cmd.o(.constdata)
    __fsym___cmd_list_timer_name             0x080088ce   Data          17  cmd.o(.constdata)
    __fsym_list_name                         0x080088df   Data           5  cmd.o(.constdata)
    __fsym___cmd_help_name                   0x080088e4   Data          11  msh.o(.constdata)
    __fsym___cmd_ps_name                     0x080088ef   Data           9  msh.o(.constdata)
    __fsym___cmd_free_name                   0x080088f8   Data          11  msh.o(.constdata)
    number24                                 0x08008903   Data         672  lcd_basic_application.o(.constdata)
    asc2_1608                                0x08008ba3   Data        1520  lcd_basic_application.o(.constdata)
    tfont16                                  0x08009193   Data         340  lcd_basic_application.o(.constdata)
    tfont24                                  0x080092e7   Data        2146  lcd_basic_application.o(.constdata)
    tfont32                                  0x08009b49   Data        1040  lcd_basic_application.o(.constdata)
    YW                                       0x08009f59   Data         600  lcd_basic_application.o(.constdata)
    ZF                                       0x0800a1b1   Data         450  license_plate_recognition.o(.constdata)
    ZM                                       0x0800a373   Data        3150  license_plate_recognition.o(.constdata)
    CPZM                                     0x0800afc1   Data          21  license_plate_recognition.o(.constdata)
    CPHZ                                     0x0800afd6   Data           9  license_plate_recognition.o(.constdata)
    __rt_init_rti_start                      0x0800b064   Data           4  components.o(.rti_fn.0)
    __rt_init_rti_board_start                0x0800b068   Data           4  components.o(.rti_fn.0.end)
    __rt_init_rti_board_end                  0x0800b06c   Data           4  components.o(.rti_fn.1.end)
    __rt_init_LCD_Init                       0x0800b070   Data           4  lcd.o(.rti_fn.6)
    __rt_init_finsh_system_init              0x0800b074   Data           4  shell.o(.rti_fn.6)
    __rt_init_button_process_init            0x0800b078   Data           4  parking_detection_processing.o(.rti_fn.6)
    __rt_init_rti_end                        0x0800b07c   Data           4  components.o(.rti_fn.6.end)
    FSymTab$$Base                            0x0800b080   Number         0  mem.o(FSymTab)
    __fsym_list_mem                          0x0800b080   Data           8  mem.o(FSymTab)
    __fsym_hello                             0x0800b088   Data           8  cmd.o(FSymTab)
    __fsym_version                           0x0800b090   Data           8  cmd.o(FSymTab)
    __fsym___cmd_version                     0x0800b098   Data           8  cmd.o(FSymTab)
    __fsym_list_thread                       0x0800b0a0   Data           8  cmd.o(FSymTab)
    __fsym___cmd_list_thread                 0x0800b0a8   Data           8  cmd.o(FSymTab)
    __fsym_list_sem                          0x0800b0b0   Data           8  cmd.o(FSymTab)
    __fsym___cmd_list_sem                    0x0800b0b8   Data           8  cmd.o(FSymTab)
    __fsym_list_event                        0x0800b0c0   Data           8  cmd.o(FSymTab)
    __fsym___cmd_list_event                  0x0800b0c8   Data           8  cmd.o(FSymTab)
    __fsym_list_mailbox                      0x0800b0d0   Data           8  cmd.o(FSymTab)
    __fsym___cmd_list_mailbox                0x0800b0d8   Data           8  cmd.o(FSymTab)
    __fsym_list_msgqueue                     0x0800b0e0   Data           8  cmd.o(FSymTab)
    __fsym___cmd_list_msgqueue               0x0800b0e8   Data           8  cmd.o(FSymTab)
    __fsym_list_timer                        0x0800b0f0   Data           8  cmd.o(FSymTab)
    __fsym___cmd_list_timer                  0x0800b0f8   Data           8  cmd.o(FSymTab)
    __fsym_list                              0x0800b100   Data           8  cmd.o(FSymTab)
    __fsym___cmd_help                        0x0800b108   Data           8  msh.o(FSymTab)
    __fsym___cmd_ps                          0x0800b110   Data           8  msh.o(FSymTab)
    __fsym___cmd_free                        0x0800b118   Data           8  msh.o(FSymTab)
    FSymTab$$Limit                           0x0800b120   Number         0  msh.o(FSymTab)
    Region$$Table$$Base                      0x0800b120   Number         0  anon$$obj.o(Region$$Table)
    Region$$Table$$Limit                     0x0800b140   Number         0  anon$$obj.o(Region$$Table)
    SystemCoreClock                          0x20000000   Data           4  system_stm32f10x.o(.data)
    AHBPrescTable                            0x20000004   Data          16  system_stm32f10x.o(.data)
    POINT_COLOR                              0x2000002a   Data           2  lcd.o(.data)
    BACK_COLOR                               0x2000002c   Data           2  lcd.o(.data)
    OV7725_REG_NUM                           0x2000002e   Data           1  ov7725_entrance.o(.data)
    OV7725_entr_vsync                        0x2000002f   Data           1  ov7725_entrance.o(.data)
    OV7725_Sensor_Config                     0x20000030   Data         154  ov7725_entrance.o(.data)
    OV7725_exit_REG_NUM                      0x200000ca   Data           1  ov7725_exit.o(.data)
    OV7725_exit_vsync                        0x200000cb   Data           1  ov7725_exit.o(.data)
    OV7725_exit_Sensor_Config                0x200000cc   Data         154  ov7725_exit.o(.data)
    rt_interrupt_nest                        0x2000016c   Data           1  irq.o(.data)
    rt_current_priority                      0x200001e8   Data           1  scheduler.o(.data)
    rt_current_thread                        0x200001ec   Data           4  scheduler.o(.data)
    rt_thread_ready_priority_group           0x200001f0   Data           4  scheduler.o(.data)
    rt_thread_defunct                        0x200001f4   Data           8  scheduler.o(.data)
    rt_interrupt_from_thread                 0x2000020c   Data           4  cpuport.o(.data)
    rt_interrupt_to_thread                   0x20000210   Data           4  cpuport.o(.data)
    rt_thread_switch_interrupt_flag          0x20000214   Data           4  cpuport.o(.data)
    _syscall_table_begin                     0x20000218   Data           4  shell.o(.data)
    _syscall_table_end                       0x2000021c   Data           4  shell.o(.data)
    _sysvar_table_begin                      0x20000220   Data           4  shell.o(.data)
    _sysvar_table_end                        0x20000224   Data           4  shell.o(.data)
    shell                                    0x2000022c   Data           4  shell.o(.data)
    number_LP                                0x20000230   Data           7  license_plate_recognition.o(.data)
    Update_P                                 0x20000246   Data           1  parking_detection_processing.o(.data)
    sign_ps                                  0x20000247   Data           1  parking_detection_processing.o(.data)
    Detained_vehicle                         0x20000258   Data           2  task.o(.data)
    TaskThread                               0x20000264   Data         144  task.o(.data)
    exit_recv_sem                            0x200002f4   Data           4  main.o(.data)
    entr_recv_sem                            0x200002f8   Data           4  main.o(.data)
    Inspection_event                         0x200002fc   Data           4  main.o(.data)
    In_ProcessSoftTimer                      0x20000300   Data           4  main.o(.data)
    strEsp8266_Fram_Record                   0x20000304   Data        1026  esp8266.o(.bss)
    lcddev                                   0x20000706   Data          14  lcd.o(.bss)
    rt_thread_priority_table                 0x2000095c   Data          64  scheduler.o(.bss)
    __libspace_start                         0x2000c5bc   Data          96  libspace.o(.bss)
    __temporary_stack_top$libspace           0x2000c61c   Data           0  libspace.o(.bss)



==============================================================================

Memory Map of the image

  Image Entry point : 0x08000131

  Load Region LR_IROM1 (Base: 0x08000000, Size: 0x0000b444, Max: 0x00080000, ABSOLUTE, COMPRESSED[0x0000b284])

    Execution Region ER_IROM1 (Exec base: 0x08000000, Load base: 0x08000000, Size: 0x0000b140, Max: 0x00080000, ABSOLUTE)

    Exec Addr    Load Addr    Size         Type   Attr      Idx    E Section Name        Object

    0x08000000   0x08000000   0x00000130   Data   RO          127    RESET               startup_stm32f10x_hd.o
    0x08000130   0x08000130   0x00000008   Code   RO         5619  * !!!main             c_w.l(__main.o)
    0x08000138   0x08000138   0x00000034   Code   RO         5814    !!!scatter          c_w.l(__scatter.o)
    0x0800016c   0x0800016c   0x0000005a   Code   RO         5812    !!dczerorl2         c_w.l(__dczerorl2.o)
    0x080001c6   0x080001c6   0x00000002   PAD
    0x080001c8   0x080001c8   0x0000001c   Code   RO         5816    !!handler_zi        c_w.l(__scatter_zi.o)
    0x080001e4   0x080001e4   0x00000000   Code   RO         5596    .ARM.Collect$$_printf_percent$$00000000  c_w.l(_printf_percent.o)
    0x080001e4   0x080001e4   0x00000006   Code   RO         5595    .ARM.Collect$$_printf_percent$$00000009  c_w.l(_printf_d.o)
    0x080001ea   0x080001ea   0x00000006   Code   RO         5593    .ARM.Collect$$_printf_percent$$00000013  c_w.l(_printf_c.o)
    0x080001f0   0x080001f0   0x00000006   Code   RO         5594    .ARM.Collect$$_printf_percent$$00000014  c_w.l(_printf_s.o)
    0x080001f6   0x080001f6   0x00000004   Code   RO         5648    .ARM.Collect$$_printf_percent$$00000017  c_w.l(_printf_percent_end.o)
    0x080001fa   0x080001fa   0x00000002   Code   RO         5680    .ARM.Collect$$libinit$$00000000  c_w.l(libinit.o)
    0x080001fc   0x080001fc   0x00000000   Code   RO         5687    .ARM.Collect$$libinit$$00000002  c_w.l(libinit2.o)
    0x080001fc   0x080001fc   0x00000000   Code   RO         5689    .ARM.Collect$$libinit$$00000004  c_w.l(libinit2.o)
    0x080001fc   0x080001fc   0x00000000   Code   RO         5692    .ARM.Collect$$libinit$$0000000A  c_w.l(libinit2.o)
    0x080001fc   0x080001fc   0x00000000   Code   RO         5694    .ARM.Collect$$libinit$$0000000C  c_w.l(libinit2.o)
    0x080001fc   0x080001fc   0x00000000   Code   RO         5696    .ARM.Collect$$libinit$$0000000E  c_w.l(libinit2.o)
    0x080001fc   0x080001fc   0x00000000   Code   RO         5699    .ARM.Collect$$libinit$$00000011  c_w.l(libinit2.o)
    0x080001fc   0x080001fc   0x00000000   Code   RO         5701    .ARM.Collect$$libinit$$00000013  c_w.l(libinit2.o)
    0x080001fc   0x080001fc   0x00000000   Code   RO         5703    .ARM.Collect$$libinit$$00000015  c_w.l(libinit2.o)
    0x080001fc   0x080001fc   0x00000000   Code   RO         5705    .ARM.Collect$$libinit$$00000017  c_w.l(libinit2.o)
    0x080001fc   0x080001fc   0x00000000   Code   RO         5707    .ARM.Collect$$libinit$$00000019  c_w.l(libinit2.o)
    0x080001fc   0x080001fc   0x00000000   Code   RO         5709    .ARM.Collect$$libinit$$0000001B  c_w.l(libinit2.o)
    0x080001fc   0x080001fc   0x00000000   Code   RO         5711    .ARM.Collect$$libinit$$0000001D  c_w.l(libinit2.o)
    0x080001fc   0x080001fc   0x00000000   Code   RO         5713    .ARM.Collect$$libinit$$0000001F  c_w.l(libinit2.o)
    0x080001fc   0x080001fc   0x00000000   Code   RO         5715    .ARM.Collect$$libinit$$00000021  c_w.l(libinit2.o)
    0x080001fc   0x080001fc   0x00000000   Code   RO         5717    .ARM.Collect$$libinit$$00000023  c_w.l(libinit2.o)
    0x080001fc   0x080001fc   0x00000000   Code   RO         5719    .ARM.Collect$$libinit$$00000025  c_w.l(libinit2.o)
    0x080001fc   0x080001fc   0x00000000   Code   RO         5723    .ARM.Collect$$libinit$$0000002C  c_w.l(libinit2.o)
    0x080001fc   0x080001fc   0x00000000   Code   RO         5725    .ARM.Collect$$libinit$$0000002E  c_w.l(libinit2.o)
    0x080001fc   0x080001fc   0x00000000   Code   RO         5727    .ARM.Collect$$libinit$$00000030  c_w.l(libinit2.o)
    0x080001fc   0x080001fc   0x00000000   Code   RO         5729    .ARM.Collect$$libinit$$00000032  c_w.l(libinit2.o)
    0x080001fc   0x080001fc   0x00000002   Code   RO         5730    .ARM.Collect$$libinit$$00000033  c_w.l(libinit2.o)
    0x080001fe   0x080001fe   0x00000002   Code   RO         5750    .ARM.Collect$$libshutdown$$00000000  c_w.l(libshutdown.o)
    0x08000200   0x08000200   0x00000000   Code   RO         5763    .ARM.Collect$$libshutdown$$00000002  c_w.l(libshutdown2.o)
    0x08000200   0x08000200   0x00000000   Code   RO         5765    .ARM.Collect$$libshutdown$$00000004  c_w.l(libshutdown2.o)
    0x08000200   0x08000200   0x00000000   Code   RO         5767    .ARM.Collect$$libshutdown$$00000006  c_w.l(libshutdown2.o)
    0x08000200   0x08000200   0x00000000   Code   RO         5770    .ARM.Collect$$libshutdown$$00000009  c_w.l(libshutdown2.o)
    0x08000200   0x08000200   0x00000000   Code   RO         5773    .ARM.Collect$$libshutdown$$0000000C  c_w.l(libshutdown2.o)
    0x08000200   0x08000200   0x00000000   Code   RO         5775    .ARM.Collect$$libshutdown$$0000000E  c_w.l(libshutdown2.o)
    0x08000200   0x08000200   0x00000000   Code   RO         5778    .ARM.Collect$$libshutdown$$00000011  c_w.l(libshutdown2.o)
    0x08000200   0x08000200   0x00000002   Code   RO         5779    .ARM.Collect$$libshutdown$$00000012  c_w.l(libshutdown2.o)
    0x08000202   0x08000202   0x00000000   Code   RO         5639    .ARM.Collect$$rtentry$$00000000  c_w.l(__rtentry.o)
    0x08000202   0x08000202   0x00000000   Code   RO         5655    .ARM.Collect$$rtentry$$00000002  c_w.l(__rtentry2.o)
    0x08000202   0x08000202   0x00000006   Code   RO         5667    .ARM.Collect$$rtentry$$00000004  c_w.l(__rtentry4.o)
    0x08000208   0x08000208   0x00000000   Code   RO         5657    .ARM.Collect$$rtentry$$00000009  c_w.l(__rtentry2.o)
    0x08000208   0x08000208   0x00000004   Code   RO         5658    .ARM.Collect$$rtentry$$0000000A  c_w.l(__rtentry2.o)
    0x0800020c   0x0800020c   0x00000000   Code   RO         5660    .ARM.Collect$$rtentry$$0000000C  c_w.l(__rtentry2.o)
    0x0800020c   0x0800020c   0x00000008   Code   RO         5661    .ARM.Collect$$rtentry$$0000000D  c_w.l(__rtentry2.o)
    0x08000214   0x08000214   0x00000002   Code   RO         5684    .ARM.Collect$$rtexit$$00000000  c_w.l(rtexit.o)
    0x08000216   0x08000216   0x00000000   Code   RO         5732    .ARM.Collect$$rtexit$$00000002  c_w.l(rtexit2.o)
    0x08000216   0x08000216   0x00000004   Code   RO         5733    .ARM.Collect$$rtexit$$00000003  c_w.l(rtexit2.o)
    0x0800021a   0x0800021a   0x00000006   Code   RO         5734    .ARM.Collect$$rtexit$$00000004  c_w.l(rtexit2.o)
    0x08000220   0x08000220   0x00000040   Code   RO          128    .text               startup_stm32f10x_hd.o
    0x08000260   0x08000260   0x000000f4   Code   RO         4870    .text               context_rvds.o
    0x08000354   0x08000354   0x00000028   Code   RO         5565    .text               c_w.l(noretval__2sprintf.o)
    0x0800037c   0x0800037c   0x00000068   Code   RO         5567    .text               c_w.l(__printf.o)
    0x080003e4   0x080003e4   0x00000052   Code   RO         5569    .text               c_w.l(_printf_str.o)
    0x08000436   0x08000436   0x00000002   PAD
    0x08000438   0x08000438   0x00000078   Code   RO         5571    .text               c_w.l(_printf_dec.o)
    0x080004b0   0x080004b0   0x00000024   Code   RO         5597    .text               c_w.l(strstr.o)
    0x080004d4   0x080004d4   0x00000048   Code   RO         5599    .text               c_w.l(strcpy.o)
    0x0800051c   0x0800051c   0x0000003e   Code   RO         5601    .text               c_w.l(strlen.o)
    0x0800055a   0x0800055a   0x00000096   Code   RO         5603    .text               c_w.l(strncmp.o)
    0x080005f0   0x080005f0   0x00000018   Code   RO         5605    .text               c_w.l(strcat.o)
    0x08000608   0x08000608   0x00000064   Code   RO         5607    .text               c_w.l(rt_memcpy_w.o)
    0x0800066c   0x0800066c   0x00000044   Code   RO         5609    .text               c_w.l(rt_memclr.o)
    0x080006b0   0x080006b0   0x0000004e   Code   RO         5611    .text               c_w.l(rt_memclr_w.o)
    0x080006fe   0x080006fe   0x00000056   Code   RO         5613    .text               c_w.l(strncpy.o)
    0x08000754   0x08000754   0x00000080   Code   RO         5615    .text               c_w.l(strcmpv7m.o)
    0x080007d4   0x080007d4   0x00000006   Code   RO         5617    .text               c_w.l(heapauxi.o)
    0x080007da   0x080007da   0x000000b2   Code   RO         5640    .text               c_w.l(_printf_intcommon.o)
    0x0800088c   0x0800088c   0x00000030   Code   RO         5642    .text               c_w.l(_printf_char_common.o)
    0x080008bc   0x080008bc   0x0000000a   Code   RO         5644    .text               c_w.l(_sputc.o)
    0x080008c6   0x080008c6   0x0000002c   Code   RO         5646    .text               c_w.l(_printf_char.o)
    0x080008f2   0x080008f2   0x0000004a   Code   RO         5671    .text               c_w.l(sys_stackheap_outer.o)
    0x0800093c   0x0800093c   0x00000012   Code   RO         5673    .text               c_w.l(exit.o)
    0x0800094e   0x0800094e   0x00000002   PAD
    0x08000950   0x08000950   0x00000008   Code   RO         5681    .text               c_w.l(libspace.o)
    0x08000958   0x08000958   0x0000000c   Code   RO         5742    .text               c_w.l(sys_exit.o)
    0x08000964   0x08000964   0x00000002   Code   RO         5753    .text               c_w.l(use_no_semi.o)
    0x08000966   0x08000966   0x00000000   Code   RO         5755    .text               c_w.l(indicate_semi.o)
    0x08000966   0x08000966   0x0000000a   Code   RO         3819    i.$Sub$$main        components.o
    0x08000970   0x08000970   0x000001bc   Code   RO         5260    i.Area_bin          license_plate_recognition.o
    0x08000b2c   0x08000b2c   0x000002dc   Code   RO         5261    i.Areap_LP          license_plate_recognition.o
    0x08000e08   0x08000e08   0x0000005c   Code   RO         5323    i.ButtonDetect      parking_detection_processing.o
    0x08000e64   0x08000e64   0x00000012   Code   RO         5324    i.ButtonInit        parking_detection_processing.o
    0x08000e76   0x08000e76   0x00000002   PAD
    0x08000e78   0x08000e78   0x00000040   Code   RO         5325    i.ButtonProj        parking_detection_processing.o
    0x08000eb8   0x08000eb8   0x000000cc   Code   RO         5326    i.ButtonVarInit     parking_detection_processing.o
    0x08000f84   0x08000f84   0x00000072   Code   RO         5537    i.Camera_settings   system.o
    0x08000ff6   0x08000ff6   0x00000002   PAD
    0x08000ff8   0x08000ff8   0x00000130   Code   RO         5262    i.Character_matching  license_plate_recognition.o
    0x08001128   0x08001128   0x00000348   Code   RO         5263    i.Character_segmentation  license_plate_recognition.o
    0x08001470   0x08001470   0x00000098   Code   RO         5128    i.DrawCircular_SymmetryPoint  lcd_basic_application.o
    0x08001508   0x08001508   0x000000dc   Code   RO         5129    i.DrawFont16        lcd_basic_application.o
    0x080015e4   0x080015e4   0x000000e0   Code   RO         5130    i.DrawFont24        lcd_basic_application.o
    0x080016c4   0x080016c4   0x000000dc   Code   RO         5131    i.DrawFont32        lcd_basic_application.o
    0x080017a0   0x080017a0   0x00000046   Code   RO         5132    i.DrawHollowCircular  lcd_basic_application.o
    0x080017e6   0x080017e6   0x00000044   Code   RO         5133    i.DrawHollowRectangle  lcd_basic_application.o
    0x0800182a   0x0800182a   0x000000ea   Code   RO         5134    i.DrawLine          lcd_basic_application.o
    0x08001914   0x08001914   0x00000014   Code   RO         5135    i.DrawPoint         lcd_basic_application.o
    0x08001928   0x08001928   0x00000050   Code   RO         5136    i.DrawSolidCircular  lcd_basic_application.o
    0x08001978   0x08001978   0x00000050   Code   RO         5137    i.DrawSolidRectangle  lcd_basic_application.o
    0x080019c8   0x080019c8   0x00000044   Code   RO         3300    i.ESP8266_AT_Test   esp8266.o
    0x08001a0c   0x08001a0c   0x0000010c   Code   RO         3302    i.ESP8266_Cmd       esp8266.o
    0x08001b18   0x08001b18   0x0000003c   Code   RO         3303    i.ESP8266_Enable_MultipleId  esp8266.o
    0x08001b54   0x08001b54   0x0000005c   Code   RO         3307    i.ESP8266_Init      esp8266.o
    0x08001bb0   0x08001bb0   0x0000003c   Code   RO         3309    i.ESP8266_JoinAP    esp8266.o
    0x08001bec   0x08001bec   0x000000b0   Code   RO         3310    i.ESP8266_Link_Server  esp8266.o
    0x08001c9c   0x08001c9c   0x00000060   Code   RO         3311    i.ESP8266_Net_Mode_Choose  esp8266.o
    0x08001cfc   0x08001cfc   0x00000028   Code   RO         3313    i.ESP8266_Rst       esp8266.o
    0x08001d24   0x08001d24   0x000000bc   Code   RO         3316    i.ESP8266_USART_Config  esp8266.o
    0x08001de0   0x08001de0   0x0000004c   Code   RO         3317    i.ESP8266_UnvarnishSend  esp8266.o
    0x08001e2c   0x08001e2c   0x00000060   Code   RO         3577    i.EXTI15_10_IRQHandler  ov7725_exit.o
    0x08001e8c   0x08001e8c   0x00000068   Code   RO         3504    i.EXTI9_5_IRQHandler  ov7725_entrance.o
    0x08001ef4   0x08001ef4   0x0000000c   Code   RO          934    i.EXTI_ClearITPendingBit  stm32f10x_exti.o
    0x08001f00   0x08001f00   0x00000010   Code   RO          936    i.EXTI_GenerateSWInterrupt  stm32f10x_exti.o
    0x08001f10   0x08001f10   0x00000020   Code   RO          938    i.EXTI_GetITStatus  stm32f10x_exti.o
    0x08001f30   0x08001f30   0x00000070   Code   RO          939    i.EXTI_Init         stm32f10x_exti.o
    0x08001fa0   0x08001fa0   0x00000078   Code   RO         5264    i.Entrance_LP_communication  license_plate_recognition.o
    0x08002018   0x08002018   0x00000048   Code   RO         5430    i.Event_thread_entry  task.o
    0x08002060   0x08002060   0x00000114   Code   RO         5265    i.Exit_LP_communication  license_plate_recognition.o
    0x08002174   0x08002174   0x00000020   Code   RO         1170    i.FSMC_NORSRAMCmd   stm32f10x_fsmc.o
    0x08002194   0x08002194   0x000000c8   Code   RO         1172    i.FSMC_NORSRAMInit  stm32f10x_fsmc.o
    0x0800225c   0x0800225c   0x00000030   Code   RO         3206    i.GENERAL_TIM_Init  pwm.o
    0x0800228c   0x0800228c   0x00000084   Code   RO         3207    i.GENERAL_TIM_Mode_Config  pwm.o
    0x08002310   0x08002310   0x00000028   Code   RO         1282    i.GPIO_EXTILineConfig  stm32f10x_gpio.o
    0x08002338   0x08002338   0x0000009c   Code   RO         1285    i.GPIO_Init         stm32f10x_gpio.o
    0x080023d4   0x080023d4   0x0000000e   Code   RO         1289    i.GPIO_ReadInputDataBit  stm32f10x_gpio.o
    0x080023e2   0x080023e2   0x00000004   Code   RO         1292    i.GPIO_ResetBits    stm32f10x_gpio.o
    0x080023e6   0x080023e6   0x00000004   Code   RO         1293    i.GPIO_SetBits      stm32f10x_gpio.o
    0x080023ea   0x080023ea   0x00000026   Code   RO         3085    i.IWDG_Config       iwdg.o
    0x08002410   0x08002410   0x00000010   Code   RO         1597    i.IWDG_Enable       stm32f10x_iwdg.o
    0x08002420   0x08002420   0x00000004   Code   RO         3086    i.IWDG_Feed         iwdg.o
    0x08002424   0x08002424   0x00000010   Code   RO         1599    i.IWDG_ReloadCounter  stm32f10x_iwdg.o
    0x08002434   0x08002434   0x0000000c   Code   RO         1600    i.IWDG_SetPrescaler  stm32f10x_iwdg.o
    0x08002440   0x08002440   0x0000000c   Code   RO         1601    i.IWDG_SetReload    stm32f10x_iwdg.o
    0x0800244c   0x0800244c   0x0000000c   Code   RO         1602    i.IWDG_WriteAccessCmd  stm32f10x_iwdg.o
    0x08002458   0x08002458   0x00000020   Code   RO         5431    i.IWDG_thread_entry  task.o
    0x08002478   0x08002478   0x00000004   Code   RO         5327    i.In_ProcessSoftTimer_callback  parking_detection_processing.o
    0x0800247c   0x0800247c   0x00000040   Code   RO         3757    i.Infrared_Init     infrared_barrier.o
    0x080024bc   0x080024bc   0x00000004   Code   RO         5432    i.Inspection_ProcessSoftTimer_callback  task.o
    0x080024c0   0x080024c0   0x00000154   Code   RO         5230    i.Interface_init    lcd_interface_design.o
    0x08002614   0x08002614   0x0000001c   Code   RO         5328    i.IsKey1Down        parking_detection_processing.o
    0x08002630   0x08002630   0x0000001c   Code   RO         5329    i.IsKey2Down        parking_detection_processing.o
    0x0800264c   0x0800264c   0x0000001c   Code   RO         5330    i.IsKey3Down        parking_detection_processing.o
    0x08002668   0x08002668   0x0000001c   Code   RO         5331    i.IsKey4Down        parking_detection_processing.o
    0x08002684   0x08002684   0x0000001c   Code   RO         5332    i.IsKey5Down        parking_detection_processing.o
    0x080026a0   0x080026a0   0x0000001c   Code   RO         5333    i.IsKey6Down        parking_detection_processing.o
    0x080026bc   0x080026bc   0x00000018   Code   RO         5334    i.IsKey7Down        parking_detection_processing.o
    0x080026d4   0x080026d4   0x00000044   Code   RO         3426    i.LCD_Clear         lcd.o
    0x08002718   0x08002718   0x00000104   Code   RO         3427    i.LCD_GPIOInit      lcd.o
    0x0800281c   0x0800281c   0x00000044   Code   RO         3428    i.LCD_Init          lcd.o
    0x08002860   0x08002860   0x00000020   Code   RO         3429    i.LCD_RESET         lcd.o
    0x08002880   0x08002880   0x0000000c   Code   RO         3430    i.LCD_SetCursor     lcd.o
    0x0800288c   0x0800288c   0x0000002c   Code   RO         3431    i.LCD_SetParam      lcd.o
    0x080028b8   0x080028b8   0x0000001c   Code   RO         3432    i.LCD_SetWindows    lcd.o
    0x080028d4   0x080028d4   0x0000000c   Code   RO         3433    i.LCD_WR_DATA       lcd.o
    0x080028e0   0x080028e0   0x00000014   Code   RO         3435    i.LCD_WriteRAM_Prepare  lcd.o
    0x080028f4   0x080028f4   0x00000010   Code   RO         3436    i.LCD_WriteReg      lcd.o
    0x08002904   0x08002904   0x00000088   Code   RO         5231    i.LP_display        lcd_interface_design.o
    0x0800298c   0x0800298c   0x00000064   Code   RO          132    i.NVIC_Init         misc.o
    0x080029f0   0x080029f0   0x00000014   Code   RO          133    i.NVIC_PriorityGroupConfig  misc.o
    0x08002a04   0x08002a04   0x000000cc   Code   RO         5266    i.Number_recognition_LP  license_plate_recognition.o
    0x08002ad0   0x08002ad0   0x00000098   Code   RO         3505    i.OV7725_FIFO_GPIO_Config  ov7725_entrance.o
    0x08002b68   0x08002b68   0x00000044   Code   RO         3656    i.OV7725_SCCB_GPIO_Config  ov7725sccb_entrance.o
    0x08002bac   0x08002bac   0x000000fc   Code   RO         3657    i.OV7725_SCCB_ReadByte  ov7725sccb_entrance.o
    0x08002ca8   0x08002ca8   0x00000054   Code   RO         3658    i.OV7725_SCCB_SendByte  ov7725sccb_entrance.o
    0x08002cfc   0x08002cfc   0x00000064   Code   RO         3659    i.OV7725_SCCB_Start  ov7725sccb_entrance.o
    0x08002d60   0x08002d60   0x0000003c   Code   RO         3660    i.OV7725_SCCB_Stop  ov7725sccb_entrance.o
    0x08002d9c   0x08002d9c   0x00000050   Code   RO         3661    i.OV7725_SCCB_WaitAck  ov7725sccb_entrance.o
    0x08002dec   0x08002dec   0x0000003e   Code   RO         3662    i.OV7725_SCCB_WriteByte  ov7725sccb_entrance.o
    0x08002e2a   0x08002e2a   0x0000000e   Code   RO         3663    i.OV7725_SCCB_delay  ov7725sccb_entrance.o
    0x08002e38   0x08002e38   0x00000078   Code   RO         3506    i.OV7725_VSYNC_GPIO_Config  ov7725_entrance.o
    0x08002eb0   0x08002eb0   0x0000004e   Code   RO         3507    i.OV7725_entr_Brightness  ov7725_entrance.o
    0x08002efe   0x08002efe   0x00000022   Code   RO         3508    i.OV7725_entr_Color_Saturation  ov7725_entrance.o
    0x08002f20   0x08002f20   0x00000016   Code   RO         3509    i.OV7725_entr_Contrast  ov7725_entrance.o
    0x08002f36   0x08002f36   0x00000012   Code   RO         3510    i.OV7725_entr_GPIO_Config  ov7725_entrance.o
    0x08002f48   0x08002f48   0x00000058   Code   RO         3511    i.OV7725_entr_Init  ov7725_entrance.o
    0x08002fa0   0x08002fa0   0x00000098   Code   RO         3512    i.OV7725_entr_Light_Mode  ov7725_entrance.o
    0x08003038   0x08003038   0x0000008a   Code   RO         3513    i.OV7725_entr_Special_Effect  ov7725_entrance.o
    0x080030c2   0x080030c2   0x000000ca   Code   RO         3514    i.OV7725_entr_Window_Set  ov7725_entrance.o
    0x0800318c   0x0800318c   0x0000004e   Code   RO         3578    i.OV7725_exit_Brightness  ov7725_exit.o
    0x080031da   0x080031da   0x00000022   Code   RO         3579    i.OV7725_exit_Color_Saturation  ov7725_exit.o
    0x080031fc   0x080031fc   0x00000016   Code   RO         3580    i.OV7725_exit_Contrast  ov7725_exit.o
    0x08003212   0x08003212   0x00000002   PAD
    0x08003214   0x08003214   0x00000094   Code   RO         3581    i.OV7725_exit_FIFO_GPIO_Config  ov7725_exit.o
    0x080032a8   0x080032a8   0x00000012   Code   RO         3582    i.OV7725_exit_GPIO_Config  ov7725_exit.o
    0x080032ba   0x080032ba   0x00000002   PAD
    0x080032bc   0x080032bc   0x00000058   Code   RO         3583    i.OV7725_exit_Init  ov7725_exit.o
    0x08003314   0x08003314   0x00000098   Code   RO         3584    i.OV7725_exit_Light_Mode  ov7725_exit.o
    0x080033ac   0x080033ac   0x00000048   Code   RO         3705    i.OV7725_exit_SCCB_GPIO_Config  ov7725sccb_exit.o
    0x080033f4   0x080033f4   0x000000fc   Code   RO         3706    i.OV7725_exit_SCCB_ReadByte  ov7725sccb_exit.o
    0x080034f0   0x080034f0   0x00000054   Code   RO         3707    i.OV7725_exit_SCCB_SendByte  ov7725sccb_exit.o
    0x08003544   0x08003544   0x00000064   Code   RO         3708    i.OV7725_exit_SCCB_Start  ov7725sccb_exit.o
    0x080035a8   0x080035a8   0x0000003c   Code   RO         3709    i.OV7725_exit_SCCB_Stop  ov7725sccb_exit.o
    0x080035e4   0x080035e4   0x00000050   Code   RO         3710    i.OV7725_exit_SCCB_WaitAck  ov7725sccb_exit.o
    0x08003634   0x08003634   0x0000003e   Code   RO         3711    i.OV7725_exit_SCCB_WriteByte  ov7725sccb_exit.o
    0x08003672   0x08003672   0x0000000e   Code   RO         3712    i.OV7725_exit_SCCB_delay  ov7725sccb_exit.o
    0x08003680   0x08003680   0x0000008a   Code   RO         3585    i.OV7725_exit_Special_Effect  ov7725_exit.o
    0x0800370a   0x0800370a   0x00000002   PAD
    0x0800370c   0x0800370c   0x00000078   Code   RO         3586    i.OV7725_exit_VSYNC_GPIO_Config  ov7725_exit.o
    0x08003784   0x08003784   0x000000ca   Code   RO         3587    i.OV7725_exit_Window_Set  ov7725_exit.o
    0x0800384e   0x0800384e   0x0000003c   Code   RO         5335    i.ParkingDetect     parking_detection_processing.o
    0x0800388a   0x0800388a   0x00000002   PAD
    0x0800388c   0x0800388c   0x00000238   Code   RO         5232    i.Parking_information  lcd_interface_design.o
    0x08003ac4   0x08003ac4   0x000002cc   Code   RO         5336    i.Parking_management  parking_detection_processing.o
    0x08003d90   0x08003d90   0x000000a4   Code   RO         5337    i.Parking_recommendation  parking_detection_processing.o
    0x08003e34   0x08003e34   0x00000018   Code   RO         1700    i.RCC_AHBPeriphClockCmd  stm32f10x_rcc.o
    0x08003e4c   0x08003e4c   0x00000018   Code   RO         1701    i.RCC_APB1PeriphClockCmd  stm32f10x_rcc.o
    0x08003e64   0x08003e64   0x00000018   Code   RO         1703    i.RCC_APB2PeriphClockCmd  stm32f10x_rcc.o
    0x08003e7c   0x08003e7c   0x00000094   Code   RO         1711    i.RCC_GetClocksFreq  stm32f10x_rcc.o
    0x08003f10   0x08003f10   0x000000d0   Code   RO         5267    i.Scaling_Normalization  license_plate_recognition.o
    0x08003fe0   0x08003fe0   0x000000a8   Code   RO           17    i.SetSysClockTo72   system_stm32f10x.o
    0x08004088   0x08004088   0x00000138   Code   RO         5138    i.ShowCP            lcd_basic_application.o
    0x080041c0   0x080041c0   0x00000198   Code   RO         5139    i.ShowChar          lcd_basic_application.o
    0x08004358   0x08004358   0x00000058   Code   RO         5140    i.ShowString        lcd_basic_application.o
    0x080043b0   0x080043b0   0x000000b4   Code   RO         5141    i.ShowYW24          lcd_basic_application.o
    0x08004464   0x08004464   0x000000f8   Code   RO         5142    i.Show_Str          lcd_basic_application.o
    0x0800455c   0x0800455c   0x00000024   Code   RO         3769    i.Smoke_Init        smoke_sensor.o
    0x08004580   0x08004580   0x00000034   Code   RO         5539    i.SysInit           system.o
    0x080045b4   0x080045b4   0x00000038   Code   RO         3223    i.SysTickInit       systick.o
    0x080045ec   0x080045ec   0x00000012   Code   RO         5505    i.SysTick_Handler   board.o
    0x080045fe   0x080045fe   0x00000002   PAD
    0x08004600   0x08004600   0x00000050   Code   RO           19    i.SystemInit        system_stm32f10x.o
    0x08004650   0x08004650   0x00000014   Code   RO         2332    i.TIM_Cmd           stm32f10x_tim.o
    0x08004664   0x08004664   0x0000007c   Code   RO         2371    i.TIM_OC3Init       stm32f10x_tim.o
    0x080046e0   0x080046e0   0x0000000c   Code   RO         2374    i.TIM_OC3PreloadConfig  stm32f10x_tim.o
    0x080046ec   0x080046ec   0x00000064   Code   RO         2376    i.TIM_OC4Init       stm32f10x_tim.o
    0x08004750   0x08004750   0x00000014   Code   RO         2378    i.TIM_OC4PreloadConfig  stm32f10x_tim.o
    0x08004764   0x08004764   0x00000004   Code   RO         2395    i.TIM_SetCompare3   stm32f10x_tim.o
    0x08004768   0x08004768   0x00000006   Code   RO         2396    i.TIM_SetCompare4   stm32f10x_tim.o
    0x0800476e   0x0800476e   0x00000002   PAD
    0x08004770   0x08004770   0x0000009c   Code   RO         2403    i.TIM_TimeBaseInit  stm32f10x_tim.o
    0x0800480c   0x0800480c   0x000000ec   Code   RO         5433    i.TaskInit          task.o
    0x080048f8   0x080048f8   0x00000074   Code   RO         3318    i.USART3_IRQHandler  esp8266.o
    0x0800496c   0x0800496c   0x00000006   Code   RO         2851    i.USART_ClearFlag   stm32f10x_usart.o
    0x08004972   0x08004972   0x00000014   Code   RO         2855    i.USART_Cmd         stm32f10x_usart.o
    0x08004986   0x08004986   0x0000000e   Code   RO         2858    i.USART_GetFlagStatus  stm32f10x_usart.o
    0x08004994   0x08004994   0x0000003e   Code   RO         2859    i.USART_GetITStatus  stm32f10x_usart.o
    0x080049d2   0x080049d2   0x00000030   Code   RO         2861    i.USART_ITConfig    stm32f10x_usart.o
    0x08004a02   0x08004a02   0x00000002   PAD
    0x08004a04   0x08004a04   0x000000ac   Code   RO         2862    i.USART_Init        stm32f10x_usart.o
    0x08004ab0   0x08004ab0   0x00000008   Code   RO         2869    i.USART_ReceiveData  stm32f10x_usart.o
    0x08004ab8   0x08004ab8   0x00000008   Code   RO         2872    i.USART_SendData    stm32f10x_usart.o
    0x08004ac0   0x08004ac0   0x000000fc   Code   RO         3245    i.USART_printf      usart.o
    0x08004bbc   0x08004bbc   0x0000005c   Code   RO         5338    i.UrgentDetect      parking_detection_processing.o
    0x08004c18   0x08004c18   0x0000008c   Code   RO         3246    i.UsartInit         usart.o
    0x08004ca4   0x08004ca4   0x000000fc   Code   RO         5434    i.Vehicle_count     task.o
    0x08004da0   0x08004da0   0x000000bc   Code   RO         5435    i.WIFI_thread_entry  task.o
    0x08004e5c   0x08004e5c   0x00000044   Code   RO         4197    i.__rt_ffs          kservice.o
    0x08004ea0   0x08004ea0   0x00000014   Code   RO         3898    i._has_defunct_thread  idle.o
    0x08004eb4   0x08004eb4   0x000000a0   Code   RO         4987    i._msh_exec_cmd     msh.o
    0x08004f54   0x08004f54   0x00000074   Code   RO         4592    i._rt_thread_init   thread.o
    0x08004fc8   0x08004fc8   0x00000026   Code   RO         4711    i._rt_timer_init    timer.o
    0x08004fee   0x08004fee   0x00000020   Code   RO         4712    i._rt_timer_remove  timer.o
    0x0800500e   0x0800500e   0x00000002   PAD
    0x08005010   0x08005010   0x00000110   Code   RO         5233    i.alert             lcd_interface_design.o
    0x08005120   0x08005120   0x000000e8   Code   RO         4808    i.bus_fault_track   cpuport.o
    0x08005208   0x08005208   0x00000068   Code   RO         5339    i.button_process_init  parking_detection_processing.o
    0x08005270   0x08005270   0x00000180   Code   RO         5340    i.button_thread_entry  parking_detection_processing.o
    0x080053f0   0x080053f0   0x0000000a   Code   RO         4988    i.cmd_free          msh.o
    0x080053fa   0x080053fa   0x0000000a   Code   RO         4989    i.cmd_ps            msh.o
    0x08005404   0x08005404   0x000000c8   Code   RO         5436    i.entr_thread_entry  task.o
    0x080054cc   0x080054cc   0x00000080   Code   RO         5437    i.exit_thread_entry  task.o
    0x0800554c   0x0800554c   0x00000060   Code   RO         5052    i.finsh_get_prompt  shell.o
    0x080055ac   0x080055ac   0x00000014   Code   RO         5056    i.finsh_set_prompt_mode  shell.o
    0x080055c0   0x080055c0   0x0000000c   Code   RO         5057    i.finsh_system_function_init  shell.o
    0x080055cc   0x080055cc   0x00000094   Code   RO         5058    i.finsh_system_init  shell.o
    0x08005660   0x08005660   0x0000028c   Code   RO         5060    i.finsh_thread_entry  shell.o
    0x080058ec   0x080058ec   0x00000078   Code   RO         4809    i.hard_fault_track  cpuport.o
    0x08005964   0x08005964   0x00000020   Code   RO         4874    i.hello             cmd.o
    0x08005984   0x08005984   0x00000054   Code   RO         4875    i.list              cmd.o
    0x080059d8   0x080059d8   0x00000130   Code   RO         4876    i.list_event        cmd.o
    0x08005b08   0x08005b08   0x00000024   Code   RO         4877    i.list_find_init    cmd.o
    0x08005b2c   0x08005b2c   0x0000006a   Code   RO         4878    i.list_get_next     cmd.o
    0x08005b96   0x08005b96   0x00000002   PAD
    0x08005b98   0x08005b98   0x00000140   Code   RO         4879    i.list_mailbox      cmd.o
    0x08005cd8   0x08005cd8   0x0000006c   Code   RO         4371    i.list_mem          mem.o
    0x08005d44   0x08005d44   0x0000012c   Code   RO         4880    i.list_msgqueue     cmd.o
    0x08005e70   0x08005e70   0x00000120   Code   RO         4881    i.list_sem          cmd.o
    0x08005f90   0x08005f90   0x000001b8   Code   RO         4882    i.list_thread       cmd.o
    0x08006148   0x08006148   0x00000140   Code   RO         4883    i.list_timer        cmd.o
    0x08006288   0x08006288   0x0000000a   Code   RO         5482    i.main              main.o
    0x08006292   0x08006292   0x0000000e   Code   RO         3820    i.main_thread_entry  components.o
    0x080062a0   0x080062a0   0x000000d8   Code   RO         4810    i.mem_manage_fault_track  cpuport.o
    0x08006378   0x08006378   0x000000ac   Code   RO         4990    i.msh_auto_complete  msh.o
    0x08006424   0x08006424   0x00000064   Code   RO         4991    i.msh_exec          msh.o
    0x08006488   0x08006488   0x0000006c   Code   RO         4992    i.msh_help          msh.o
    0x080064f4   0x080064f4   0x00000004   Code   RO         4993    i.msh_is_used       msh.o
    0x080064f8   0x080064f8   0x000000d0   Code   RO         4994    i.msh_split         msh.o
    0x080065c8   0x080065c8   0x00000018   Code   RO         4884    i.object_split      cmd.o
    0x080065e0   0x080065e0   0x00000054   Code   RO         4372    i.plug_holes        mem.o
    0x08006634   0x08006634   0x0000012c   Code   RO         4199    i.print_number      kservice.o
    0x08006760   0x08006760   0x0000002c   Code   RO         3821    i.rt_application_init  components.o
    0x0800678c   0x0800678c   0x0000001a   Code   RO         4373    i.rt_calloc         mem.o
    0x080067a6   0x080067a6   0x00000002   PAD
    0x080067a8   0x080067a8   0x0000001c   Code   RO         3822    i.rt_components_board_init  components.o
    0x080067c4   0x080067c4   0x0000001c   Code   RO         3823    i.rt_components_init  components.o
    0x080067e0   0x080067e0   0x0000001c   Code   RO         4525    i.rt_enter_critical  scheduler.o
    0x080067fc   0x080067fc   0x00000020   Code   RO         3951    i.rt_event_create   ipc.o
    0x0800681c   0x0800681c   0x000000be   Code   RO         3955    i.rt_event_recv     ipc.o
    0x080068da   0x080068da   0x0000008c   Code   RO         3956    i.rt_event_send     ipc.o
    0x08006966   0x08006966   0x00000002   PAD
    0x08006968   0x08006968   0x00000038   Code   RO         4526    i.rt_exit_critical  scheduler.o
    0x080069a0   0x080069a0   0x000000c4   Code   RO         4374    i.rt_free           mem.o
    0x08006a64   0x08006a64   0x00000008   Code   RO         5506    i.rt_heap_begin_get  board.o
    0x08006a6c   0x08006a6c   0x00000008   Code   RO         5507    i.rt_heap_end_get   board.o
    0x08006a74   0x08006a74   0x0000001e   Code   RO         5508    i.rt_hw_board_init  board.o
    0x08006a92   0x08006a92   0x00000002   PAD
    0x08006a94   0x08006a94   0x00000044   Code   RO         3250    i.rt_hw_console_getchar  usart.o
    0x08006ad8   0x08006ad8   0x0000004c   Code   RO         3251    i.rt_hw_console_output  usart.o
    0x08006b24   0x08006b24   0x000001fc   Code   RO         4814    i.rt_hw_hard_fault_exception  cpuport.o
    0x08006d20   0x08006d20   0x0000003c   Code   RO         4815    i.rt_hw_stack_init  cpuport.o
    0x08006d5c   0x08006d5c   0x0000001c   Code   RO         4170    i.rt_interrupt_enter  irq.o
    0x08006d78   0x08006d78   0x0000001c   Code   RO         4172    i.rt_interrupt_leave  irq.o
    0x08006d94   0x08006d94   0x0000000e   Code   RO         3957    i.rt_ipc_list_resume  ipc.o
    0x08006da2   0x08006da2   0x0000002e   Code   RO         3958    i.rt_ipc_list_resume_all  ipc.o
    0x08006dd0   0x08006dd0   0x00000050   Code   RO         3959    i.rt_ipc_list_suspend  ipc.o
    0x08006e20   0x08006e20   0x00000020   Code   RO         4203    i.rt_kprintf        kservice.o
    0x08006e40   0x08006e40   0x0000000e   Code   RO         4449    i.rt_list_insert_after  object.o
    0x08006e4e   0x08006e4e   0x0000000e   Code   RO         4593    i.rt_list_insert_after  thread.o
    0x08006e5c   0x08006e5c   0x0000000e   Code   RO         4713    i.rt_list_insert_after  timer.o
    0x08006e6a   0x08006e6a   0x0000000e   Code   RO         3960    i.rt_list_insert_before  ipc.o
    0x08006e78   0x08006e78   0x0000000e   Code   RO         3961    i.rt_list_isempty   ipc.o
    0x08006e86   0x08006e86   0x0000000e   Code   RO         4714    i.rt_list_isempty   timer.o
    0x08006e94   0x08006e94   0x0000000e   Code   RO         4885    i.rt_list_isempty   cmd.o
    0x08006ea2   0x08006ea2   0x00000012   Code   RO         4886    i.rt_list_len       cmd.o
    0x08006eb4   0x08006eb4   0x00000012   Code   RO         4450    i.rt_list_remove    object.o
    0x08006ec6   0x08006ec6   0x00000012   Code   RO         4594    i.rt_list_remove    thread.o
    0x08006ed8   0x08006ed8   0x000000f0   Code   RO         4375    i.rt_malloc         mem.o
    0x08006fc8   0x08006fc8   0x0000004a   Code   RO         4207    i.rt_memcpy         kservice.o
    0x08007012   0x08007012   0x0000002e   Code   RO         4208    i.rt_memmove        kservice.o
    0x08007040   0x08007040   0x00000044   Code   RO         4209    i.rt_memset         kservice.o
    0x08007084   0x08007084   0x00000070   Code   RO         3971    i.rt_mq_create      ipc.o
    0x080070f4   0x080070f4   0x0000001a   Code   RO         3972    i.rt_mq_delete      ipc.o
    0x0800710e   0x0800710e   0x000000e4   Code   RO         3975    i.rt_mq_recv        ipc.o
    0x080071f2   0x080071f2   0x00000084   Code   RO         3976    i.rt_mq_send        ipc.o
    0x08007276   0x08007276   0x0000007e   Code   RO         3977    i.rt_mq_urgent      ipc.o
    0x080072f4   0x080072f4   0x0000004c   Code   RO         4451    i.rt_object_allocate  object.o
    0x08007340   0x08007340   0x00000026   Code   RO         4452    i.rt_object_delete  object.o
    0x08007366   0x08007366   0x00000020   Code   RO         4453    i.rt_object_detach  object.o
    0x08007386   0x08007386   0x00000002   PAD
    0x08007388   0x08007388   0x00000024   Code   RO         4455    i.rt_object_get_information  object.o
    0x080073ac   0x080073ac   0x00000050   Code   RO         4457    i.rt_object_init    object.o
    0x080073fc   0x080073fc   0x0000000e   Code   RO         4458    i.rt_object_is_systemobject  object.o
    0x0800740a   0x0800740a   0x00000002   PAD
    0x0800740c   0x0800740c   0x00000058   Code   RO         4527    i.rt_schedule       scheduler.o
    0x08007464   0x08007464   0x00000050   Code   RO         4528    i.rt_schedule_insert_thread  scheduler.o
    0x080074b4   0x080074b4   0x0000004c   Code   RO         4529    i.rt_schedule_remove_thread  scheduler.o
    0x08007500   0x08007500   0x00000020   Code   RO         3979    i.rt_sem_create     ipc.o
    0x08007520   0x08007520   0x00000024   Code   RO         3982    i.rt_sem_init       ipc.o
    0x08007544   0x08007544   0x0000003c   Code   RO         3983    i.rt_sem_release    ipc.o
    0x08007580   0x08007580   0x0000006e   Code   RO         3984    i.rt_sem_take       ipc.o
    0x080075ee   0x080075ee   0x00000002   PAD
    0x080075f0   0x080075f0   0x000000b0   Code   RO         4211    i.rt_show_version   kservice.o
    0x080076a0   0x080076a0   0x00000010   Code   RO         4217    i.rt_strlen         kservice.o
    0x080076b0   0x080076b0   0x00000026   Code   RO         4219    i.rt_strncpy        kservice.o
    0x080076d6   0x080076d6   0x00000002   PAD
    0x080076d8   0x080076d8   0x000000b0   Code   RO         4378    i.rt_system_heap_init  mem.o
    0x08007788   0x08007788   0x00000034   Code   RO         4530    i.rt_system_scheduler_init  scheduler.o
    0x080077bc   0x080077bc   0x00000028   Code   RO         4531    i.rt_system_scheduler_start  scheduler.o
    0x080077e4   0x080077e4   0x00000018   Code   RO         4715    i.rt_system_timer_init  timer.o
    0x080077fc   0x080077fc   0x00000002   Code   RO         4716    i.rt_system_timer_thread_init  timer.o
    0x080077fe   0x080077fe   0x00000048   Code   RO         4596    i.rt_thread_create  thread.o
    0x08007846   0x08007846   0x00000002   PAD
    0x08007848   0x08007848   0x00000058   Code   RO         4600    i.rt_thread_exit    thread.o
    0x080078a0   0x080078a0   0x0000001c   Code   RO         3900    i.rt_thread_idle_entry  idle.o
    0x080078bc   0x080078bc   0x00000078   Code   RO         3901    i.rt_thread_idle_excute  idle.o
    0x08007934   0x08007934   0x00000038   Code   RO         3903    i.rt_thread_idle_init  idle.o
    0x0800796c   0x0800796c   0x00000030   Code   RO         4602    i.rt_thread_init    thread.o
    0x0800799c   0x0800799c   0x0000000e   Code   RO         4603    i.rt_thread_mdelay  thread.o
    0x080079aa   0x080079aa   0x0000003c   Code   RO         4604    i.rt_thread_resume  thread.o
    0x080079e6   0x080079e6   0x00000002   PAD
    0x080079e8   0x080079e8   0x0000000c   Code   RO         4605    i.rt_thread_self    thread.o
    0x080079f4   0x080079f4   0x00000040   Code   RO         4606    i.rt_thread_sleep   thread.o
    0x08007a34   0x08007a34   0x0000002c   Code   RO         4607    i.rt_thread_startup  thread.o
    0x08007a60   0x08007a60   0x00000042   Code   RO         4608    i.rt_thread_suspend  thread.o
    0x08007aa2   0x08007aa2   0x00000020   Code   RO         4609    i.rt_thread_timeout  thread.o
    0x08007ac2   0x08007ac2   0x00000002   PAD
    0x08007ac4   0x08007ac4   0x00000060   Code   RO         4610    i.rt_thread_yield   thread.o
    0x08007b24   0x08007b24   0x00000032   Code   RO         3782    i.rt_tick_from_millisecond  clock.o
    0x08007b56   0x08007b56   0x00000002   PAD
    0x08007b58   0x08007b58   0x0000000c   Code   RO         3783    i.rt_tick_get       clock.o
    0x08007b64   0x08007b64   0x0000002c   Code   RO         3784    i.rt_tick_increase  clock.o
    0x08007b90   0x08007b90   0x0000006c   Code   RO         4717    i.rt_timer_check    timer.o
    0x08007bfc   0x08007bfc   0x00000030   Code   RO         4718    i.rt_timer_control  timer.o
    0x08007c2c   0x08007c2c   0x0000002e   Code   RO         4719    i.rt_timer_create   timer.o
    0x08007c5a   0x08007c5a   0x00000020   Code   RO         4721    i.rt_timer_detach   timer.o
    0x08007c7a   0x08007c7a   0x00000028   Code   RO         4722    i.rt_timer_init     timer.o
    0x08007ca2   0x08007ca2   0x00000002   PAD
    0x08007ca4   0x08007ca4   0x000000a0   Code   RO         4724    i.rt_timer_start    timer.o
    0x08007d44   0x08007d44   0x0000002e   Code   RO         4725    i.rt_timer_stop     timer.o
    0x08007d72   0x08007d72   0x00000002   PAD
    0x08007d74   0x08007d74   0x00000264   Code   RO         4222    i.rt_vsnprintf      kservice.o
    0x08007fd8   0x08007fd8   0x00000004   Code   RO         3824    i.rti_board_end     components.o
    0x08007fdc   0x08007fdc   0x00000004   Code   RO         3825    i.rti_board_start   components.o
    0x08007fe0   0x08007fe0   0x00000004   Code   RO         3826    i.rti_end           components.o
    0x08007fe4   0x08007fe4   0x00000004   Code   RO         3827    i.rti_start         components.o
    0x08007fe8   0x08007fe8   0x0000002a   Code   RO         3828    i.rtthread_startup  components.o
    0x08008012   0x08008012   0x00000002   PAD
    0x08008014   0x08008014   0x00000030   Code   RO         4887    i.show_wait_queue   cmd.o
    0x08008044   0x08008044   0x00000028   Code   RO         4224    i.skip_atoi         kservice.o
    0x0800806c   0x0800806c   0x000000d0   Code   RO         4816    i.usage_fault_track  cpuport.o
    0x0800813c   0x0800813c   0x0000000a   Code   RO         4888    i.version           cmd.o
    0x08008146   0x08008146   0x00000002   PAD
    0x08008148   0x08008148   0x00000150   Code   RO         5621    x$fpl$dadd          fz_ws.l(daddsub_clz.o)
    0x08008298   0x08008298   0x0000005a   Code   RO         5627    x$fpl$dfixu         fz_ws.l(dfixu.o)
    0x080082f2   0x080082f2   0x00000026   Code   RO         5631    x$fpl$dfltu         fz_ws.l(dflt_clz.o)
    0x08008318   0x08008318   0x00000154   Code   RO         5637    x$fpl$dmul          fz_ws.l(dmul.o)
    0x0800846c   0x0800846c   0x0000009c   Code   RO         5649    x$fpl$dnaninf       fz_ws.l(dnaninf.o)
    0x08008508   0x08008508   0x0000000c   Code   RO         5651    x$fpl$dretinf       fz_ws.l(dretinf.o)
    0x08008514   0x08008514   0x000001d4   Code   RO         5623    x$fpl$dsub          fz_ws.l(daddsub_clz.o)
    0x080086e8   0x080086e8   0x00000000   Code   RO         5653    x$fpl$usenofp       fz_ws.l(usenofp.o)
    0x080086e8   0x080086e8   0x00000122   Data   RO         4226    .constdata          kservice.o
    0x0800880a   0x0800880a   0x00000009   Data   RO         4380    .constdata          mem.o
    0x08008813   0x08008813   0x00000006   Data   RO         4889    .constdata          cmd.o
    0x08008819   0x08008819   0x00000008   Data   RO         4890    .constdata          cmd.o
    0x08008821   0x08008821   0x0000000e   Data   RO         4891    .constdata          cmd.o
    0x0800882f   0x0800882f   0x0000000c   Data   RO         4892    .constdata          cmd.o
    0x0800883b   0x0800883b   0x00000012   Data   RO         4893    .constdata          cmd.o
    0x0800884d   0x0800884d   0x00000009   Data   RO         4894    .constdata          cmd.o
    0x08008856   0x08008856   0x0000000f   Data   RO         4895    .constdata          cmd.o
    0x08008865   0x08008865   0x0000000b   Data   RO         4896    .constdata          cmd.o
    0x08008870   0x08008870   0x00000011   Data   RO         4897    .constdata          cmd.o
    0x08008881   0x08008881   0x0000000d   Data   RO         4898    .constdata          cmd.o
    0x0800888e   0x0800888e   0x00000013   Data   RO         4899    .constdata          cmd.o
    0x080088a1   0x080088a1   0x0000000e   Data   RO         4900    .constdata          cmd.o
    0x080088af   0x080088af   0x00000014   Data   RO         4901    .constdata          cmd.o
    0x080088c3   0x080088c3   0x0000000b   Data   RO         4902    .constdata          cmd.o
    0x080088ce   0x080088ce   0x00000011   Data   RO         4903    .constdata          cmd.o
    0x080088df   0x080088df   0x00000005   Data   RO         4904    .constdata          cmd.o
    0x080088e4   0x080088e4   0x0000000b   Data   RO         4995    .constdata          msh.o
    0x080088ef   0x080088ef   0x00000009   Data   RO         4996    .constdata          msh.o
    0x080088f8   0x080088f8   0x0000000b   Data   RO         4997    .constdata          msh.o
    0x08008903   0x08008903   0x000018ae   Data   RO         5143    .constdata          lcd_basic_application.o
    0x0800a1b1   0x0800a1b1   0x00000e2e   Data   RO         5269    .constdata          license_plate_recognition.o
    0x0800afdf   0x0800afdf   0x00000001   PAD
    0x0800afe0   0x0800afe0   0x00000044   Data   RO         4905    .conststring        cmd.o
    0x0800b024   0x0800b024   0x0000003d   Data   RO         5438    .conststring        task.o
    0x0800b061   0x0800b061   0x00000003   PAD
    0x0800b064   0x0800b064   0x00000004   Data   RO         3829    .rti_fn.0           components.o
    0x0800b068   0x0800b068   0x00000004   Data   RO         3830    .rti_fn.0.end       components.o
    0x0800b06c   0x0800b06c   0x00000004   Data   RO         3831    .rti_fn.1.end       components.o
    0x0800b070   0x0800b070   0x00000004   Data   RO         3441    .rti_fn.6           lcd.o
    0x0800b074   0x0800b074   0x00000004   Data   RO         5063    .rti_fn.6           shell.o
    0x0800b078   0x0800b078   0x00000004   Data   RO         5343    .rti_fn.6           parking_detection_processing.o
    0x0800b07c   0x0800b07c   0x00000004   Data   RO         3832    .rti_fn.6.end       components.o
    0x0800b080   0x0800b080   0x00000008   Data   RO         4382    FSymTab             mem.o
    0x0800b088   0x0800b088   0x00000080   Data   RO         4906    FSymTab             cmd.o
    0x0800b108   0x0800b108   0x00000018   Data   RO         4998    FSymTab             msh.o
    0x0800b120   0x0800b120   0x00000020   Data   RO         5810    Region$$Table       anon$$obj.o


    Execution Region RW_IRAM1 (Exec base: 0x20000000, Load base: 0x0800b140, Size: 0x0000cc20, Max: 0x00010000, ABSOLUTE, COMPRESSED[0x00000144])

    Exec Addr    Load Addr    Size         Type   Attr      Idx    E Section Name        Object

    0x20000000   COMPRESSED   0x00000014   Data   RW           20    .data               system_stm32f10x.o
    0x20000014   COMPRESSED   0x00000014   Data   RW         1731    .data               stm32f10x_rcc.o
    0x20000028   COMPRESSED   0x00000001   Data   RW         3320    .data               esp8266.o
    0x20000029   COMPRESSED   0x00000001   PAD
    0x2000002a   COMPRESSED   0x00000002   Data   RW         3438    .data               lcd.o
    0x2000002c   COMPRESSED   0x00000002   Data   RW         3439    .data               lcd.o
    0x2000002e   COMPRESSED   0x0000009c   Data   RW         3515    .data               ov7725_entrance.o
    0x200000ca   COMPRESSED   0x0000009c   Data   RW         3589    .data               ov7725_exit.o
    0x20000166   COMPRESSED   0x00000002   PAD
    0x20000168   COMPRESSED   0x00000004   Data   RW         3786    .data               clock.o
    0x2000016c   COMPRESSED   0x00000001   Data   RW         4173    .data               irq.o
    0x2000016d   COMPRESSED   0x00000003   PAD
    0x20000170   COMPRESSED   0x00000018   Data   RW         4381    .data               mem.o
    0x20000188   COMPRESSED   0x00000060   Data   RW         4460    .data               object.o
    0x200001e8   COMPRESSED   0x00000014   Data   RW         4533    .data               scheduler.o
    0x200001fc   COMPRESSED   0x0000000c   Data   RW         4726    .data               timer.o
    0x20000208   COMPRESSED   0x00000004   Data   RW         4817    .data               cpuport.o
    0x2000020c   COMPRESSED   0x00000004   Data   RW         4818    .data               cpuport.o
    0x20000210   COMPRESSED   0x00000004   Data   RW         4819    .data               cpuport.o
    0x20000214   COMPRESSED   0x00000004   Data   RW         4820    .data               cpuport.o
    0x20000218   COMPRESSED   0x00000018   Data   RW         5062    .data               shell.o
    0x20000230   COMPRESSED   0x00000010   Data   RW         5270    .data               license_plate_recognition.o
    0x20000240   COMPRESSED   0x00000011   Data   RW         5342    .data               parking_detection_processing.o
    0x20000251   COMPRESSED   0x00000003   PAD
    0x20000254   COMPRESSED   0x000000a0   Data   RW         5439    .data               task.o
    0x200002f4   COMPRESSED   0x00000004   Data   RW         5485    .data               main.o
    0x200002f8   COMPRESSED   0x00000004   Data   RW         5486    .data               main.o
    0x200002fc   COMPRESSED   0x00000004   Data   RW         5487    .data               main.o
    0x20000300   COMPRESSED   0x00000004   Data   RW         5488    .data               main.o
    0x20000304        -       0x00000402   Zero   RW         3319    .bss                esp8266.o
    0x20000706        -       0x0000000e   Zero   RW         3437    .bss                lcd.o
    0x20000714        -       0x000001a0   Zero   RW         3905    .bss                idle.o
    0x200008b4        -       0x00000080   Zero   RW         4225    .bss                kservice.o
    0x20000934        -       0x00000028   Zero   RW         4379    .bss                mem.o
    0x2000095c        -       0x00000040   Zero   RW         4532    .bss                scheduler.o
    0x2000099c        -       0x00000081   Zero   RW         5061    .bss                shell.o
    0x20000a1d        -       0x00003b2e   Zero   RW         5268    .bss                license_plate_recognition.o
    0x2000454b   COMPRESSED   0x00000001   PAD
    0x2000454c        -       0x00000070   Zero   RW         5341    .bss                parking_detection_processing.o
    0x200045bc        -       0x00008000   Zero   RW         5509    .bss                board.o
    0x2000c5bc        -       0x00000060   Zero   RW         5682    .bss                c_w.l(libspace.o)
    0x2000c61c   COMPRESSED   0x00000004   PAD
    0x2000c620        -       0x00000200   Zero   RW          126    HEAP                startup_stm32f10x_hd.o
    0x2000c820        -       0x00000400   Zero   RW          125    STACK               startup_stm32f10x_hd.o


==============================================================================

Image component sizes


      Code (inc. data)   RO Data    RW Data    ZI Data      Debug   Object Name

        64          8          0          0      32768       2559   board.o
       106         12          0          4          0       1840   clock.o
      2344        874        405          0          0      17215   cmd.o
       182         30         16          0          0       5842   components.o
       244         26          0          0          0        788   context_rvds.o
         0          0          0          0          0       4540   core_cm3.o
      1344        720          0         16          0       5638   cpuport.o
      1240        288          0          1       1026       9863   esp8266.o
       224         28          0          0        416       5734   idle.o
        64         10          0          0          0        556   infrared_barrier.o
      1392          0          0          0          0      16294   ipc.o
        56         12          0          1          0       1614   irq.o
        42          0          0          0          0       9952   iwdg.o
      1470        160        290          0        128      12001   kservice.o
       560         84          4          4         14       8845   lcd.o
      2604        112       6318          0          0      16596   lcd_basic_application.o
      1316        178          0          0          0       2340   lcd_interface_design.o
      3128        236       3630         16      15150      11790   license_plate_recognition.o
        10          0          0         16          0        939   main.o
       830        250         17         24         40       5206   mem.o
       120         16          0          0          0       1595   misc.o
       772        154         55          0          0       8513   msh.o
       308          6          0         96          0       8364   object.o
      1108         66          0        156          0       7868   ov7725_entrance.o
      1096         60          0        156          0       7788   ov7725_exit.o
       720         32          0          0          0       5549   ov7725sccb_entrance.o
       724         34          0          0          0       5552   ov7725sccb_exit.o
      2094        342          4         17        112      12778   parking_detection_processing.o
       180         12          0          0          0       1515   pwm.o
       420         58          0         20         64       8166   scheduler.o
       928        138          4         24        129       9184   shell.o
        36          4          0          0          0        513   smoke_sensor.o
        64         26        304          0       1536        800   startup_stm32f10x_hd.o
       172         20          0          0          0       2839   stm32f10x_exti.o
       232          6          0          0          0       1933   stm32f10x_fsmc.o
       218          6          0          0          0       4462   stm32f10x_gpio.o
        68         30          0          0          0       2534   stm32f10x_iwdg.o
       220         34          0         20          0       5178   stm32f10x_rcc.o
       442         60          0          0          0       6670   stm32f10x_tim.o
       338          6          0          0          0       7055   stm32f10x_usart.o
       166          0          0          0          0       1426   system.o
       248         24          0         20          0     260365   system_stm32f10x.o
        56          8          0          0          0      15661   systick.o
      1112        246         61        160          0       5076   task.o
       744         40          0          0          0      11835   thread.o
       604         18          0         12          0      11678   timer.o
       536         18          0          0          0       3630   usart.o

    ----------------------------------------------------------------------
     30998       4492      11144        772      51384     558679   Object Totals
         0          0         32          0          0          0   (incl. Generated)
        52          0          4          9          1          0   (incl. Padding)

    ----------------------------------------------------------------------

      Code (inc. data)   RO Data    RW Data    ZI Data      Debug   Library Member Name

        90          0          0          0          0          0   __dczerorl2.o
         8          0          0          0          0         68   __main.o
       104          0          0          0          0         84   __printf.o
         0          0          0          0          0          0   __rtentry.o
        12          0          0          0          0          0   __rtentry2.o
         6          0          0          0          0          0   __rtentry4.o
        52          8          0          0          0          0   __scatter.o
        28          0          0          0          0          0   __scatter_zi.o
         6          0          0          0          0          0   _printf_c.o
        44          0          0          0          0        108   _printf_char.o
        48          6          0          0          0         96   _printf_char_common.o
         6          0          0          0          0          0   _printf_d.o
       120         16          0          0          0         92   _printf_dec.o
       178          0          0          0          0         88   _printf_intcommon.o
         0          0          0          0          0          0   _printf_percent.o
         4          0          0          0          0          0   _printf_percent_end.o
         6          0          0          0          0          0   _printf_s.o
        82          0          0          0          0         80   _printf_str.o
        10          0          0          0          0         68   _sputc.o
        18          0          0          0          0         80   exit.o
         6          0          0          0          0        152   heapauxi.o
         0          0          0          0          0          0   indicate_semi.o
         2          0          0          0          0          0   libinit.o
         2          0          0          0          0          0   libinit2.o
         2          0          0          0          0          0   libshutdown.o
         2          0          0          0          0          0   libshutdown2.o
         8          4          0          0         96         68   libspace.o
        40          6          0          0          0         84   noretval__2sprintf.o
        68          0          0          0          0         68   rt_memclr.o
        78          0          0          0          0         80   rt_memclr_w.o
       100          0          0          0          0         80   rt_memcpy_w.o
         2          0          0          0          0          0   rtexit.o
        10          0          0          0          0          0   rtexit2.o
        24          0          0          0          0         68   strcat.o
       128          0          0          0          0         68   strcmpv7m.o
        72          0          0          0          0         80   strcpy.o
        62          0          0          0          0         76   strlen.o
       150          0          0          0          0         80   strncmp.o
        86          0          0          0          0         76   strncpy.o
        36          0          0          0          0         80   strstr.o
        12          4          0          0          0         68   sys_exit.o
        74          0          0          0          0         80   sys_stackheap_outer.o
         2          0          0          0          0         68   use_no_semi.o
       804         16          0          0          0        272   daddsub_clz.o
        90          4          0          0          0         92   dfixu.o
        38          0          0          0          0         68   dflt_clz.o
       340         12          0          0          0        104   dmul.o
       156          4          0          0          0         92   dnaninf.o
        12          0          0          0          0         68   dretinf.o
         0          0          0          0          0          0   usenofp.o

    ----------------------------------------------------------------------
      3234         80          0          0        100       2736   Library Totals
         6          0          0          0          4          0   (incl. Padding)

    ----------------------------------------------------------------------

      Code (inc. data)   RO Data    RW Data    ZI Data      Debug   Library Name

      1788         44          0          0         96       2040   c_w.l
      1440         36          0          0          0        696   fz_ws.l

    ----------------------------------------------------------------------
      3234         80          0          0        100       2736   Library Totals

    ----------------------------------------------------------------------

==============================================================================


      Code (inc. data)   RO Data    RW Data    ZI Data      Debug   

     34232       4572      11144        772      51484     544667   Grand Totals
     34232       4572      11144        324      51484     544667   ELF Image Totals (compressed)
     34232       4572      11144        324          0          0   ROM Totals

==============================================================================

    Total RO  Size (Code + RO Data)                45376 (  44.31kB)
    Total RW  Size (RW Data + ZI Data)             52256 (  51.03kB)
    Total ROM Size (Code + RO Data + RW Data)      45700 (  44.63kB)

==============================================================================

